lint + type check + tests (py3.13)	UNKNOWN STEP	锘?026-09-24T16:28:39.9920739Z Current runner version: '2.337.0'
lint + type check + tests (py3.13)	UNKNOWN STEP	2026-09-24T16:28:39.9946262Z ##[group]Runner Image Provisioner
lint + type check + tests (py3.13)	UNKNOWN STEP	2026-09-24T16:28:39.9947160Z Hosted Compute Agent
lint + type check + tests (py3.13)	UNKNOWN STEP	2026-09-24T16:28:39.9947775Z Version: 20260828.587
lint + type check + tests (py3.13)	UNKNOWN STEP	2026-09-24T16:28:39.9948784Z Commit: abac92662cab4cc7352de4f9f9d2e2419aad9c29
lint + type check + tests (py3.13)	UNKNOWN STEP	2026-09-24T16:28:39.9949690Z Build Date: 2026-08-28T16:44:25Z
lint + type check + tests (py3.13)	UNKNOWN STEP	2026-09-24T16:28:39.9950408Z Worker ID: {2ea398f0-04cc-4d20-89e5-f15798ea2de0}
lint + type check + tests (py3.13)	UNKNOWN STEP	2026-09-24T16:28:39.9951214Z Azure Region: centralus
lint + type check + tests (py3.13)	UNKNOWN STEP	2026-09-24T16:28:39.9951795Z ##[endgroup]
lint + type check + tests (py3.13)	UNKNOWN STEP	2026-09-24T16:28:39.9953323Z ##[group]Operating System
lint + type check + tests (py3.13)	UNKNOWN STEP	2026-09-24T16:28:39.9954045Z Ubuntu
lint + type check + tests (py3.13)	UNKNOWN STEP	2026-09-24T16:28:39.9954561Z 24.04.5
lint + type check + tests (py3.13)	UNKNOWN STEP	2026-09-24T16:28:39.9955095Z LTS
lint + type check + tests (py3.13)	UNKNOWN STEP	2026-09-24T16:28:39.9955646Z ##[endgroup]
lint + type check + tests (py3.13)	UNKNOWN STEP	2026-09-24T16:28:39.9956186Z ##[group]Runner Image
lint + type check + tests (py3.13)	UNKNOWN STEP	2026-09-24T16:28:39.9956900Z Image: ubuntu-24.04
lint + type check + tests (py3.13)	UNKNOWN STEP	2026-09-24T16:28:39.9957516Z Version: 20260920.314.1
lint + type check + tests (py3.13)	UNKNOWN STEP	2026-09-24T16:28:39.9959028Z Included Software: https://github.com/actions/runner-images/blob/ubuntu24/20260920.314/images/ubuntu/Ubuntu2404-Readme.md
lint + type check + tests (py3.13)	UNKNOWN STEP	2026-09-24T16:28:39.9960567Z Image Release: https://github.com/actions/runner-images/releases/tag/ubuntu24%2F20260920.314
lint + type check + tests (py3.13)	UNKNOWN STEP	2026-09-24T16:28:39.9961617Z ##[endgroup]
lint + type check + tests (py3.13)	UNKNOWN STEP	2026-09-24T16:28:39.9962756Z ##[group]GITHUB_TOKEN Permissions
lint + type check + tests (py3.13)	UNKNOWN STEP	2026-09-24T16:28:39.9965305Z Contents: read
lint + type check + tests (py3.13)	UNKNOWN STEP	2026-09-24T16:28:39.9965907Z Metadata: read
lint + type check + tests (py3.13)	UNKNOWN STEP	2026-09-24T16:28:39.9966524Z Packages: read
lint + type check + tests (py3.13)	UNKNOWN STEP	2026-09-24T16:28:39.9967095Z ##[endgroup]
lint + type check + tests (py3.13)	UNKNOWN STEP	2026-09-24T16:28:39.9969783Z Secret source: Actions
lint + type check + tests (py3.13)	UNKNOWN STEP	2026-09-24T16:28:39.9970858Z Cache mode: write
lint + type check + tests (py3.13)	UNKNOWN STEP	2026-09-24T16:28:39.9971887Z Prepare workflow directory
lint + type check + tests (py3.13)	UNKNOWN STEP	2026-09-24T16:28:40.0309942Z Prepare all required actions
lint + type check + tests (py3.13)	UNKNOWN STEP	2026-09-24T16:28:40.0359442Z Getting action download info
lint + type check + tests (py3.13)	UNKNOWN STEP	2026-09-24T16:28:40.3129976Z Download action repository 'actions/checkout@v4' (SHA:11d5960a326750d5838078e36cf38b85af677262)
lint + type check + tests (py3.13)	UNKNOWN STEP	2026-09-24T16:28:40.3988146Z Download action repository 'actions/setup-python@v5' (SHA:a26af69be951a213d495a4c3e4e4022e16d87065)
lint + type check + tests (py3.13)	UNKNOWN STEP	2026-09-24T16:28:40.5784910Z Complete job name: lint + type check + tests (py3.13)
lint + type check + tests (py3.13)	UNKNOWN STEP	2026-09-24T16:28:40.6553877Z ##[group]Run actions/checkout@v4
lint + type check + tests (py3.13)	UNKNOWN STEP	2026-09-24T16:28:40.6554780Z with:
lint + type check + tests (py3.13)	UNKNOWN STEP	2026-09-24T16:28:40.6555199Z   fetch-depth: 0
lint + type check + tests (py3.13)	UNKNOWN STEP	2026-09-24T16:28:40.6555658Z   repository: liq87917-boop/XAUUSD
lint + type check + tests (py3.13)	UNKNOWN STEP	2026-09-24T16:28:40.6559896Z   token: ***
lint + type check + tests (py3.13)	UNKNOWN STEP	2026-09-24T16:28:40.6560332Z   ssh-strict: true
lint + type check + tests (py3.13)	UNKNOWN STEP	2026-09-24T16:28:40.6560764Z   ssh-user: git
lint + type check + tests (py3.13)	UNKNOWN STEP	2026-09-24T16:28:40.6561216Z   persist-credentials: true
lint + type check + tests (py3.13)	UNKNOWN STEP	2026-09-24T16:28:40.6561703Z   clean: true
lint + type check + tests (py3.13)	UNKNOWN STEP	2026-09-24T16:28:40.6562143Z   sparse-checkout-cone-mode: true
lint + type check + tests (py3.13)	UNKNOWN STEP	2026-09-24T16:28:40.6562654Z   fetch-tags: false
lint + type check + tests (py3.13)	UNKNOWN STEP	2026-09-24T16:28:40.6563098Z   show-progress: true
lint + type check + tests (py3.13)	UNKNOWN STEP	2026-09-24T16:28:40.6563541Z   lfs: false
lint + type check + tests (py3.13)	UNKNOWN STEP	2026-09-24T16:28:40.6563950Z   submodules: false
lint + type check + tests (py3.13)	UNKNOWN STEP	2026-09-24T16:28:40.6564451Z   set-safe-directory: true
lint + type check + tests (py3.13)	UNKNOWN STEP	2026-09-24T16:28:40.6564954Z   allow-unsafe-pr-checkout: false
lint + type check + tests (py3.13)	UNKNOWN STEP	2026-09-24T16:28:40.6565781Z ##[endgroup]
lint + type check + tests (py3.13)	UNKNOWN STEP	2026-09-24T16:28:40.7549995Z Syncing repository: liq87917-boop/XAUUSD
lint + type check + tests (py3.13)	UNKNOWN STEP	2026-09-24T16:28:40.7552816Z ##[group]Getting Git version info
lint + type check + tests (py3.13)	UNKNOWN STEP	2026-09-24T16:28:40.7554124Z Working directory is '/home/runner/work/XAUUSD/XAUUSD'
lint + type check + tests (py3.13)	UNKNOWN STEP	2026-09-24T16:28:40.7557038Z [command]/usr/bin/git version
lint + type check + tests (py3.13)	UNKNOWN STEP	2026-09-24T16:28:40.7667058Z git version 2.55.0
lint + type check + tests (py3.13)	UNKNOWN STEP	2026-09-24T16:28:40.7689390Z ##[endgroup]
lint + type check + tests (py3.13)	UNKNOWN STEP	2026-09-24T16:28:40.7705550Z Temporarily overriding HOME='/home/runner/work/_temp/d99c5d3e-3f80-4c13-a7fc-d88cd714891a' before making global git config changes
lint + type check + tests (py3.13)	UNKNOWN STEP	2026-09-24T16:28:40.7708584Z Adding repository directory to the temporary git global config as a safe directory
lint + type check + tests (py3.13)	UNKNOWN STEP	2026-09-24T16:28:40.7719571Z [command]/usr/bin/git config --global --add safe.directory /home/runner/work/XAUUSD/XAUUSD
lint + type check + tests (py3.13)	UNKNOWN STEP	2026-09-24T16:28:40.7764711Z Deleting the contents of '/home/runner/work/XAUUSD/XAUUSD'
lint + type check + tests (py3.13)	UNKNOWN STEP	2026-09-24T16:28:40.7771143Z ##[group]Initializing the repository
lint + type check + tests (py3.13)	UNKNOWN STEP	2026-09-24T16:28:40.7774624Z [command]/usr/bin/git init /home/runner/work/XAUUSD/XAUUSD
lint + type check + tests (py3.13)	UNKNOWN STEP	2026-09-24T16:28:40.7865905Z hint: Using 'master' as the name for the initial branch. This default branch name
lint + type check + tests (py3.13)	UNKNOWN STEP	2026-09-24T16:28:40.7867779Z hint: will change to "main" in Git 3.0. To configure the initial branch name
lint + type check + tests (py3.13)	UNKNOWN STEP	2026-09-24T16:28:40.7869436Z hint: to use in all of your new repositories, which will suppress this warning,
lint + type check + tests (py3.13)	UNKNOWN STEP	2026-09-24T16:28:40.7870193Z hint: call:
lint + type check + tests (py3.13)	UNKNOWN STEP	2026-09-24T16:28:40.7870601Z hint:
lint + type check + tests (py3.13)	UNKNOWN STEP	2026-09-24T16:28:40.7871110Z hint: 	git config --global init.defaultBranch <name>
lint + type check + tests (py3.13)	UNKNOWN STEP	2026-09-24T16:28:40.7871709Z hint:
lint + type check + tests (py3.13)	UNKNOWN STEP	2026-09-24T16:28:40.7872282Z hint: Names commonly chosen instead of 'master' are 'main', 'trunk' and
lint + type check + tests (py3.13)	UNKNOWN STEP	2026-09-24T16:28:40.7873202Z hint: 'development'. The just-created branch can be renamed via this command:
lint + type check + tests (py3.13)	UNKNOWN STEP	2026-09-24T16:28:40.7873919Z hint:
lint + type check + tests (py3.13)	UNKNOWN STEP	2026-09-24T16:28:40.7874324Z hint: 	git branch -m <name>
lint + type check + tests (py3.13)	UNKNOWN STEP	2026-09-24T16:28:40.7874784Z hint:
lint + type check + tests (py3.13)	UNKNOWN STEP	2026-09-24T16:28:40.7875400Z hint: Disable this message with "git config set advice.defaultBranchName false"
lint + type check + tests (py3.13)	UNKNOWN STEP	2026-09-24T16:28:40.7881399Z Initialized empty Git repository in /home/runner/work/XAUUSD/XAUUSD/.git/
lint + type check + tests (py3.13)	UNKNOWN STEP	2026-09-24T16:28:40.7892803Z [command]/usr/bin/git remote add origin https://github.com/liq87917-boop/XAUUSD
lint + type check + tests (py3.13)	UNKNOWN STEP	2026-09-24T16:28:40.7945261Z ##[endgroup]
lint + type check + tests (py3.13)	UNKNOWN STEP	2026-09-24T16:28:40.7946794Z ##[group]Disabling automatic garbage collection
lint + type check + tests (py3.13)	UNKNOWN STEP	2026-09-24T16:28:40.7949822Z [command]/usr/bin/git config --local gc.auto 0
lint + type check + tests (py3.13)	UNKNOWN STEP	2026-09-24T16:28:40.7985229Z ##[endgroup]
lint + type check + tests (py3.13)	UNKNOWN STEP	2026-09-24T16:28:40.7986944Z ##[group]Setting up auth
lint + type check + tests (py3.13)	UNKNOWN STEP	2026-09-24T16:28:40.7994237Z [command]/usr/bin/git config --local --name-only --get-regexp core\.sshCommand
lint + type check + tests (py3.13)	UNKNOWN STEP	2026-09-24T16:28:40.8040997Z [command]/usr/bin/git submodule foreach --recursive sh -c "git config --local --name-only --get-regexp 'core\.sshCommand' && git config --local --unset-all 'core.sshCommand' || :"
lint + type check + tests (py3.13)	UNKNOWN STEP	2026-09-24T16:28:40.8400140Z [command]/usr/bin/git config --local --name-only --get-regexp http\.https\:\/\/github\.com\/\.extraheader
lint + type check + tests (py3.13)	UNKNOWN STEP	2026-09-24T16:28:40.8444983Z [command]/usr/bin/git submodule foreach --recursive sh -c "git config --local --name-only --get-regexp 'http\.https\:\/\/github\.com\/\.extraheader' && git config --local --unset-all 'http.https://github.com/.extraheader' || :"
lint + type check + tests (py3.13)	UNKNOWN STEP	2026-09-24T16:28:40.8679770Z [command]/usr/bin/git config --local --name-only --get-regexp ^includeIf\.gitdir:
lint + type check + tests (py3.13)	UNKNOWN STEP	2026-09-24T16:28:40.8715245Z [command]/usr/bin/git submodule foreach --recursive git config --local --show-origin --name-only --get-regexp remote.origin.url
lint + type check + tests (py3.13)	UNKNOWN STEP	2026-09-24T16:28:40.8947405Z [command]/usr/bin/git config --local http.https://github.com/.extraheader AUTHORIZATION: basic ***
lint + type check + tests (py3.13)	UNKNOWN STEP	2026-09-24T16:28:40.8989438Z ##[endgroup]
lint + type check + tests (py3.13)	UNKNOWN STEP	2026-09-24T16:28:40.8990514Z ##[group]Fetching the repository
lint + type check + tests (py3.13)	UNKNOWN STEP	2026-09-24T16:28:40.9000022Z [command]/usr/bin/git -c protocol.version=2 fetch --prune --no-recurse-submodules origin +refs/heads/*:refs/remotes/origin/* +refs/tags/*:refs/tags/*
lint + type check + tests (py3.13)	UNKNOWN STEP	2026-09-24T16:28:42.0646130Z From https://github.com/liq87917-boop/XAUUSD
lint + type check + tests (py3.13)	UNKNOWN STEP	2026-09-24T16:28:42.0647919Z  * [new branch]      cline-agent -> origin/cline-agent
lint + type check + tests (py3.13)	UNKNOWN STEP	2026-09-24T16:28:42.0670361Z [command]/usr/bin/git branch --list --remote origin/cline-agent
lint + type check + tests (py3.13)	UNKNOWN STEP	2026-09-24T16:28:42.0689582Z   origin/cline-agent
lint + type check + tests (py3.13)	UNKNOWN STEP	2026-09-24T16:28:42.0699205Z [command]/usr/bin/git rev-parse refs/remotes/origin/cline-agent
lint + type check + tests (py3.13)	UNKNOWN STEP	2026-09-24T16:28:42.0727027Z cc9213beb50907504e993af1f0e448369f6a16f3
lint + type check + tests (py3.13)	UNKNOWN STEP	2026-09-24T16:28:42.0734002Z ##[endgroup]
lint + type check + tests (py3.13)	UNKNOWN STEP	2026-09-24T16:28:42.0735898Z ##[group]Determining the checkout info
lint + type check + tests (py3.13)	UNKNOWN STEP	2026-09-24T16:28:42.0737770Z ##[endgroup]
lint + type check + tests (py3.13)	UNKNOWN STEP	2026-09-24T16:28:42.0741081Z [command]/usr/bin/git sparse-checkout disable
lint + type check + tests (py3.13)	UNKNOWN STEP	2026-09-24T16:28:42.0805383Z [command]/usr/bin/git config --local --unset-all extensions.worktreeConfig
lint + type check + tests (py3.13)	UNKNOWN STEP	2026-09-24T16:28:42.0842432Z ##[group]Checking out the ref
lint + type check + tests (py3.13)	UNKNOWN STEP	2026-09-24T16:28:42.0846225Z [command]/usr/bin/git checkout --progress --force -B cline-agent refs/remotes/origin/cline-agent
lint + type check + tests (py3.13)	UNKNOWN STEP	2026-09-24T16:28:42.1459853Z Switched to a new branch 'cline-agent'
lint + type check + tests (py3.13)	UNKNOWN STEP	2026-09-24T16:28:42.1463532Z branch 'cline-agent' set up to track 'origin/cline-agent'.
lint + type check + tests (py3.13)	UNKNOWN STEP	2026-09-24T16:28:42.1473901Z ##[endgroup]
lint + type check + tests (py3.13)	UNKNOWN STEP	2026-09-24T16:28:42.1522904Z [command]/usr/bin/git log -1 --format=%H
lint + type check + tests (py3.13)	UNKNOWN STEP	2026-09-24T16:28:42.1550694Z cc9213beb50907504e993af1f0e448369f6a16f3
lint + type check + tests (py3.13)	UNKNOWN STEP	2026-09-24T16:28:42.1919778Z ##[group]Run actions/setup-python@v5
lint + type check + tests (py3.13)	UNKNOWN STEP	2026-09-24T16:28:42.1921113Z with:
lint + type check + tests (py3.13)	UNKNOWN STEP	2026-09-24T16:28:42.1922075Z   python-version: 3.13
lint + type check + tests (py3.13)	UNKNOWN STEP	2026-09-24T16:28:42.1923363Z   cache: pip
lint + type check + tests (py3.13)	UNKNOWN STEP	2026-09-24T16:28:42.1924348Z   check-latest: false
lint + type check + tests (py3.13)	UNKNOWN STEP	2026-09-24T16:28:42.1934361Z   token: ***
lint + type check + tests (py3.13)	UNKNOWN STEP	2026-09-24T16:28:42.1935397Z   update-environment: true
lint + type check + tests (py3.13)	UNKNOWN STEP	2026-09-24T16:28:42.1936555Z   allow-prereleases: false
lint + type check + tests (py3.13)	UNKNOWN STEP	2026-09-24T16:28:42.1937684Z   freethreaded: false
lint + type check + tests (py3.13)	UNKNOWN STEP	2026-09-24T16:28:42.1939133Z ##[endgroup]
lint + type check + tests (py3.13)	UNKNOWN STEP	2026-09-24T16:28:42.3293745Z ##[group]Installed versions
lint + type check + tests (py3.13)	UNKNOWN STEP	2026-09-24T16:28:42.3405890Z (node:2247) [DEP0040] DeprecationWarning: The `punycode` module is deprecated. Please use a userland alternative instead.
lint + type check + tests (py3.13)	UNKNOWN STEP	2026-09-24T16:28:42.3412954Z (Use `node --trace-deprecation ...` to show where the warning was created)
lint + type check + tests (py3.13)	UNKNOWN STEP	2026-09-24T16:28:42.3415967Z Successfully set up CPython (3.13.15)
lint + type check + tests (py3.13)	UNKNOWN STEP	2026-09-24T16:28:42.3419141Z ##[endgroup]
lint + type check + tests (py3.13)	UNKNOWN STEP	2026-09-24T16:28:42.5201685Z [command]/opt/hostedtoolcache/Python/3.13.15/x64/bin/pip cache dir
lint + type check + tests (py3.13)	UNKNOWN STEP	2026-09-24T16:28:44.2006603Z /home/runner/.cache/pip
lint + type check + tests (py3.13)	UNKNOWN STEP	2026-09-24T16:28:44.3666014Z Cache hit for: setup-python-Linux-x64-24.04-Ubuntu-python-3.13.15-pip-99b428ef1de79221bf7db326db48be795a0649224efb6fac12f7835098d359f1
lint + type check + tests (py3.13)	UNKNOWN STEP	2026-09-24T16:28:44.3777069Z (node:2247) [DEP0169] DeprecationWarning: `url.parse()` behavior is not standardized and prone to errors that have security implications. Use the WHATWG URL API instead. CVEs are not issued for `url.parse()` vulnerabilities.
lint + type check + tests (py3.13)	UNKNOWN STEP	2026-09-24T16:28:45.5179561Z Received 54525952 of 205242726 (26.6%), 52.0 MBs/sec
lint + type check + tests (py3.13)	UNKNOWN STEP	2026-09-24T16:28:46.4110395Z Received 205242726 of 205242726 (100.0%), 103.4 MBs/sec
lint + type check + tests (py3.13)	UNKNOWN STEP	2026-09-24T16:28:46.4111231Z Cache Size: ~196 MB (205242726 B)
lint + type check + tests (py3.13)	UNKNOWN STEP	2026-09-24T16:28:46.4237457Z [command]/usr/bin/tar -xf /home/runner/work/_temp/b51d2f91-3936-4064-8138-23679e9c0d0d/cache.tzst -P -C /home/runner/work/XAUUSD/XAUUSD --use-compress-program unzstd
lint + type check + tests (py3.13)	UNKNOWN STEP	2026-09-24T16:28:46.7826561Z Cache restored successfully
lint + type check + tests (py3.13)	UNKNOWN STEP	2026-09-24T16:28:46.7931793Z Cache restored from key: setup-python-Linux-x64-24.04-Ubuntu-python-3.13.15-pip-99b428ef1de79221bf7db326db48be795a0649224efb6fac12f7835098d359f1
lint + type check + tests (py3.13)	UNKNOWN STEP	2026-09-24T16:28:46.8609173Z ##[group]Run python -m pip install --upgrade pip
lint + type check + tests (py3.13)	UNKNOWN STEP	2026-09-24T16:28:46.8609703Z ^[[36;1mpython -m pip install --upgrade pip^[[0m
lint + type check + tests (py3.13)	UNKNOWN STEP	2026-09-24T16:28:46.8610086Z ^[[36;1mpython -m pip install -e ".[dev]"^[[0m
lint + type check + tests (py3.13)	UNKNOWN STEP	2026-09-24T16:28:47.7672356Z shell: /usr/bin/bash -e {0}
lint + type check + tests (py3.13)	UNKNOWN STEP	2026-09-24T16:28:47.7672677Z env:
lint + type check + tests (py3.13)	UNKNOWN STEP	2026-09-24T16:28:47.7672998Z   pythonLocation: /opt/hostedtoolcache/Python/3.13.15/x64
lint + type check + tests (py3.13)	UNKNOWN STEP	2026-09-24T16:28:47.7673495Z   PKG_CONFIG_PATH: /opt/hostedtoolcache/Python/3.13.15/x64/lib/pkgconfig
lint + type check + tests (py3.13)	UNKNOWN STEP	2026-09-24T16:28:47.7673958Z   Python_ROOT_DIR: /opt/hostedtoolcache/Python/3.13.15/x64
lint + type check + tests (py3.13)	UNKNOWN STEP	2026-09-24T16:28:47.7674374Z   Python2_ROOT_DIR: /opt/hostedtoolcache/Python/3.13.15/x64
lint + type check + tests (py3.13)	UNKNOWN STEP	2026-09-24T16:28:47.7674776Z   Python3_ROOT_DIR: /opt/hostedtoolcache/Python/3.13.15/x64
lint + type check + tests (py3.13)	UNKNOWN STEP	2026-09-24T16:28:47.7675170Z   LD_LIBRARY_PATH: /opt/hostedtoolcache/Python/3.13.15/x64/lib
lint + type check + tests (py3.13)	UNKNOWN STEP	2026-09-24T16:28:47.7675510Z ##[endgroup]
lint + type check + tests (py3.13)	UNKNOWN STEP	2026-09-24T16:28:48.9599266Z Requirement already satisfied: pip in /opt/hostedtoolcache/Python/3.13.15/x64/lib/python3.13/site-packages (26.2.1)
lint + type check + tests (py3.13)	UNKNOWN STEP	2026-09-24T16:28:49.5531531Z Obtaining file:///home/runner/work/XAUUSD/XAUUSD
lint + type check + tests (py3.13)	UNKNOWN STEP	2026-09-24T16:28:49.5558826Z   Installing build dependencies: started
lint + type check + tests (py3.13)	UNKNOWN STEP	2026-09-24T16:28:50.1462017Z   Installing build dependencies: finished with status 'done'
lint + type check + tests (py3.13)	UNKNOWN STEP	2026-09-24T16:28:50.1469484Z   Checking if build backend supports build_editable: started
lint + type check + tests (py3.13)	UNKNOWN STEP	2026-09-24T16:28:50.5404978Z   Checking if build backend supports build_editable: finished with status 'done'
lint + type check + tests (py3.13)	UNKNOWN STEP	2026-09-24T16:28:50.5413057Z   Getting requirements to build editable: started
lint + type check + tests (py3.13)	UNKNOWN STEP	2026-09-24T16:28:50.9037734Z   Getting requirements to build editable: finished with status 'done'
lint + type check + tests (py3.13)	UNKNOWN STEP	2026-09-24T16:28:50.9049522Z   Preparing editable metadata (pyproject.toml): started
lint + type check + tests (py3.13)	UNKNOWN STEP	2026-09-24T16:28:51.1113722Z   Preparing editable metadata (pyproject.toml): finished with status 'done'
lint + type check + tests (py3.13)	UNKNOWN STEP	2026-09-24T16:28:51.5016192Z Collecting sqlalchemy>=2.0.30 (from gold-ai==0.2.0)
lint + type check + tests (py3.13)	UNKNOWN STEP	2026-09-24T16:28:51.5031541Z   Using cached sqlalchemy-2.0.54-cp313-cp313-manylinux2014_x86_64.manylinux_2_17_x86_64.manylinux_2_28_x86_64.whl.metadata (9.7 kB)
lint + type check + tests (py3.13)	UNKNOWN STEP	2026-09-24T16:28:51.5377353Z Collecting alembic>=1.13.1 (from gold-ai==0.2.0)
lint + type check + tests (py3.13)	UNKNOWN STEP	2026-09-24T16:28:51.5389197Z   Using cached alembic-1.20.0-py3-none-any.whl.metadata (7.3 kB)
lint + type check + tests (py3.13)	UNKNOWN STEP	2026-09-24T16:28:51.6422222Z Collecting pydantic>=2.7.0 (from gold-ai==0.2.0)
lint + type check + tests (py3.13)	UNKNOWN STEP	2026-09-24T16:28:51.6435459Z   Using cached pydantic-2.13.5-py3-none-any.whl.metadata (110 kB)
lint + type check + tests (py3.13)	UNKNOWN STEP	2026-09-24T16:28:51.6721467Z Collecting pydantic-settings>=2.3.0 (from gold-ai==0.2.0)
lint + type check + tests (py3.13)	UNKNOWN STEP	2026-09-24T16:28:51.6732770Z   Using cached pydantic_settings-2.15.0-py3-none-any.whl.metadata (3.9 kB)
lint + type check + tests (py3.13)	UNKNOWN STEP	2026-09-24T16:28:51.6999807Z Collecting psycopg>=3.1.19 (from psycopg[binary]>=3.1.19->gold-ai==0.2.0)
lint + type check + tests (py3.13)	UNKNOWN STEP	2026-09-24T16:28:51.7011079Z   Using cached psycopg-3.3.6-py3-none-any.whl.metadata (4.4 kB)
lint + type check + tests (py3.13)	UNKNOWN STEP	2026-09-24T16:28:51.7275714Z Collecting tzdata>=2024.1 (from gold-ai==0.2.0)
lint + type check + tests (py3.13)	UNKNOWN STEP	2026-09-24T16:28:51.7287902Z   Using cached tzdata-2026.4-py2.py3-none-any.whl.metadata (1.4 kB)
lint + type check + tests (py3.13)	UNKNOWN STEP	2026-09-24T16:28:52.1861235Z Collecting aiohttp>=3.9.5 (from gold-ai==0.2.0)
lint + type check + tests (py3.13)	UNKNOWN STEP	2026-09-24T16:28:52.1875537Z   Using cached aiohttp-3.14.3-cp313-cp313-manylinux2014_x86_64.manylinux_2_17_x86_64.manylinux_2_28_x86_64.whl.metadata (8.3 kB)
lint + type check + tests (py3.13)	UNKNOWN STEP	2026-09-24T16:28:52.2324939Z Collecting PyYAML>=6.0.1 (from gold-ai==0.2.0)
lint + type check + tests (py3.13)	UNKNOWN STEP	2026-09-24T16:28:52.2337621Z   Using cached pyyaml-6.0.3-cp313-cp313-manylinux2014_x86_64.manylinux_2_17_x86_64.manylinux_2_28_x86_64.whl.metadata (2.4 kB)
lint + type check + tests (py3.13)	UNKNOWN STEP	2026-09-24T16:28:52.4354477Z Collecting numpy>=1.26 (from gold-ai==0.2.0)
lint + type check + tests (py3.13)	UNKNOWN STEP	2026-09-24T16:28:52.4368540Z   Using cached numpy-2.5.3-cp313-cp313-manylinux_2_27_x86_64.manylinux_2_28_x86_64.whl.metadata (6.6 kB)
lint + type check + tests (py3.13)	UNKNOWN STEP	2026-09-24T16:28:52.5526106Z Collecting pandas>=2.2 (from gold-ai==0.2.0)
lint + type check + tests (py3.13)	UNKNOWN STEP	2026-09-24T16:28:52.5539769Z   Using cached pandas-3.0.6-cp313-cp313-manylinux_2_24_x86_64.manylinux_2_28_x86_64.whl.metadata (79 kB)
lint + type check + tests (py3.13)	UNKNOWN STEP	2026-09-24T16:28:52.6606058Z Collecting scikit-learn>=1.4 (from gold-ai==0.2.0)
lint + type check + tests (py3.13)	UNKNOWN STEP	2026-09-24T16:28:52.6619959Z   Using cached scikit_learn-1.9.1-cp313-cp313-manylinux_2_27_x86_64.manylinux_2_28_x86_64.whl.metadata (9.3 kB)
lint + type check + tests (py3.13)	UNKNOWN STEP	2026-09-24T16:28:52.6883614Z Collecting httpx>=0.27 (from gold-ai==0.2.0)
lint + type check + tests (py3.13)	UNKNOWN STEP	2026-09-24T16:28:52.6909063Z   Using cached httpx-0.28.1-py3-none-any.whl.metadata (7.1 kB)
lint + type check + tests (py3.13)	UNKNOWN STEP	2026-09-24T16:28:52.7200249Z Collecting jieba>=0.42.1 (from gold-ai==0.2.0)
lint + type check + tests (py3.13)	UNKNOWN STEP	2026-09-24T16:28:52.7201958Z   Using cached jieba-0.42.1-py3-none-any.whl
lint + type check + tests (py3.13)	UNKNOWN STEP	2026-09-24T16:28:52.7569267Z Collecting feedparser>=6.0.11 (from gold-ai==0.2.0)
lint + type check + tests (py3.13)	UNKNOWN STEP	2026-09-24T16:28:52.7580683Z   Using cached feedparser-6.0.14-py3-none-any.whl.metadata (2.7 kB)
lint + type check + tests (py3.13)	UNKNOWN STEP	2026-09-24T16:28:52.8037840Z Collecting akshare>=1.14.0 (from gold-ai==0.2.0)
lint + type check + tests (py3.13)	UNKNOWN STEP	2026-09-24T16:28:52.8049922Z   Using cached akshare-1.18.97-py3-none-any.whl.metadata (14 kB)
lint + type check + tests (py3.13)	UNKNOWN STEP	2026-09-24T16:28:52.8285563Z Collecting dbnomics>=1.2.0 (from gold-ai==0.2.0)
lint + type check + tests (py3.13)	UNKNOWN STEP	2026-09-24T16:28:52.8297306Z   Using cached dbnomics-1.2.7-py3-none-any.whl.metadata (42 kB)
lint + type check + tests (py3.13)	UNKNOWN STEP	2026-09-24T16:28:52.8737400Z Collecting pytest>=8.2.0 (from gold-ai==0.2.0)
lint + type check + tests (py3.13)	UNKNOWN STEP	2026-09-24T16:28:52.8945581Z   Using cached pytest-9.1.1-py3-none-any.whl.metadata (7.6 kB)
lint + type check + tests (py3.13)	UNKNOWN STEP	2026-09-24T16:28:52.9236238Z Collecting pytest-asyncio>=0.23.0 (from gold-ai==0.2.0)
lint + type check + tests (py3.13)	UNKNOWN STEP	2026-09-24T16:28:52.9248469Z   Using cached pytest_asyncio-1.4.0-py3-none-any.whl.metadata (4.1 kB)
lint + type check + tests (py3.13)	UNKNOWN STEP	2026-09-24T16:28:53.2286466Z Collecting ruff==0.16.7 (from gold-ai==0.2.0)
lint + type check + tests (py3.13)	UNKNOWN STEP	2026-09-24T16:28:53.2300234Z   Using cached ruff-0.16.7-py3-none-manylinux_2_17_x86_64.manylinux2014_x86_64.whl.metadata (20 kB)
lint + type check + tests (py3.13)	UNKNOWN STEP	2026-09-24T16:28:53.3373520Z Collecting mypy>=1.10.0 (from gold-ai==0.2.0)
lint + type check + tests (py3.13)	UNKNOWN STEP	2026-09-24T16:28:53.3387006Z   Using cached mypy-2.3.1-cp313-cp313-manylinux2014_x86_64.manylinux_2_17_x86_64.manylinux_2_28_x86_64.whl.metadata (2.4 kB)
lint + type check + tests (py3.13)	UNKNOWN STEP	2026-09-24T16:28:53.3642920Z Collecting openpyxl>=3.1 (from gold-ai==0.2.0)
lint + type check + tests (py3.13)	UNKNOWN STEP	2026-09-24T16:28:53.3654646Z   Using cached openpyxl-3.1.5-py2.py3-none-any.whl.metadata (2.5 kB)
lint + type check + tests (py3.13)	UNKNOWN STEP	2026-09-24T16:28:53.3904134Z Collecting aiohappyeyeballs>=2.5.0 (from aiohttp>=3.9.5->gold-ai==0.2.0)
lint + type check + tests (py3.13)	UNKNOWN STEP	2026-09-24T16:28:53.3915499Z   Using cached aiohappyeyeballs-2.7.1-py3-none-any.whl.metadata (5.9 kB)
lint + type check + tests (py3.13)	UNKNOWN STEP	2026-09-24T16:28:53.4122923Z Collecting aiosignal>=1.4.0 (from aiohttp>=3.9.5->gold-ai==0.2.0)
lint + type check + tests (py3.13)	UNKNOWN STEP	2026-09-24T16:28:53.4134399Z   Using cached aiosignal-1.4.0-py3-none-any.whl.metadata (3.7 kB)
lint + type check + tests (py3.13)	UNKNOWN STEP	2026-09-24T16:28:53.4374879Z Collecting attrs>=17.3.0 (from aiohttp>=3.9.5->gold-ai==0.2.0)
lint + type check + tests (py3.13)	UNKNOWN STEP	2026-09-24T16:28:53.4386213Z   Using cached attrs-26.1.0-py3-none-any.whl.metadata (8.8 kB)
lint + type check + tests (py3.13)	UNKNOWN STEP	2026-09-24T16:28:53.5092225Z Collecting frozenlist>=1.1.1 (from aiohttp>=3.9.5->gold-ai==0.2.0)
lint + type check + tests (py3.13)	UNKNOWN STEP	2026-09-24T16:28:53.5104820Z   Using cached frozenlist-1.8.0-cp313-cp313-manylinux1_x86_64.manylinux_2_28_x86_64.manylinux_2_5_x86_64.whl.metadata (20 kB)
lint + type check + tests (py3.13)	UNKNOWN STEP	2026-09-24T16:28:53.7439628Z Collecting multidict<7.0,>=4.5 (from aiohttp>=3.9.5->gold-ai==0.2.0)
lint + type check + tests (py3.13)	UNKNOWN STEP	2026-09-24T16:28:53.7454660Z   Using cached multidict-6.9.1-cp313-cp313-manylinux2014_x86_64.manylinux_2_17_x86_64.manylinux_2_28_x86_64.whl.metadata (5.3 kB)
lint + type check + tests (py3.13)	UNKNOWN STEP	2026-09-24T16:28:53.8192745Z Collecting propcache>=0.2.0 (from aiohttp>=3.9.5->gold-ai==0.2.0)
lint + type check + tests (py3.13)	UNKNOWN STEP	2026-09-24T16:28:53.8205066Z   Using cached propcache-0.5.4-cp313-cp313-manylinux2014_x86_64.manylinux_2_17_x86_64.manylinux_2_28_x86_64.whl.metadata (25 kB)
lint + type check + tests (py3.13)	UNKNOWN STEP	2026-09-24T16:28:54.0630834Z Collecting yarl<2.0,>=1.17.0 (from aiohttp>=3.9.5->gold-ai==0.2.0)
lint + type check + tests (py3.13)	UNKNOWN STEP	2026-09-24T16:28:54.0644961Z   Using cached yarl-1.25.1-cp313-cp313-manylinux2014_x86_64.manylinux_2_17_x86_64.manylinux_2_28_x86_64.whl.metadata (111 kB)
lint + type check + tests (py3.13)	UNKNOWN STEP	2026-09-24T16:28:54.0965491Z Collecting idna>=2.0 (from yarl<2.0,>=1.17.0->aiohttp>=3.9.5->gold-ai==0.2.0)
lint + type check + tests (py3.13)	UNKNOWN STEP	2026-09-24T16:28:54.0976962Z   Using cached idna-3.20-py3-none-any.whl.metadata (7.2 kB)
lint + type check + tests (py3.13)	UNKNOWN STEP	2026-09-24T16:28:54.1300867Z Collecting beautifulsoup4>=4.9.1 (from akshare>=1.14.0->gold-ai==0.2.0)
lint + type check + tests (py3.13)	UNKNOWN STEP	2026-09-24T16:28:54.1311932Z   Using cached beautifulsoup4-4.15.0-py3-none-any.whl.metadata (3.8 kB)
lint + type check + tests (py3.13)	UNKNOWN STEP	2026-09-24T16:28:54.3657704Z Collecting lxml>=4.2.1 (from akshare>=1.14.0->gold-ai==0.2.0)
lint + type check + tests (py3.13)	UNKNOWN STEP	2026-09-24T16:28:54.3671500Z   Using cached lxml-6.1.3-cp313-cp313-manylinux_2_26_x86_64.manylinux_2_28_x86_64.whl.metadata (3.3 kB)
lint + type check + tests (py3.13)	UNKNOWN STEP	2026-09-24T16:28:54.3994102Z Collecting requests>=2.22.0 (from akshare>=1.14.0->gold-ai==0.2.0)
lint + type check + tests (py3.13)	UNKNOWN STEP	2026-09-24T16:28:54.4007739Z   Using cached requests-2.34.2-py3-none-any.whl.metadata (4.8 kB)
lint + type check + tests (py3.13)	UNKNOWN STEP	2026-09-24T16:28:54.4725572Z Collecting curl_cffi>=0.13.0 (from akshare>=1.14.0->gold-ai==0.2.0)
lint + type check + tests (py3.13)	UNKNOWN STEP	2026-09-24T16:28:54.4738587Z   Using cached curl_cffi-0.16.3-cp310-abi3-manylinux2014_x86_64.manylinux_2_17_x86_64.whl.metadata (17 kB)
lint + type check + tests (py3.13)	UNKNOWN STEP	2026-09-24T16:28:54.4984812Z Collecting html5lib>=1.0.1 (from akshare>=1.14.0->gold-ai==0.2.0)
lint + type check + tests (py3.13)	UNKNOWN STEP	2026-09-24T16:28:54.4996107Z   Using cached html5lib-1.1-py2.py3-none-any.whl.metadata (16 kB)
lint + type check + tests (py3.13)	UNKNOWN STEP	2026-09-24T16:28:54.5222007Z Collecting xlrd>=1.2.0 (from akshare>=1.14.0->gold-ai==0.2.0)
lint + type check + tests (py3.13)	UNKNOWN STEP	2026-09-24T16:28:54.5233255Z   Using cached xlrd-2.0.2-py2.py3-none-any.whl.metadata (3.5 kB)
lint + type check + tests (py3.13)	UNKNOWN STEP	2026-09-24T16:28:54.5533630Z Collecting urllib3>=1.25.8 (from akshare>=1.14.0->gold-ai==0.2.0)
lint + type check + tests (py3.13)	UNKNOWN STEP	2026-09-24T16:28:54.5545059Z   Using cached urllib3-2.8.0-py3-none-any.whl.metadata (7.4 kB)
lint + type check + tests (py3.13)	UNKNOWN STEP	2026-09-24T16:28:54.5916449Z Collecting tqdm>=4.43.0 (from akshare>=1.14.0->gold-ai==0.2.0)
lint + type check + tests (py3.13)	UNKNOWN STEP	2026-09-24T16:28:54.5928117Z   Using cached tqdm-4.70.1-py3-none-any.whl.metadata (57 kB)
lint + type check + tests (py3.13)	UNKNOWN STEP	2026-09-24T16:28:54.6190727Z Collecting jsonpath>=0.82 (from akshare>=1.14.0->gold-ai==0.2.0)
lint + type check + tests (py3.13)	UNKNOWN STEP	2026-09-24T16:28:54.6192371Z   Using cached jsonpath-0.82.2-py3-none-any.whl
lint + type check + tests (py3.13)	UNKNOWN STEP	2026-09-24T16:28:54.6407370Z Collecting tabulate>=0.8.6 (from akshare>=1.14.0->gold-ai==0.2.0)
lint + type check + tests (py3.13)	UNKNOWN STEP	2026-09-24T16:28:54.6419635Z   Using cached tabulate-0.10.0-py3-none-any.whl.metadata (40 kB)
lint + type check + tests (py3.13)	UNKNOWN STEP	2026-09-24T16:28:54.6679368Z Collecting decorator>=4.4.2 (from akshare>=1.14.0->gold-ai==0.2.0)
lint + type check + tests (py3.13)	UNKNOWN STEP	2026-09-24T16:28:54.6691504Z   Using cached decorator-5.3.1-py3-none-any.whl.metadata (3.9 kB)
lint + type check + tests (py3.13)	UNKNOWN STEP	2026-09-24T16:28:54.7030101Z Collecting py-mini-racer>=0.6.0 (from akshare>=1.14.0->gold-ai==0.2.0)
lint + type check + tests (py3.13)	UNKNOWN STEP	2026-09-24T16:28:54.7042393Z   Using cached py_mini_racer-0.6.0-py2.py3-none-manylinux1_x86_64.whl.metadata (8.7 kB)
lint + type check + tests (py3.13)	UNKNOWN STEP	2026-09-24T16:28:54.7266747Z Collecting akracer>=0.0.13 (from akshare>=1.14.0->gold-ai==0.2.0)
lint + type check + tests (py3.13)	UNKNOWN STEP	2026-09-24T16:28:54.7278493Z   Using cached akracer-0.0.14-py3-none-any.whl.metadata (3.3 kB)
lint + type check + tests (py3.13)	UNKNOWN STEP	2026-09-24T16:28:54.7609890Z Collecting Mako (from alembic>=1.13.1->gold-ai==0.2.0)
lint + type check + tests (py3.13)	UNKNOWN STEP	2026-09-24T16:28:54.8363941Z   Downloading mako-1.4.3-py3-none-any.whl.metadata (2.9 kB)
lint + type check + tests (py3.13)	UNKNOWN STEP	2026-09-24T16:28:54.8639828Z Collecting typing-extensions>=4.12 (from alembic>=1.13.1->gold-ai==0.2.0)
lint + type check + tests (py3.13)	UNKNOWN STEP	2026-09-24T16:28:54.8651795Z   Using cached typing_extensions-4.16.0-py3-none-any.whl.metadata (3.3 kB)
lint + type check + tests (py3.13)	UNKNOWN STEP	2026-09-24T16:28:54.8962374Z Collecting soupsieve>=1.6.1 (from beautifulsoup4>=4.9.1->akshare>=1.14.0->gold-ai==0.2.0)
lint + type check + tests (py3.13)	UNKNOWN STEP	2026-09-24T16:28:54.9092015Z   Downloading soupsieve-2.10-py3-none-any.whl.metadata (4.4 kB)
lint + type check + tests (py3.13)	UNKNOWN STEP	2026-09-24T16:28:55.0195514Z Collecting cffi>=2.0.0 (from curl_cffi>=0.13.0->akshare>=1.14.0->gold-ai==0.2.0)
lint + type check + tests (py3.13)	UNKNOWN STEP	2026-09-24T16:28:55.0209073Z   Using cached cffi-2.1.1-cp313-cp313-manylinux2014_x86_64.manylinux_2_17_x86_64.whl.metadata (2.5 kB)
lint + type check + tests (py3.13)	UNKNOWN STEP	2026-09-24T16:28:55.0474508Z Collecting certifi>=2024.2.2 (from curl_cffi>=0.13.0->akshare>=1.14.0->gold-ai==0.2.0)
lint + type check + tests (py3.13)	UNKNOWN STEP	2026-09-24T16:28:55.0486251Z   Using cached certifi-2026.7.22-py3-none-any.whl.metadata (2.5 kB)
lint + type check + tests (py3.13)	UNKNOWN STEP	2026-09-24T16:28:55.0708569Z Collecting pycparser (from cffi>=2.0.0->curl_cffi>=0.13.0->akshare>=1.14.0->gold-ai==0.2.0)
lint + type check + tests (py3.13)	UNKNOWN STEP	2026-09-24T16:28:55.0719614Z   Using cached pycparser-3.0-py3-none-any.whl.metadata (8.2 kB)
lint + type check + tests (py3.13)	UNKNOWN STEP	2026-09-24T16:28:55.0987768Z Collecting tenacity>=9.0.0 (from dbnomics>=1.2.0->gold-ai==0.2.0)
lint + type check + tests (py3.13)	UNKNOWN STEP	2026-09-24T16:28:55.0999527Z   Using cached tenacity-9.1.4-py3-none-any.whl.metadata (1.2 kB)
lint + type check + tests (py3.13)	UNKNOWN STEP	2026-09-24T16:28:55.1216550Z Collecting feedparser-sgmllib<3,>=2 (from feedparser>=6.0.11->gold-ai==0.2.0)
lint + type check + tests (py3.13)	UNKNOWN STEP	2026-09-24T16:28:55.1227986Z   Using cached feedparser_sgmllib-2.1.0-py3-none-any.whl.metadata (926 bytes)
lint + type check + tests (py3.13)	UNKNOWN STEP	2026-09-24T16:28:55.1463765Z Collecting six>=1.9 (from html5lib>=1.0.1->akshare>=1.14.0->gold-ai==0.2.0)
lint + type check + tests (py3.13)	UNKNOWN STEP	2026-09-24T16:28:55.1475275Z   Using cached six-1.17.0-py2.py3-none-any.whl.metadata (1.7 kB)
lint + type check + tests (py3.13)	UNKNOWN STEP	2026-09-24T16:28:55.1677295Z Collecting webencodings (from html5lib>=1.0.1->akshare>=1.14.0->gold-ai==0.2.0)
lint + type check + tests (py3.13)	UNKNOWN STEP	2026-09-24T16:28:55.1690101Z   Using cached webencodings-0.6.1-py3-none-any.whl.metadata (3.4 kB)
lint + type check + tests (py3.13)	UNKNOWN STEP	2026-09-24T16:28:55.1973987Z Collecting anyio (from httpx>=0.27->gold-ai==0.2.0)
lint + type check + tests (py3.13)	UNKNOWN STEP	2026-09-24T16:28:55.1985457Z   Using cached anyio-4.15.1-py3-none-any.whl.metadata (4.7 kB)
lint + type check + tests (py3.13)	UNKNOWN STEP	2026-09-24T16:28:55.2241308Z Collecting httpcore==1.* (from httpx>=0.27->gold-ai==0.2.0)
lint + type check + tests (py3.13)	UNKNOWN STEP	2026-09-24T16:28:55.2252838Z   Using cached httpcore-1.0.9-py3-none-any.whl.metadata (21 kB)
lint + type check + tests (py3.13)	UNKNOWN STEP	2026-09-24T16:28:55.2480510Z Collecting h11>=0.16 (from httpcore==1.*->httpx>=0.27->gold-ai==0.2.0)
lint + type check + tests (py3.13)	UNKNOWN STEP	2026-09-24T16:28:55.2491743Z   Using cached h11-0.16.0-py3-none-any.whl.metadata (8.3 kB)
lint + type check + tests (py3.13)	UNKNOWN STEP	2026-09-24T16:28:55.2753712Z Collecting mypy_extensions>=1.0.0 (from mypy>=1.10.0->gold-ai==0.2.0)
lint + type check + tests (py3.13)	UNKNOWN STEP	2026-09-24T16:28:55.2765764Z   Using cached mypy_extensions-1.1.0-py3-none-any.whl.metadata (1.1 kB)
lint + type check + tests (py3.13)	UNKNOWN STEP	2026-09-24T16:28:55.2986291Z Collecting pathspec>=1.0.0 (from mypy>=1.10.0->gold-ai==0.2.0)
lint + type check + tests (py3.13)	UNKNOWN STEP	2026-09-24T16:28:55.3004503Z   Using cached pathspec-1.1.1-py3-none-any.whl.metadata (14 kB)
lint + type check + tests (py3.13)	UNKNOWN STEP	2026-09-24T16:28:55.4271823Z Collecting librt>=0.13.0 (from mypy>=1.10.0->gold-ai==0.2.0)
lint + type check + tests (py3.13)	UNKNOWN STEP	2026-09-24T16:28:55.4286113Z   Using cached librt-0.15.0-cp313-cp313-manylinux2014_x86_64.manylinux_2_17_x86_64.manylinux_2_28_x86_64.whl.metadata (1.3 kB)
lint + type check + tests (py3.13)	UNKNOWN STEP	2026-09-24T16:28:55.4794592Z Collecting ast-serialize<1.0.0,>=0.6.0 (from mypy>=1.10.0->gold-ai==0.2.0)
lint + type check + tests (py3.13)	UNKNOWN STEP	2026-09-24T16:28:55.4807727Z   Using cached ast_serialize-0.11.2-cp39-abi3-manylinux_2_17_x86_64.manylinux2014_x86_64.whl.metadata (1.4 kB)
lint + type check + tests (py3.13)	UNKNOWN STEP	2026-09-24T16:28:55.5043496Z Collecting et-xmlfile (from openpyxl>=3.1->gold-ai==0.2.0)
lint + type check + tests (py3.13)	UNKNOWN STEP	2026-09-24T16:28:55.5055228Z   Using cached et_xmlfile-2.0.0-py3-none-any.whl.metadata (2.7 kB)
lint + type check + tests (py3.13)	UNKNOWN STEP	2026-09-24T16:28:55.5281918Z Collecting python-dateutil>=2.8.2 (from pandas>=2.2->gold-ai==0.2.0)
lint + type check + tests (py3.13)	UNKNOWN STEP	2026-09-24T16:28:55.5293754Z   Using cached python_dateutil-2.9.0.post0-py2.py3-none-any.whl.metadata (8.4 kB)
lint + type check + tests (py3.13)	UNKNOWN STEP	2026-09-24T16:28:55.7172739Z Collecting psycopg-binary==3.3.6 (from psycopg[binary]>=3.1.19->gold-ai==0.2.0)
lint + type check + tests (py3.13)	UNKNOWN STEP	2026-09-24T16:28:55.7185858Z   Using cached psycopg_binary-3.3.6-cp313-cp313-manylinux2014_x86_64.manylinux_2_17_x86_64.whl.metadata (2.7 kB)
lint + type check + tests (py3.13)	UNKNOWN STEP	2026-09-24T16:28:55.7415138Z Collecting annotated-types>=0.6.0 (from pydantic>=2.7.0->gold-ai==0.2.0)
lint + type check + tests (py3.13)	UNKNOWN STEP	2026-09-24T16:28:55.7426445Z   Using cached annotated_types-0.8.0-py3-none-any.whl.metadata (15 kB)
lint + type check + tests (py3.13)	UNKNOWN STEP	2026-09-24T16:28:56.3426905Z Collecting pydantic-core==2.46.5 (from pydantic>=2.7.0->gold-ai==0.2.0)
lint + type check + tests (py3.13)	UNKNOWN STEP	2026-09-24T16:28:56.3440609Z   Using cached pydantic_core-2.46.5-cp313-cp313-manylinux_2_17_x86_64.manylinux2014_x86_64.whl.metadata (6.6 kB)
lint + type check + tests (py3.13)	UNKNOWN STEP	2026-09-24T16:28:56.3674281Z Collecting typing-inspection>=0.4.2 (from pydantic>=2.7.0->gold-ai==0.2.0)
lint + type check + tests (py3.13)	UNKNOWN STEP	2026-09-24T16:28:56.3685707Z   Using cached typing_inspection-0.4.4-py3-none-any.whl.metadata (2.6 kB)
lint + type check + tests (py3.13)	UNKNOWN STEP	2026-09-24T16:28:56.3947938Z Collecting python-dotenv>=0.21.0 (from pydantic-settings>=2.3.0->gold-ai==0.2.0)
lint + type check + tests (py3.13)	UNKNOWN STEP	2026-09-24T16:28:56.3959837Z   Using cached python_dotenv-1.2.3-py3-none-any.whl.metadata (29 kB)
lint + type check + tests (py3.13)	UNKNOWN STEP	2026-09-24T16:28:56.4195405Z Collecting iniconfig>=1.0.1 (from pytest>=8.2.0->gold-ai==0.2.0)
lint + type check + tests (py3.13)	UNKNOWN STEP	2026-09-24T16:28:56.4207312Z   Using cached iniconfig-2.3.0-py3-none-any.whl.metadata (2.5 kB)
lint + type check + tests (py3.13)	UNKNOWN STEP	2026-09-24T16:28:56.4461418Z Collecting packaging>=22 (from pytest>=8.2.0->gold-ai==0.2.0)
lint + type check + tests (py3.13)	UNKNOWN STEP	2026-09-24T16:28:56.4472811Z   Using cached packaging-26.3-py3-none-any.whl.metadata (3.5 kB)
lint + type check + tests (py3.13)	UNKNOWN STEP	2026-09-24T16:28:56.4694188Z Collecting pluggy<2,>=1.5 (from pytest>=8.2.0->gold-ai==0.2.0)
lint + type check + tests (py3.13)	UNKNOWN STEP	2026-09-24T16:28:56.4705541Z   Using cached pluggy-1.6.0-py3-none-any.whl.metadata (4.8 kB)
lint + type check + tests (py3.13)	UNKNOWN STEP	2026-09-24T16:28:56.4982268Z Collecting pygments>=2.7.2 (from pytest>=8.2.0->gold-ai==0.2.0)
lint + type check + tests (py3.13)	UNKNOWN STEP	2026-09-24T16:28:56.4993643Z   Using cached pygments-2.21.0-py3-none-any.whl.metadata (2.5 kB)
lint + type check + tests (py3.13)	UNKNOWN STEP	2026-09-24T16:28:56.6220075Z Collecting charset_normalizer<4,>=2 (from requests>=2.22.0->akshare>=1.14.0->gold-ai==0.2.0)
lint + type check + tests (py3.13)	UNKNOWN STEP	2026-09-24T16:28:56.6233821Z   Using cached charset_normalizer-3.5.1-cp313-cp313-manylinux2014_x86_64.manylinux_2_17_x86_64.manylinux_2_28_x86_64.whl.metadata (45 kB)
lint + type check + tests (py3.13)	UNKNOWN STEP	2026-09-24T16:28:56.7622696Z Collecting scipy>=1.10.0 (from scikit-learn>=1.4->gold-ai==0.2.0)
lint + type check + tests (py3.13)	UNKNOWN STEP	2026-09-24T16:28:56.7636463Z   Using cached scipy-1.18.1-cp313-cp313-manylinux_2_27_x86_64.manylinux_2_28_x86_64.whl.metadata (62 kB)
lint + type check + tests (py3.13)	UNKNOWN STEP	2026-09-24T16:28:56.8038388Z Collecting joblib>=1.4.0 (from scikit-learn>=1.4->gold-ai==0.2.0)
lint + type check + tests (py3.13)	UNKNOWN STEP	2026-09-24T16:28:56.8050456Z   Using cached joblib-1.6.0-py3-none-any.whl.metadata (6.5 kB)
lint + type check + tests (py3.13)	UNKNOWN STEP	2026-09-24T16:28:56.8459494Z Collecting narwhals>=2.0.1 (from scikit-learn>=1.4->gold-ai==0.2.0)
lint + type check + tests (py3.13)	UNKNOWN STEP	2026-09-24T16:28:56.8470820Z   Using cached narwhals-2.26.0-py3-none-any.whl.metadata (15 kB)
lint + type check + tests (py3.13)	UNKNOWN STEP	2026-09-24T16:28:56.8700913Z Collecting threadpoolctl>=3.5.0 (from scikit-learn>=1.4->gold-ai==0.2.0)
lint + type check + tests (py3.13)	UNKNOWN STEP	2026-09-24T16:28:56.8712351Z   Using cached threadpoolctl-3.7.0-py3-none-any.whl.metadata (24 kB)
lint + type check + tests (py3.13)	UNKNOWN STEP	2026-09-24T16:28:56.8970884Z Collecting cloudpickle>=3.0 (from joblib>=1.4.0->scikit-learn>=1.4->gold-ai==0.2.0)
lint + type check + tests (py3.13)	UNKNOWN STEP	2026-09-24T16:28:56.8982949Z   Using cached cloudpickle-3.1.2-py3-none-any.whl.metadata (7.1 kB)
lint + type check + tests (py3.13)	UNKNOWN STEP	2026-09-24T16:28:57.0491995Z Collecting greenlet>=1 (from sqlalchemy>=2.0.30->gold-ai==0.2.0)
lint + type check + tests (py3.13)	UNKNOWN STEP	2026-09-24T16:28:57.0506101Z   Using cached greenlet-3.5.6-cp313-cp313-manylinux_2_24_x86_64.manylinux_2_28_x86_64.whl.metadata (3.8 kB)
lint + type check + tests (py3.13)	UNKNOWN STEP	2026-09-24T16:28:57.1178725Z Collecting MarkupSafe>=2.0 (from Mako->alembic>=1.13.1->gold-ai==0.2.0)
lint + type check + tests (py3.13)	UNKNOWN STEP	2026-09-24T16:28:57.1191643Z   Using cached markupsafe-3.0.3-cp313-cp313-manylinux2014_x86_64.manylinux_2_17_x86_64.manylinux_2_28_x86_64.whl.metadata (2.7 kB)
lint + type check + tests (py3.13)	UNKNOWN STEP	2026-09-24T16:28:57.1250733Z Using cached ruff-0.16.7-py3-none-manylinux_2_17_x86_64.manylinux2014_x86_64.whl (10.4 MB)
lint + type check + tests (py3.13)	UNKNOWN STEP	2026-09-24T16:28:57.1299468Z Using cached aiohttp-3.14.3-cp313-cp313-manylinux2014_x86_64.manylinux_2_17_x86_64.manylinux_2_28_x86_64.whl (1.8 MB)
lint + type check + tests (py3.13)	UNKNOWN STEP	2026-09-24T16:28:57.1317209Z Using cached multidict-6.9.1-cp313-cp313-manylinux2014_x86_64.manylinux_2_17_x86_64.manylinux_2_28_x86_64.whl (336 kB)
lint + type check + tests (py3.13)	UNKNOWN STEP	2026-09-24T16:28:57.1329172Z Using cached yarl-1.25.1-cp313-cp313-manylinux2014_x86_64.manylinux_2_17_x86_64.manylinux_2_28_x86_64.whl (117 kB)
lint + type check + tests (py3.13)	UNKNOWN STEP	2026-09-24T16:28:57.1340652Z Using cached aiohappyeyeballs-2.7.1-py3-none-any.whl (15 kB)
lint + type check + tests (py3.13)	UNKNOWN STEP	2026-09-24T16:28:57.1351959Z Using cached aiosignal-1.4.0-py3-none-any.whl (7.5 kB)
lint + type check + tests (py3.13)	UNKNOWN STEP	2026-09-24T16:28:57.1363324Z Using cached akshare-1.18.97-py3-none-any.whl (1.3 MB)
lint + type check + tests (py3.13)	UNKNOWN STEP	2026-09-24T16:28:57.1378446Z Using cached akracer-0.0.14-py3-none-any.whl (10.1 MB)
lint + type check + tests (py3.13)	UNKNOWN STEP	2026-09-24T16:28:57.1426192Z Using cached alembic-1.20.0-py3-none-any.whl (268 kB)
lint + type check + tests (py3.13)	UNKNOWN STEP	2026-09-24T16:28:57.1438590Z Using cached attrs-26.1.0-py3-none-any.whl (67 kB)
lint + type check + tests (py3.13)	UNKNOWN STEP	2026-09-24T16:28:57.1450269Z Using cached beautifulsoup4-4.15.0-py3-none-any.whl (109 kB)
lint + type check + tests (py3.13)	UNKNOWN STEP	2026-09-24T16:28:57.1461805Z Using cached curl_cffi-0.16.3-cp310-abi3-manylinux2014_x86_64.manylinux_2_17_x86_64.whl (13.5 MB)
lint + type check + tests (py3.13)	UNKNOWN STEP	2026-09-24T16:28:57.1518790Z Using cached certifi-2026.7.22-py3-none-any.whl (136 kB)
lint + type check + tests (py3.13)	UNKNOWN STEP	2026-09-24T16:28:57.1530843Z Using cached cffi-2.1.1-cp313-cp313-manylinux2014_x86_64.manylinux_2_17_x86_64.whl (221 kB)
lint + type check + tests (py3.13)	UNKNOWN STEP	2026-09-24T16:28:57.1542317Z Using cached dbnomics-1.2.7-py3-none-any.whl (32 kB)
lint + type check + tests (py3.13)	UNKNOWN STEP	2026-09-24T16:28:57.1553962Z Using cached decorator-5.3.1-py3-none-any.whl (10 kB)
lint + type check + tests (py3.13)	UNKNOWN STEP	2026-09-24T16:28:57.1565606Z Using cached feedparser-6.0.14-py3-none-any.whl (80 kB)
lint + type check + tests (py3.13)	UNKNOWN STEP	2026-09-24T16:28:57.1577287Z Using cached feedparser_sgmllib-2.1.0-py3-none-any.whl (11 kB)
lint + type check + tests (py3.13)	UNKNOWN STEP	2026-09-24T16:28:57.1589882Z Using cached frozenlist-1.8.0-cp313-cp313-manylinux1_x86_64.manylinux_2_28_x86_64.manylinux_2_5_x86_64.whl (234 kB)
lint + type check + tests (py3.13)	UNKNOWN STEP	2026-09-24T16:28:57.1601261Z Using cached html5lib-1.1-py2.py3-none-any.whl (112 kB)
lint + type check + tests (py3.13)	UNKNOWN STEP	2026-09-24T16:28:57.1612559Z Using cached httpx-0.28.1-py3-none-any.whl (73 kB)
lint + type check + tests (py3.13)	UNKNOWN STEP	2026-09-24T16:28:57.1623693Z Using cached httpcore-1.0.9-py3-none-any.whl (78 kB)
lint + type check + tests (py3.13)	UNKNOWN STEP	2026-09-24T16:28:57.1634908Z Using cached h11-0.16.0-py3-none-any.whl (37 kB)
lint + type check + tests (py3.13)	UNKNOWN STEP	2026-09-24T16:28:57.1645865Z Using cached idna-3.20-py3-none-any.whl (69 kB)
lint + type check + tests (py3.13)	UNKNOWN STEP	2026-09-24T16:28:57.1657300Z Using cached lxml-6.1.3-cp313-cp313-manylinux_2_26_x86_64.manylinux_2_28_x86_64.whl (5.2 MB)
lint + type check + tests (py3.13)	UNKNOWN STEP	2026-09-24T16:28:57.1686440Z Using cached mypy-2.3.1-cp313-cp313-manylinux2014_x86_64.manylinux_2_17_x86_64.manylinux_2_28_x86_64.whl (15.2 MB)
lint + type check + tests (py3.13)	UNKNOWN STEP	2026-09-24T16:28:57.1751580Z Using cached ast_serialize-0.11.2-cp39-abi3-manylinux_2_17_x86_64.manylinux2014_x86_64.whl (1.3 MB)
lint + type check + tests (py3.13)	UNKNOWN STEP	2026-09-24T16:28:57.1766695Z Using cached librt-0.15.0-cp313-cp313-manylinux2014_x86_64.manylinux_2_17_x86_64.manylinux_2_28_x86_64.whl (531 kB)
lint + type check + tests (py3.13)	UNKNOWN STEP	2026-09-24T16:28:57.1779450Z Using cached mypy_extensions-1.1.0-py3-none-any.whl (5.0 kB)
lint + type check + tests (py3.13)	UNKNOWN STEP	2026-09-24T16:28:57.1790616Z Using cached numpy-2.5.3-cp313-cp313-manylinux_2_27_x86_64.manylinux_2_28_x86_64.whl (16.7 MB)
lint + type check + tests (py3.13)	UNKNOWN STEP	2026-09-24T16:28:57.1859445Z Using cached openpyxl-3.1.5-py2.py3-none-any.whl (250 kB)
lint + type check + tests (py3.13)	UNKNOWN STEP	2026-09-24T16:28:57.1871880Z Using cached pandas-3.0.6-cp313-cp313-manylinux_2_24_x86_64.manylinux_2_28_x86_64.whl (10.8 MB)
lint + type check + tests (py3.13)	UNKNOWN STEP	2026-09-24T16:28:57.1919571Z Using cached pathspec-1.1.1-py3-none-any.whl (57 kB)
lint + type check + tests (py3.13)	UNKNOWN STEP	2026-09-24T16:28:57.1931529Z Using cached propcache-0.5.4-cp313-cp313-manylinux2014_x86_64.manylinux_2_17_x86_64.manylinux_2_28_x86_64.whl (234 kB)
lint + type check + tests (py3.13)	UNKNOWN STEP	2026-09-24T16:28:57.1942600Z Using cached psycopg-3.3.6-py3-none-any.whl (215 kB)
lint + type check + tests (py3.13)	UNKNOWN STEP	2026-09-24T16:28:57.1954580Z Using cached psycopg_binary-3.3.6-cp313-cp313-manylinux2014_x86_64.manylinux_2_17_x86_64.whl (5.2 MB)
lint + type check + tests (py3.13)	UNKNOWN STEP	2026-09-24T16:28:57.1983640Z Using cached py_mini_racer-0.6.0-py2.py3-none-manylinux1_x86_64.whl (5.4 MB)
lint + type check + tests (py3.13)	UNKNOWN STEP	2026-09-24T16:28:57.2012891Z Using cached pydantic-2.13.5-py3-none-any.whl (472 kB)
lint + type check + tests (py3.13)	UNKNOWN STEP	2026-09-24T16:28:57.2025905Z Using cached pydantic_core-2.46.5-cp313-cp313-manylinux_2_17_x86_64.manylinux2014_x86_64.whl (2.1 MB)
lint + type check + tests (py3.13)	UNKNOWN STEP	2026-09-24T16:28:57.2044474Z Using cached annotated_types-0.8.0-py3-none-any.whl (13 kB)
lint + type check + tests (py3.13)	UNKNOWN STEP	2026-09-24T16:28:57.2055539Z Using cached pydantic_settings-2.15.0-py3-none-any.whl (69 kB)
lint + type check + tests (py3.13)	UNKNOWN STEP	2026-09-24T16:28:57.2066643Z Using cached pytest-9.1.1-py3-none-any.whl (386 kB)
lint + type check + tests (py3.13)	UNKNOWN STEP	2026-09-24T16:28:57.2079241Z Using cached pluggy-1.6.0-py3-none-any.whl (20 kB)
lint + type check + tests (py3.13)	UNKNOWN STEP	2026-09-24T16:28:57.2090326Z Using cached iniconfig-2.3.0-py3-none-any.whl (7.5 kB)
lint + type check + tests (py3.13)	UNKNOWN STEP	2026-09-24T16:28:57.2101285Z Using cached packaging-26.3-py3-none-any.whl (129 kB)
lint + type check + tests (py3.13)	UNKNOWN STEP	2026-09-24T16:28:57.2112790Z Using cached pygments-2.21.0-py3-none-any.whl (1.3 MB)
lint + type check + tests (py3.13)	UNKNOWN STEP	2026-09-24T16:28:57.2127975Z Using cached pytest_asyncio-1.4.0-py3-none-any.whl (16 kB)
lint + type check + tests (py3.13)	UNKNOWN STEP	2026-09-24T16:28:57.2139131Z Using cached python_dateutil-2.9.0.post0-py2.py3-none-any.whl (229 kB)
lint + type check + tests (py3.13)	UNKNOWN STEP	2026-09-24T16:28:57.2150859Z Using cached python_dotenv-1.2.3-py3-none-any.whl (22 kB)
lint + type check + tests (py3.13)	UNKNOWN STEP	2026-09-24T16:28:57.2162474Z Using cached pyyaml-6.0.3-cp313-cp313-manylinux2014_x86_64.manylinux_2_17_x86_64.manylinux_2_28_x86_64.whl (801 kB)
lint + type check + tests (py3.13)	UNKNOWN STEP	2026-09-24T16:28:57.2175810Z Using cached requests-2.34.2-py3-none-any.whl (73 kB)
lint + type check + tests (py3.13)	UNKNOWN STEP	2026-09-24T16:28:57.2187514Z Using cached charset_normalizer-3.5.1-cp313-cp313-manylinux2014_x86_64.manylinux_2_17_x86_64.manylinux_2_28_x86_64.whl (250 kB)
lint + type check + tests (py3.13)	UNKNOWN STEP	2026-09-24T16:28:57.2198934Z Using cached urllib3-2.8.0-py3-none-any.whl (135 kB)
lint + type check + tests (py3.13)	UNKNOWN STEP	2026-09-24T16:28:57.2210668Z Using cached scikit_learn-1.9.1-cp313-cp313-manylinux_2_27_x86_64.manylinux_2_28_x86_64.whl (9.1 MB)
lint + type check + tests (py3.13)	UNKNOWN STEP	2026-09-24T16:28:57.2252656Z Using cached joblib-1.6.0-py3-none-any.whl (306 kB)
lint + type check + tests (py3.13)	UNKNOWN STEP	2026-09-24T16:28:57.2264793Z Using cached cloudpickle-3.1.2-py3-none-any.whl (22 kB)
lint + type check + tests (py3.13)	UNKNOWN STEP	2026-09-24T16:28:57.2275889Z Using cached narwhals-2.26.0-py3-none-any.whl (474 kB)
lint + type check + tests (py3.13)	UNKNOWN STEP	2026-09-24T16:28:57.2288595Z Using cached scipy-1.18.1-cp313-cp313-manylinux_2_27_x86_64.manylinux_2_28_x86_64.whl (35.3 MB)
lint + type check + tests (py3.13)	UNKNOWN STEP	2026-09-24T16:28:57.2423473Z Using cached six-1.17.0-py2.py3-none-any.whl (11 kB)
lint + type check + tests (py3.13)	UNKNOWN STEP	2026-09-24T16:28:57.2563586Z Downloading soupsieve-2.10-py3-none-any.whl (38 kB)
lint + type check + tests (py3.13)	UNKNOWN STEP	2026-09-24T16:28:57.2704188Z Using cached sqlalchemy-2.0.54-cp313-cp313-manylinux2014_x86_64.manylinux_2_17_x86_64.manylinux_2_28_x86_64.whl (3.4 MB)
lint + type check + tests (py3.13)	UNKNOWN STEP	2026-09-24T16:28:57.2727606Z Using cached greenlet-3.5.6-cp313-cp313-manylinux_2_24_x86_64.manylinux_2_28_x86_64.whl (623 kB)
lint + type check + tests (py3.13)	UNKNOWN STEP	2026-09-24T16:28:57.2741307Z Using cached tabulate-0.10.0-py3-none-any.whl (39 kB)
lint + type check + tests (py3.13)	UNKNOWN STEP	2026-09-24T16:28:57.2752627Z Using cached tenacity-9.1.4-py3-none-any.whl (28 kB)
lint + type check + tests (py3.13)	UNKNOWN STEP	2026-09-24T16:28:57.2763767Z Using cached threadpoolctl-3.7.0-py3-none-any.whl (26 kB)
lint + type check + tests (py3.13)	UNKNOWN STEP	2026-09-24T16:28:57.2774714Z Using cached tqdm-4.70.1-py3-none-any.whl (80 kB)
lint + type check + tests (py3.13)	UNKNOWN STEP	2026-09-24T16:28:57.2786325Z Using cached typing_extensions-4.16.0-py3-none-any.whl (45 kB)
lint + type check + tests (py3.13)	UNKNOWN STEP	2026-09-24T16:28:57.2797267Z Using cached typing_inspection-0.4.4-py3-none-any.whl (14 kB)
lint + type check + tests (py3.13)	UNKNOWN STEP	2026-09-24T16:28:57.2808838Z Using cached tzdata-2026.4-py2.py3-none-any.whl (347 kB)
lint + type check + tests (py3.13)	UNKNOWN STEP	2026-09-24T16:28:57.2823479Z Using cached xlrd-2.0.2-py2.py3-none-any.whl (96 kB)
lint + type check + tests (py3.13)	UNKNOWN STEP	2026-09-24T16:28:57.2834731Z Using cached anyio-4.15.1-py3-none-any.whl (132 kB)
lint + type check + tests (py3.13)	UNKNOWN STEP	2026-09-24T16:28:57.2846189Z Using cached et_xmlfile-2.0.0-py3-none-any.whl (18 kB)
lint + type check + tests (py3.13)	UNKNOWN STEP	2026-09-24T16:28:57.2975572Z Downloading mako-1.4.3-py3-none-any.whl (80 kB)
lint + type check + tests (py3.13)	UNKNOWN STEP	2026-09-24T16:28:57.3067173Z Using cached markupsafe-3.0.3-cp313-cp313-manylinux2014_x86_64.manylinux_2_17_x86_64.manylinux_2_28_x86_64.whl (22 kB)
lint + type check + tests (py3.13)	UNKNOWN STEP	2026-09-24T16:28:57.3077947Z Using cached pycparser-3.0-py3-none-any.whl (48 kB)
lint + type check + tests (py3.13)	UNKNOWN STEP	2026-09-24T16:28:57.3089061Z Using cached webencodings-0.6.1-py3-none-any.whl (8.7 kB)
lint + type check + tests (py3.13)	UNKNOWN STEP	2026-09-24T16:28:57.6696157Z Building wheels for collected packages: gold-ai
lint + type check + tests (py3.13)	UNKNOWN STEP	2026-09-24T16:28:57.6704465Z   Building editable for gold-ai (pyproject.toml): started
lint + type check + tests (py3.13)	UNKNOWN STEP	2026-09-24T16:28:57.9135696Z   Building editable for gold-ai (pyproject.toml): finished with status 'done'
lint + type check + tests (py3.13)	UNKNOWN STEP	2026-09-24T16:28:57.9141615Z   Created wheel for gold-ai: filename=gold_ai-0.2.0-0.editable-py3-none-any.whl size=68588 sha256=cc532a0a191ae2ff98fbae365edb11cefb46fd0d52336a467d14ab5fb000dc29
lint + type check + tests (py3.13)	UNKNOWN STEP	2026-09-24T16:28:57.9143442Z   Stored in directory: /tmp/pip-ephem-wheel-cache-bohd2ut0/wheels/b9/5c/54/a93df2da7182017cd55cc1bfdbe1f75bcf1e62c60d95c771da
lint + type check + tests (py3.13)	UNKNOWN STEP	2026-09-24T16:28:57.9228607Z Successfully built gold-ai
lint + type check + tests (py3.13)	UNKNOWN STEP	2026-09-24T16:28:58.1150374Z Installing collected packages: py-mini-racer, jsonpath, jieba, xlrd, webencodings, urllib3, tzdata, typing-extensions, tqdm, threadpoolctl, tenacity, tabulate, soupsieve, six, ruff, PyYAML, python-dotenv, pygments, pycparser, psycopg-binary, psycopg, propcache, pluggy, pathspec, packaging, numpy, narwhals, mypy_extensions, multidict, MarkupSafe, lxml, librt, iniconfig, idna, h11, greenlet, frozenlist, feedparser-sgmllib, et-xmlfile, decorator, cloudpickle, charset_normalizer, certifi, attrs, ast-serialize, annotated-types, akracer, aiohappyeyeballs, yarl, typing-inspection, sqlalchemy, scipy, requests, python-dateutil, pytest, pydantic-core, openpyxl, mypy, Mako, joblib, httpcore, html5lib, feedparser, cffi, beautifulsoup4, anyio, aiosignal, scikit-learn, pytest-asyncio, pydantic, pandas, httpx, curl_cffi, alembic, aiohttp, pydantic-settings, dbnomics, akshare, gold-ai
lint + type check + tests (py3.13)	UNKNOWN STEP	2026-09-24T16:29:21.5724272Z 
lint + type check + tests (py3.13)	UNKNOWN STEP	2026-09-24T16:29:21.5803488Z Successfully installed Mako-1.4.3 MarkupSafe-3.0.3 PyYAML-6.0.3 aiohappyeyeballs-2.7.1 aiohttp-3.14.3 aiosignal-1.4.0 akracer-0.0.14 akshare-1.18.97 alembic-1.20.0 annotated-types-0.8.0 anyio-4.15.1 ast-serialize-0.11.2 attrs-26.1.0 beautifulsoup4-4.15.0 certifi-2026.7.22 cffi-2.1.1 charset_normalizer-3.5.1 cloudpickle-3.1.2 curl_cffi-0.16.3 dbnomics-1.2.7 decorator-5.3.1 et-xmlfile-2.0.0 feedparser-6.0.14 feedparser-sgmllib-2.1.0 frozenlist-1.8.0 gold-ai-0.2.0 greenlet-3.5.6 h11-0.16.0 html5lib-1.1 httpcore-1.0.9 httpx-0.28.1 idna-3.20 iniconfig-2.3.0 jieba-0.42.1 joblib-1.6.0 jsonpath-0.82.2 librt-0.15.0 lxml-6.1.3 multidict-6.9.1 mypy-2.3.1 mypy_extensions-1.1.0 narwhals-2.26.0 numpy-2.5.3 openpyxl-3.1.5 packaging-26.3 pandas-3.0.6 pathspec-1.1.1 pluggy-1.6.0 propcache-0.5.4 psycopg-3.3.6 psycopg-binary-3.3.6 py-mini-racer-0.6.0 pycparser-3.0 pydantic-2.13.5 pydantic-core-2.46.5 pydantic-settings-2.15.0 pygments-2.21.0 pytest-9.1.1 pytest-asyncio-1.4.0 python-dateutil-2.9.0.post0 python-dotenv-1.2.3 requests-2.34.2 ruff-0.16.7 scikit-learn-1.9.1 scipy-1.18.1 six-1.17.0 soupsieve-2.10 sqlalchemy-2.0.54 tabulate-0.10.0 tenacity-9.1.4 threadpoolctl-3.7.0 tqdm-4.70.1 typing-extensions-4.16.0 typing-inspection-0.4.4 tzdata-2026.4 urllib3-2.8.0 webencodings-0.6.1 xlrd-2.0.2 yarl-1.25.1
lint + type check + tests (py3.13)	UNKNOWN STEP	2026-09-24T16:29:21.9079137Z ##[group]Run python -m ruff check .
lint + type check + tests (py3.13)	UNKNOWN STEP	2026-09-24T16:29:21.9079492Z ^[[36;1mpython -m ruff check .^[[0m
lint + type check + tests (py3.13)	UNKNOWN STEP	2026-09-24T16:29:21.9142771Z shell: /usr/bin/bash -e {0}
lint + type check + tests (py3.13)	UNKNOWN STEP	2026-09-24T16:29:21.9143037Z env:
lint + type check + tests (py3.13)	UNKNOWN STEP	2026-09-24T16:29:21.9143314Z   pythonLocation: /opt/hostedtoolcache/Python/3.13.15/x64
lint + type check + tests (py3.13)	UNKNOWN STEP	2026-09-24T16:29:21.9143768Z   PKG_CONFIG_PATH: /opt/hostedtoolcache/Python/3.13.15/x64/lib/pkgconfig
lint + type check + tests (py3.13)	UNKNOWN STEP	2026-09-24T16:29:21.9144238Z   Python_ROOT_DIR: /opt/hostedtoolcache/Python/3.13.15/x64
lint + type check + tests (py3.13)	UNKNOWN STEP	2026-09-24T16:29:21.9144640Z   Python2_ROOT_DIR: /opt/hostedtoolcache/Python/3.13.15/x64
lint + type check + tests (py3.13)	UNKNOWN STEP	2026-09-24T16:29:21.9145031Z   Python3_ROOT_DIR: /opt/hostedtoolcache/Python/3.13.15/x64
lint + type check + tests (py3.13)	UNKNOWN STEP	2026-09-24T16:29:21.9145424Z   LD_LIBRARY_PATH: /opt/hostedtoolcache/Python/3.13.15/x64/lib
lint + type check + tests (py3.13)	UNKNOWN STEP	2026-09-24T16:29:21.9145763Z ##[endgroup]
lint + type check + tests (py3.13)	UNKNOWN STEP	2026-09-24T16:29:22.0528540Z All checks passed!
lint + type check + tests (py3.13)	UNKNOWN STEP	2026-09-24T16:29:22.0560672Z ##[group]Run python -m mypy
lint + type check + tests (py3.13)	UNKNOWN STEP	2026-09-24T16:29:22.0560974Z ^[[36;1mpython -m mypy^[[0m
lint + type check + tests (py3.13)	UNKNOWN STEP	2026-09-24T16:29:22.0623534Z shell: /usr/bin/bash -e {0}
lint + type check + tests (py3.13)	UNKNOWN STEP	2026-09-24T16:29:22.0623804Z env:
lint + type check + tests (py3.13)	UNKNOWN STEP	2026-09-24T16:29:22.0624082Z   pythonLocation: /opt/hostedtoolcache/Python/3.13.15/x64
lint + type check + tests (py3.13)	UNKNOWN STEP	2026-09-24T16:29:22.0624541Z   PKG_CONFIG_PATH: /opt/hostedtoolcache/Python/3.13.15/x64/lib/pkgconfig
lint + type check + tests (py3.13)	UNKNOWN STEP	2026-09-24T16:29:22.0624995Z   Python_ROOT_DIR: /opt/hostedtoolcache/Python/3.13.15/x64
lint + type check + tests (py3.13)	UNKNOWN STEP	2026-09-24T16:29:22.0625402Z   Python2_ROOT_DIR: /opt/hostedtoolcache/Python/3.13.15/x64
lint + type check + tests (py3.13)	UNKNOWN STEP	2026-09-24T16:29:22.0625818Z   Python3_ROOT_DIR: /opt/hostedtoolcache/Python/3.13.15/x64
lint + type check + tests (py3.13)	UNKNOWN STEP	2026-09-24T16:29:22.0626209Z   LD_LIBRARY_PATH: /opt/hostedtoolcache/Python/3.13.15/x64/lib
lint + type check + tests (py3.13)	UNKNOWN STEP	2026-09-24T16:29:22.0626534Z ##[endgroup]
lint + type check + tests (py3.13)	UNKNOWN STEP	2026-09-24T16:29:39.3275028Z Success: no issues found in 183 source files
lint + type check + tests (py3.13)	UNKNOWN STEP	2026-09-24T16:29:39.3630796Z ##[group]Run python -m pytest -q
lint + type check + tests (py3.13)	UNKNOWN STEP	2026-09-24T16:29:39.3631143Z ^[[36;1mpython -m pytest -q^[[0m
lint + type check + tests (py3.13)	UNKNOWN STEP	2026-09-24T16:29:39.3693902Z shell: /usr/bin/bash -e {0}
lint + type check + tests (py3.13)	UNKNOWN STEP	2026-09-24T16:29:39.3694159Z env:
lint + type check + tests (py3.13)	UNKNOWN STEP	2026-09-24T16:29:39.3694438Z   pythonLocation: /opt/hostedtoolcache/Python/3.13.15/x64
lint + type check + tests (py3.13)	UNKNOWN STEP	2026-09-24T16:29:39.3694888Z   PKG_CONFIG_PATH: /opt/hostedtoolcache/Python/3.13.15/x64/lib/pkgconfig
lint + type check + tests (py3.13)	UNKNOWN STEP	2026-09-24T16:29:39.3695335Z   Python_ROOT_DIR: /opt/hostedtoolcache/Python/3.13.15/x64
lint + type check + tests (py3.13)	UNKNOWN STEP	2026-09-24T16:29:39.3695722Z   Python2_ROOT_DIR: /opt/hostedtoolcache/Python/3.13.15/x64
lint + type check + tests (py3.13)	UNKNOWN STEP	2026-09-24T16:29:39.3696106Z   Python3_ROOT_DIR: /opt/hostedtoolcache/Python/3.13.15/x64
lint + type check + tests (py3.13)	UNKNOWN STEP	2026-09-24T16:29:39.3696685Z   LD_LIBRARY_PATH: /opt/hostedtoolcache/Python/3.13.15/x64/lib
lint + type check + tests (py3.13)	UNKNOWN STEP	2026-09-24T16:29:39.3697024Z ##[endgroup]
lint + type check + tests (py3.13)	UNKNOWN STEP	2026-09-24T16:29:58.3827657Z ........................................................................ [  1%]
lint + type check + tests (py3.13)	UNKNOWN STEP	2026-09-24T16:30:07.0822270Z ........................................................................ [  3%]
lint + type check + tests (py3.13)	UNKNOWN STEP	2026-09-24T16:30:50.5502941Z ........................................................................ [  5%]
lint + type check + tests (py3.13)	UNKNOWN STEP	2026-09-24T16:31:03.4899230Z ........................................................................ [  7%]
lint + type check + tests (py3.13)	UNKNOWN STEP	2026-09-24T16:31:12.8302671Z ........................................................................ [  9%]
lint + type check + tests (py3.13)	UNKNOWN STEP	2026-09-24T16:31:21.2635742Z ........................................................................ [ 11%]
lint + type check + tests (py3.13)	UNKNOWN STEP	2026-09-24T16:31:29.8715592Z ........................................................................ [ 13%]
lint + type check + tests (py3.13)	UNKNOWN STEP	2026-09-24T16:31:33.3489415Z ........................................................................ [ 14%]
lint + type check + tests (py3.13)	UNKNOWN STEP	2026-09-24T16:31:45.4755566Z ........................................................................ [ 16%]
lint + type check + tests (py3.13)	UNKNOWN STEP	2026-09-24T16:31:54.0576327Z ................F......F..............F............F.....F.............. [ 18%]
lint + type check + tests (py3.13)	UNKNOWN STEP	2026-09-24T16:32:04.3444078Z ................F....................................................... [ 20%]
lint + type check + tests (py3.13)	UNKNOWN STEP	2026-09-24T16:32:05.7077563Z ........................................................................ [ 22%]
lint + type check + tests (py3.13)	UNKNOWN STEP	2026-09-24T16:32:06.2814846Z ........................................................................ [ 24%]
lint + type check + tests (py3.13)	UNKNOWN STEP	2026-09-24T16:32:06.9365939Z ........................................................................ [ 26%]
lint + type check + tests (py3.13)	UNKNOWN STEP	2026-09-24T16:32:07.1463306Z ........................................................................ [ 28%]
lint + type check + tests (py3.13)	UNKNOWN STEP	2026-09-24T16:32:07.4861490Z ............................................s........................... [ 29%]
lint + type check + tests (py3.13)	UNKNOWN STEP	2026-09-24T16:32:07.7289400Z ........................................................................ [ 31%]
lint + type check + tests (py3.13)	UNKNOWN STEP	2026-09-24T16:32:08.5014548Z ........................................................................ [ 33%]
lint + type check + tests (py3.13)	UNKNOWN STEP	2026-09-24T16:32:08.7155885Z ........................................................................ [ 35%]
lint + type check + tests (py3.13)	UNKNOWN STEP	2026-09-24T16:32:08.9680095Z ........................................................................ [ 37%]
lint + type check + tests (py3.13)	UNKNOWN STEP	2026-09-24T16:32:09.0496197Z ........................................................................ [ 39%]
lint + type check + tests (py3.13)	UNKNOWN STEP	2026-09-24T16:32:09.1382536Z ........................................................................ [ 41%]
lint + type check + tests (py3.13)	UNKNOWN STEP	2026-09-24T16:32:09.2112351Z ........................................................................ [ 43%]
lint + type check + tests (py3.13)	UNKNOWN STEP	2026-09-24T16:32:11.9834795Z ........................................................................ [ 44%]
lint + type check + tests (py3.13)	UNKNOWN STEP	2026-09-24T16:32:13.6367239Z ........................................................................ [ 46%]
lint + type check + tests (py3.13)	UNKNOWN STEP	2026-09-24T16:32:13.9106440Z ........................................................................ [ 48%]
lint + type check + tests (py3.13)	UNKNOWN STEP	2026-09-24T16:32:14.1889915Z ........................................................................ [ 50%]
lint + type check + tests (py3.13)	UNKNOWN STEP	2026-09-24T16:32:14.5542989Z ........................................................................ [ 52%]
lint + type check + tests (py3.13)	UNKNOWN STEP	2026-09-24T16:32:15.0305114Z ........................................................................ [ 54%]
lint + type check + tests (py3.13)	UNKNOWN STEP	2026-09-24T16:32:15.3644641Z ........................................................................ [ 56%]
lint + type check + tests (py3.13)	UNKNOWN STEP	2026-09-24T16:32:16.9015810Z ........................................................................ [ 58%]
lint + type check + tests (py3.13)	UNKNOWN STEP	2026-09-24T16:32:18.7440731Z ........................................................................ [ 59%]
lint + type check + tests (py3.13)	UNKNOWN STEP	2026-09-24T16:32:19.0202403Z ........................................................................ [ 61%]
lint + type check + tests (py3.13)	UNKNOWN STEP	2026-09-24T16:32:19.6418942Z ........................................................................ [ 63%]
lint + type check + tests (py3.13)	UNKNOWN STEP	2026-09-24T16:32:20.6891492Z ........................................................................ [ 65%]
lint + type check + tests (py3.13)	UNKNOWN STEP	2026-09-24T16:32:20.8354432Z ........................................................................ [ 67%]
lint + type check + tests (py3.13)	UNKNOWN STEP	2026-09-24T16:32:21.0912452Z ........................................................................ [ 69%]
lint + type check + tests (py3.13)	UNKNOWN STEP	2026-09-24T16:32:21.3115130Z ........................................................................ [ 71%]
lint + type check + tests (py3.13)	UNKNOWN STEP	2026-09-24T16:32:22.5359130Z ........................................................................ [ 73%]
lint + type check + tests (py3.13)	UNKNOWN STEP	2026-09-24T16:32:22.6860302Z ........................................................................ [ 74%]
lint + type check + tests (py3.13)	UNKNOWN STEP	2026-09-24T16:32:22.9191475Z ........................................................................ [ 76%]
lint + type check + tests (py3.13)	UNKNOWN STEP	2026-09-24T16:32:23.0319882Z ........................................................................ [ 78%]
lint + type check + tests (py3.13)	UNKNOWN STEP	2026-09-24T16:32:23.2624244Z ........................................................................ [ 80%]
lint + type check + tests (py3.13)	UNKNOWN STEP	2026-09-24T16:32:23.3382833Z ........................................................................ [ 82%]
lint + type check + tests (py3.13)	UNKNOWN STEP	2026-09-24T16:32:23.4263605Z ........................................................................ [ 84%]
lint + type check + tests (py3.13)	UNKNOWN STEP	2026-09-24T16:32:37.7033907Z ........................................................................ [ 86%]
lint + type check + tests (py3.13)	UNKNOWN STEP	2026-09-24T16:32:38.9097650Z ..................s..................................................... [ 88%]
lint + type check + tests (py3.13)	UNKNOWN STEP	2026-09-24T16:32:39.1517759Z ........................................................................ [ 89%]
lint + type check + tests (py3.13)	UNKNOWN STEP	2026-09-24T16:32:39.3082492Z ........................................................................ [ 91%]
lint + type check + tests (py3.13)	UNKNOWN STEP	2026-09-24T16:32:39.7144615Z ........................................................................ [ 93%]
lint + type check + tests (py3.13)	UNKNOWN STEP	2026-09-24T16:32:39.9579253Z ........................................................................ [ 95%]
lint + type check + tests (py3.13)	UNKNOWN STEP	2026-09-24T16:32:40.0316861Z ........................................................................ [ 97%]
lint + type check + tests (py3.13)	UNKNOWN STEP	2026-09-24T16:32:40.9659137Z .....................................................s.................. [ 99%]
lint + type check + tests (py3.13)	UNKNOWN STEP	2026-09-24T16:32:41.6386067Z ..........................                                               [100%]
lint + type check + tests (py3.13)	UNKNOWN STEP	2026-09-24T16:32:41.6386997Z =================================== FAILURES ===================================
lint + type check + tests (py3.13)	UNKNOWN STEP	2026-09-24T16:32:41.6388014Z ____________ test_phase33_blocker_and_trading_invariants_unchanged _____________
lint + type check + tests (py3.13)	UNKNOWN STEP	2026-09-24T16:32:41.6389177Z 
lint + type check + tests (py3.13)	UNKNOWN STEP	2026-09-24T16:32:41.6389652Z     def test_phase33_blocker_and_trading_invariants_unchanged() -> None:
lint + type check + tests (py3.13)	UNKNOWN STEP	2026-09-24T16:32:41.6390666Z         state = json.loads(PROJECT_STATE.read_text(encoding="utf-8"))
lint + type check + tests (py3.13)	UNKNOWN STEP	2026-09-24T16:32:41.6391417Z     
lint + type check + tests (py3.13)	UNKNOWN STEP	2026-09-24T16:32:41.6391854Z         assert state["phase"] == "Phase 3"
lint + type check + tests (py3.13)	UNKNOWN STEP	2026-09-24T16:32:41.6392406Z     
lint + type check + tests (py3.13)	UNKNOWN STEP	2026-09-24T16:32:41.6392818Z         assert state["status"] == "BLOCKED"
lint + type check + tests (py3.13)	UNKNOWN STEP	2026-09-24T16:32:41.6393362Z     
lint + type check + tests (py3.13)	UNKNOWN STEP	2026-09-24T16:32:41.6394003Z         assert "PHASE3_3_DATA" in [blocker["code"] for blocker in state["blockers"]]
lint + type check + tests (py3.13)	UNKNOWN STEP	2026-09-24T16:32:41.6394812Z     
lint + type check + tests (py3.13)	UNKNOWN STEP	2026-09-24T16:32:41.6395382Z         assert "LIVE_TRADING=false" in state["invariants"]
lint + type check + tests (py3.13)	UNKNOWN STEP	2026-09-24T16:32:41.6395935Z     
lint + type check + tests (py3.13)	UNKNOWN STEP	2026-09-24T16:32:41.6396326Z         assert "ALLOW_EXTERNAL_ORDER_SUBMISSION=false" in state["invariants"]
lint + type check + tests (py3.13)	UNKNOWN STEP	2026-09-24T16:32:41.6396814Z     
lint + type check + tests (py3.13)	UNKNOWN STEP	2026-09-24T16:32:41.6397040Z >       assert state["queue_status"] == "ACTIVE"
lint + type check + tests (py3.13)	UNKNOWN STEP	2026-09-24T16:32:41.6397383Z E       AssertionError: assert 'BLOCKED' == 'ACTIVE'
lint + type check + tests (py3.13)	UNKNOWN STEP	2026-09-24T16:32:41.6397686Z E         
lint + type check + tests (py3.13)	UNKNOWN STEP	2026-09-24T16:32:41.6397887Z E         - ACTIVE
lint + type check + tests (py3.13)	UNKNOWN STEP	2026-09-24T16:32:41.6398099Z E         + BLOCKED
lint + type check + tests (py3.13)	UNKNOWN STEP	2026-09-24T16:32:41.6398499Z 
lint + type check + tests (py3.13)	UNKNOWN STEP	2026-09-24T16:32:41.6399232Z tests/integration/test_result_terminal_canary_regression.py:398: AssertionError
lint + type check + tests (py3.13)	UNKNOWN STEP	2026-09-24T16:32:41.6399820Z ____________ test_phase33_blocker_and_trading_invariants_unchanged _____________
lint + type check + tests (py3.13)	UNKNOWN STEP	2026-09-24T16:32:41.6400146Z 
lint + type check + tests (py3.13)	UNKNOWN STEP	2026-09-24T16:32:41.6400351Z     def test_phase33_blocker_and_trading_invariants_unchanged() -> None:
lint + type check + tests (py3.13)	UNKNOWN STEP	2026-09-24T16:32:41.6400774Z         for payload in result_payloads().values():
lint + type check + tests (py3.13)	UNKNOWN STEP	2026-09-24T16:32:41.6401161Z             terminal.analyze_result_terminal_consistency(payload)
lint + type check + tests (py3.13)	UNKNOWN STEP	2026-09-24T16:32:41.6401508Z     
lint + type check + tests (py3.13)	UNKNOWN STEP	2026-09-24T16:32:41.6401786Z         state = json.loads(PROJECT_STATE.read_text(encoding="utf-8"))
lint + type check + tests (py3.13)	UNKNOWN STEP	2026-09-24T16:32:41.6402135Z     
lint + type check + tests (py3.13)	UNKNOWN STEP	2026-09-24T16:32:41.6402339Z         assert state["phase"] == "Phase 3"
lint + type check + tests (py3.13)	UNKNOWN STEP	2026-09-24T16:32:41.6402794Z         assert state["status"] == "BLOCKED"
lint + type check + tests (py3.13)	UNKNOWN STEP	2026-09-24T16:32:41.6403211Z         assert "PHASE3_3_DATA" in [blocker["code"] for blocker in state["blockers"]]
lint + type check + tests (py3.13)	UNKNOWN STEP	2026-09-24T16:32:41.6403675Z         assert "LIVE_TRADING=false" in state["invariants"]
lint + type check + tests (py3.13)	UNKNOWN STEP	2026-09-24T16:32:41.6404117Z         assert "ALLOW_EXTERNAL_ORDER_SUBMISSION=false" in state["invariants"]
lint + type check + tests (py3.13)	UNKNOWN STEP	2026-09-24T16:32:41.6404537Z >       assert state["queue_status"] == "ACTIVE"
lint + type check + tests (py3.13)	UNKNOWN STEP	2026-09-24T16:32:41.6404881Z E       AssertionError: assert 'BLOCKED' == 'ACTIVE'
lint + type check + tests (py3.13)	UNKNOWN STEP	2026-09-24T16:32:41.6405185Z E         
lint + type check + tests (py3.13)	UNKNOWN STEP	2026-09-24T16:32:41.6405376Z E         - ACTIVE
lint + type check + tests (py3.13)	UNKNOWN STEP	2026-09-24T16:32:41.6405579Z E         + BLOCKED
lint + type check + tests (py3.13)	UNKNOWN STEP	2026-09-24T16:32:41.6405709Z 
lint + type check + tests (py3.13)	UNKNOWN STEP	2026-09-24T16:32:41.6405967Z tests/integration/test_result_terminal_consistency_regression.py:327: AssertionError
lint + type check + tests (py3.13)	UNKNOWN STEP	2026-09-24T16:32:41.6406537Z ____________ test_phase33_blocker_and_trading_invariants_unchanged _____________
lint + type check + tests (py3.13)	UNKNOWN STEP	2026-09-24T16:32:41.6406859Z 
lint + type check + tests (py3.13)	UNKNOWN STEP	2026-09-24T16:32:41.6407052Z     def test_phase33_blocker_and_trading_invariants_unchanged() -> None:
lint + type check + tests (py3.13)	UNKNOWN STEP	2026-09-24T16:32:41.6407455Z         build_manifest()
lint + type check + tests (py3.13)	UNKNOWN STEP	2026-09-24T16:32:41.6407675Z     
lint + type check + tests (py3.13)	UNKNOWN STEP	2026-09-24T16:32:41.6407947Z         state = json.loads(PROJECT_STATE.read_text(encoding="utf-8"))
lint + type check + tests (py3.13)	UNKNOWN STEP	2026-09-24T16:32:41.6408648Z     
lint + type check + tests (py3.13)	UNKNOWN STEP	2026-09-24T16:32:41.6408877Z         assert state["phase"] == "Phase 3"
lint + type check + tests (py3.13)	UNKNOWN STEP	2026-09-24T16:32:41.6409175Z         assert state["status"] == "BLOCKED"
lint + type check + tests (py3.13)	UNKNOWN STEP	2026-09-24T16:32:41.6409565Z         assert "PHASE3_3_DATA" in [blocker["code"] for blocker in state["blockers"]]
lint + type check + tests (py3.13)	UNKNOWN STEP	2026-09-24T16:32:41.6410002Z         assert "LIVE_TRADING=false" in state["invariants"]
lint + type check + tests (py3.13)	UNKNOWN STEP	2026-09-24T16:32:41.6410425Z         assert "ALLOW_EXTERNAL_ORDER_SUBMISSION=false" in state["invariants"]
lint + type check + tests (py3.13)	UNKNOWN STEP	2026-09-24T16:32:41.6410823Z >       assert state["queue_status"] == "ACTIVE"
lint + type check + tests (py3.13)	UNKNOWN STEP	2026-09-24T16:32:41.6411145Z E       AssertionError: assert 'BLOCKED' == 'ACTIVE'
lint + type check + tests (py3.13)	UNKNOWN STEP	2026-09-24T16:32:41.6411432Z E         
lint + type check + tests (py3.13)	UNKNOWN STEP	2026-09-24T16:32:41.6411623Z E         - ACTIVE
lint + type check + tests (py3.13)	UNKNOWN STEP	2026-09-24T16:32:41.6411823Z E         + BLOCKED
lint + type check + tests (py3.13)	UNKNOWN STEP	2026-09-24T16:32:41.6411945Z 
lint + type check + tests (py3.13)	UNKNOWN STEP	2026-09-24T16:32:41.6412149Z tests/integration/test_review_binding_regression.py:326: AssertionError
lint + type check + tests (py3.13)	UNKNOWN STEP	2026-09-24T16:32:41.6412639Z __________ test_real_repo_matching_candidate_is_ready_and_zero_write ___________
lint + type check + tests (py3.13)	UNKNOWN STEP	2026-09-24T16:32:41.6412938Z 
lint + type check + tests (py3.13)	UNKNOWN STEP	2026-09-24T16:32:41.6413142Z     def test_real_repo_matching_candidate_is_ready_and_zero_write() -> None:
lint + type check + tests (py3.13)	UNKNOWN STEP	2026-09-24T16:32:41.6413529Z         before = repo_snapshot()
lint + type check + tests (py3.13)	UNKNOWN STEP	2026-09-24T16:32:41.6413764Z     
lint + type check + tests (py3.13)	UNKNOWN STEP	2026-09-24T16:32:41.6413957Z         candidate = make_candidate(
lint + type check + tests (py3.13)	UNKNOWN STEP	2026-09-24T16:32:41.6414247Z             project_state=consistent_state(),
lint + type check + tests (py3.13)	UNKNOWN STEP	2026-09-24T16:32:41.6414547Z             review_ledger=load_review_ledger(),
lint + type check + tests (py3.13)	UNKNOWN STEP	2026-09-24T16:32:41.6414817Z         )
lint + type check + tests (py3.13)	UNKNOWN STEP	2026-09-24T16:32:41.6414991Z     
lint + type check + tests (py3.13)	UNKNOWN STEP	2026-09-24T16:32:41.6415184Z         payload = run_light(candidate)
lint + type check + tests (py3.13)	UNKNOWN STEP	2026-09-24T16:32:41.6415439Z     
lint + type check + tests (py3.13)	UNKNOWN STEP	2026-09-24T16:32:41.6415639Z >       assert payload["reason_codes"] == []
lint + type check + tests (py3.13)	UNKNOWN STEP	2026-09-24T16:32:41.6415994Z E       AssertionError: assert ['CANDIDATE_S...OINTER_DRIFT'] == []
lint + type check + tests (py3.13)	UNKNOWN STEP	2026-09-24T16:32:41.6416333Z E         
lint + type check + tests (py3.13)	UNKNOWN STEP	2026-09-24T16:32:41.6416605Z E         Left contains one more item: 'CANDIDATE_STATE_POINTER_DRIFT'
lint + type check + tests (py3.13)	UNKNOWN STEP	2026-09-24T16:32:41.6416937Z E         
lint + type check + tests (py3.13)	UNKNOWN STEP	2026-09-24T16:32:41.6417125Z E         Full diff:
lint + type check + tests (py3.13)	UNKNOWN STEP	2026-09-24T16:32:41.6417333Z E         - []
lint + type check + tests (py3.13)	UNKNOWN STEP	2026-09-24T16:32:41.6417524Z E         + [
lint + type check + tests (py3.13)	UNKNOWN STEP	2026-09-24T16:32:41.6417870Z E         +     'CANDIDATE_STATE_POINTER_DRIFT',
lint + type check + tests (py3.13)	UNKNOWN STEP	2026-09-24T16:32:41.6418393Z E         + ]
lint + type check + tests (py3.13)	UNKNOWN STEP	2026-09-24T16:32:41.6418592Z 
lint + type check + tests (py3.13)	UNKNOWN STEP	2026-09-24T16:32:41.6418838Z tests/integration/test_review_closure_precondition_regression.py:289: AssertionError
lint + type check + tests (py3.13)	UNKNOWN STEP	2026-09-24T16:32:41.6419367Z ______________ test_real_repo_cli_temp_file_candidate_zero_write _______________
lint + type check + tests (py3.13)	UNKNOWN STEP	2026-09-24T16:32:41.6419655Z 
lint + type check + tests (py3.13)	UNKNOWN STEP	2026-09-24T16:32:41.6419900Z tmp_path = PosixPath('/tmp/pytest-of-runner/pytest-0/test_real_repo_cli_temp_file_c0')
lint + type check + tests (py3.13)	UNKNOWN STEP	2026-09-24T16:32:41.6420420Z capsys = <_pytest.capture.CaptureFixture object at 0x7f06fb4b36d0>
lint + type check + tests (py3.13)	UNKNOWN STEP	2026-09-24T16:32:41.6420696Z 
lint + type check + tests (py3.13)	UNKNOWN STEP	2026-09-24T16:32:41.6420843Z     def test_real_repo_cli_temp_file_candidate_zero_write(
lint + type check + tests (py3.13)	UNKNOWN STEP	2026-09-24T16:32:41.6421308Z         tmp_path: Path, capsys: Any
lint + type check + tests (py3.13)	UNKNOWN STEP	2026-09-24T16:32:41.6421559Z     ) -> None:
lint + type check + tests (py3.13)	UNKNOWN STEP	2026-09-24T16:32:41.6421766Z         before = repo_snapshot()
lint + type check + tests (py3.13)	UNKNOWN STEP	2026-09-24T16:32:41.6421997Z     
lint + type check + tests (py3.13)	UNKNOWN STEP	2026-09-24T16:32:41.6422250Z         candidate_path = tmp_path / "closure-candidate.json"
lint + type check + tests (py3.13)	UNKNOWN STEP	2026-09-24T16:32:41.6422561Z     
lint + type check + tests (py3.13)	UNKNOWN STEP	2026-09-24T16:32:41.6422753Z         candidate_path.write_text(
lint + type check + tests (py3.13)	UNKNOWN STEP	2026-09-24T16:32:41.6423002Z             json.dumps(
lint + type check + tests (py3.13)	UNKNOWN STEP	2026-09-24T16:32:41.6423233Z                 make_candidate(
lint + type check + tests (py3.13)	UNKNOWN STEP	2026-09-24T16:32:41.6423500Z                     project_state=consistent_state(),
lint + type check + tests (py3.13)	UNKNOWN STEP	2026-09-24T16:32:41.6423814Z                     review_ledger=load_review_ledger(),
lint + type check + tests (py3.13)	UNKNOWN STEP	2026-09-24T16:32:41.6424088Z                 )
lint + type check + tests (py3.13)	UNKNOWN STEP	2026-09-24T16:32:41.6424282Z             ),
lint + type check + tests (py3.13)	UNKNOWN STEP	2026-09-24T16:32:41.6424481Z             encoding="utf-8",
lint + type check + tests (py3.13)	UNKNOWN STEP	2026-09-24T16:32:41.6424708Z         )
lint + type check + tests (py3.13)	UNKNOWN STEP	2026-09-24T16:32:41.6424880Z     
lint + type check + tests (py3.13)	UNKNOWN STEP	2026-09-24T16:32:41.6425080Z         exit_code = precondition.main(
lint + type check + tests (py3.13)	UNKNOWN STEP	2026-09-24T16:32:41.6425341Z             [
lint + type check + tests (py3.13)	UNKNOWN STEP	2026-09-24T16:32:41.6425537Z                 "--root",
lint + type check + tests (py3.13)	UNKNOWN STEP	2026-09-24T16:32:41.6425757Z                 str(REPO_ROOT),
lint + type check + tests (py3.13)	UNKNOWN STEP	2026-09-24T16:32:41.6425993Z                 "--candidate",
lint + type check + tests (py3.13)	UNKNOWN STEP	2026-09-24T16:32:41.6426237Z                 str(candidate_path),
lint + type check + tests (py3.13)	UNKNOWN STEP	2026-09-24T16:32:41.6426496Z                 "--generated-at",
lint + type check + tests (py3.13)	UNKNOWN STEP	2026-09-24T16:32:41.6426742Z                 AUDIT_TIME,
lint + type check + tests (py3.13)	UNKNOWN STEP	2026-09-24T16:32:41.6426964Z                 "--as-of",
lint + type check + tests (py3.13)	UNKNOWN STEP	2026-09-24T16:32:41.6427194Z                 AUDIT_TIME,
lint + type check + tests (py3.13)	UNKNOWN STEP	2026-09-24T16:32:41.6427404Z             ]
lint + type check + tests (py3.13)	UNKNOWN STEP	2026-09-24T16:32:41.6427584Z         )
lint + type check + tests (py3.13)	UNKNOWN STEP	2026-09-24T16:32:41.6427756Z     
lint + type check + tests (py3.13)	UNKNOWN STEP	2026-09-24T16:32:41.6427956Z         captured = capsys.readouterr()
lint + type check + tests (py3.13)	UNKNOWN STEP	2026-09-24T16:32:41.6428455Z     
lint + type check + tests (py3.13)	UNKNOWN STEP	2026-09-24T16:32:41.6428667Z         payload = json.loads(captured.out)
lint + type check + tests (py3.13)	UNKNOWN STEP	2026-09-24T16:32:41.6428928Z     
lint + type check + tests (py3.13)	UNKNOWN STEP	2026-09-24T16:32:41.6429138Z >       assert exit_code == precondition.EXIT_OK
lint + type check + tests (py3.13)	UNKNOWN STEP	2026-09-24T16:32:41.6429430Z E       assert 2 == 0
lint + type check + tests (py3.13)	UNKNOWN STEP	2026-09-24T16:32:41.6429657Z E        +  where 0 = precondition.EXIT_OK
lint + type check + tests (py3.13)	UNKNOWN STEP	2026-09-24T16:32:41.6429856Z 
lint + type check + tests (py3.13)	UNKNOWN STEP	2026-09-24T16:32:41.6430096Z tests/integration/test_review_closure_precondition_regression.py:465: AssertionError
lint + type check + tests (py3.13)	UNKNOWN STEP	2026-09-24T16:32:41.6430627Z ____________ test_phase33_blocker_and_trading_invariants_unchanged _____________
lint + type check + tests (py3.13)	UNKNOWN STEP	2026-09-24T16:32:41.6430926Z 
lint + type check + tests (py3.13)	UNKNOWN STEP	2026-09-24T16:32:41.6431119Z     def test_phase33_blocker_and_trading_invariants_unchanged() -> None:
lint + type check + tests (py3.13)	UNKNOWN STEP	2026-09-24T16:32:41.6431480Z         build_report()
lint + type check + tests (py3.13)	UNKNOWN STEP	2026-09-24T16:32:41.6431683Z     
lint + type check + tests (py3.13)	UNKNOWN STEP	2026-09-24T16:32:41.6431949Z         state = json.loads(PROJECT_STATE.read_text(encoding="utf-8"))
lint + type check + tests (py3.13)	UNKNOWN STEP	2026-09-24T16:32:41.6432277Z     
lint + type check + tests (py3.13)	UNKNOWN STEP	2026-09-24T16:32:41.6432468Z         assert state["phase"] == "Phase 3"
lint + type check + tests (py3.13)	UNKNOWN STEP	2026-09-24T16:32:41.6432746Z         assert state["status"] == "BLOCKED"
lint + type check + tests (py3.13)	UNKNOWN STEP	2026-09-24T16:32:41.6433134Z         assert "PHASE3_3_DATA" in [blocker["code"] for blocker in state["blockers"]]
lint + type check + tests (py3.13)	UNKNOWN STEP	2026-09-24T16:32:41.6433581Z         assert "LIVE_TRADING=false" in state["invariants"]
lint + type check + tests (py3.13)	UNKNOWN STEP	2026-09-24T16:32:41.6434019Z         assert "ALLOW_EXTERNAL_ORDER_SUBMISSION=false" in state["invariants"]
lint + type check + tests (py3.13)	UNKNOWN STEP	2026-09-24T16:32:41.6434434Z >       assert state["queue_status"] == "ACTIVE"
lint + type check + tests (py3.13)	UNKNOWN STEP	2026-09-24T16:32:41.6434755Z E       AssertionError: assert 'BLOCKED' == 'ACTIVE'
lint + type check + tests (py3.13)	UNKNOWN STEP	2026-09-24T16:32:41.6435042Z E         
lint + type check + tests (py3.13)	UNKNOWN STEP	2026-09-24T16:32:41.6435229Z E         - ACTIVE
lint + type check + tests (py3.13)	UNKNOWN STEP	2026-09-24T16:32:41.6435425Z E         + BLOCKED
lint + type check + tests (py3.13)	UNKNOWN STEP	2026-09-24T16:32:41.6435688Z 
lint + type check + tests (py3.13)	UNKNOWN STEP	2026-09-24T16:32:41.6435930Z tests/integration/test_review_ledger_integrity_regression.py:312: AssertionError
lint + type check + tests (py3.13)	UNKNOWN STEP	2026-09-24T16:32:41.6436404Z =========================== short test summary info ============================
lint + type check + tests (py3.13)	UNKNOWN STEP	2026-09-24T16:32:41.6437209Z SKIPPED [1] tests/unit/test_ai_orchestrator_recovery_state_machine.py:1154: tasklist 鍙湪 Windows 涓婂瓨鍦?lint + type check + tests (py3.13)	UNKNOWN STEP	2026-09-24T16:32:41.6437972Z SKIPPED [1] tests/unit/test_prompt_opinion.py:313: 璇勬祴璇枡 logs/annotation_sample.csv 涓嶅瓨鍦紙logs/ 涓嶅叆搴擄級
lint + type check + tests (py3.13)	UNKNOWN STEP	2026-09-24T16:32:41.6439183Z SKIPPED [1] tests/unit/test_text_similarity.py:79: 鏈幆澧冨凡瀹夎 jieba锛岃烦杩囨湭瀹夎鍒嗘敮
lint + type check + tests (py3.13)	UNKNOWN STEP	2026-09-24T16:32:41.6440072Z FAILED tests/integration/test_result_terminal_canary_regression.py::test_phase33_blocker_and_trading_invariants_unchanged - AssertionError: assert 'BLOCKED' == 'ACTIVE'
lint + type check + tests (py3.13)	UNKNOWN STEP	2026-09-24T16:32:41.6440942Z   
lint + type check + tests (py3.13)	UNKNOWN STEP	2026-09-24T16:32:41.6441137Z   - ACTIVE
lint + type check + tests (py3.13)	UNKNOWN STEP	2026-09-24T16:32:41.6441322Z   + BLOCKED
lint + type check + tests (py3.13)	UNKNOWN STEP	2026-09-24T16:32:41.6441993Z FAILED tests/integration/test_result_terminal_consistency_regression.py::test_phase33_blocker_and_trading_invariants_unchanged - AssertionError: assert 'BLOCKED' == 'ACTIVE'
lint + type check + tests (py3.13)	UNKNOWN STEP	2026-09-24T16:32:41.6442704Z   
lint + type check + tests (py3.13)	UNKNOWN STEP	2026-09-24T16:32:41.6442875Z   - ACTIVE
lint + type check + tests (py3.13)	UNKNOWN STEP	2026-09-24T16:32:41.6443054Z   + BLOCKED
lint + type check + tests (py3.13)	UNKNOWN STEP	2026-09-24T16:32:41.6443647Z FAILED tests/integration/test_review_binding_regression.py::test_phase33_blocker_and_trading_invariants_unchanged - AssertionError: assert 'BLOCKED' == 'ACTIVE'
lint + type check + tests (py3.13)	UNKNOWN STEP	2026-09-24T16:32:41.6444307Z   
lint + type check + tests (py3.13)	UNKNOWN STEP	2026-09-24T16:32:41.6444473Z   - ACTIVE
lint + type check + tests (py3.13)	UNKNOWN STEP	2026-09-24T16:32:41.6444647Z   + BLOCKED
lint + type check + tests (py3.13)	UNKNOWN STEP	2026-09-24T16:32:41.6445345Z FAILED tests/integration/test_review_closure_precondition_regression.py::test_real_repo_matching_candidate_is_ready_and_zero_write - AssertionError: assert ['CANDIDATE_S...OINTER_DRIFT'] == []
lint + type check + tests (py3.13)	UNKNOWN STEP	2026-09-24T16:32:41.6446124Z   
lint + type check + tests (py3.13)	UNKNOWN STEP	2026-09-24T16:32:41.6446383Z   Left contains one more item: 'CANDIDATE_STATE_POINTER_DRIFT'
lint + type check + tests (py3.13)	UNKNOWN STEP	2026-09-24T16:32:41.6446706Z   
lint + type check + tests (py3.13)	UNKNOWN STEP	2026-09-24T16:32:41.6446876Z   Full diff:
lint + type check + tests (py3.13)	UNKNOWN STEP	2026-09-24T16:32:41.6447065Z   - []
lint + type check + tests (py3.13)	UNKNOWN STEP	2026-09-24T16:32:41.6447236Z   + [
lint + type check + tests (py3.13)	UNKNOWN STEP	2026-09-24T16:32:41.6447441Z   +     'CANDIDATE_STATE_POINTER_DRIFT',
lint + type check + tests (py3.13)	UNKNOWN STEP	2026-09-24T16:32:41.6447698Z   + ]
lint + type check + tests (py3.13)	UNKNOWN STEP	2026-09-24T16:32:41.6448513Z FAILED tests/integration/test_review_closure_precondition_regression.py::test_real_repo_cli_temp_file_candidate_zero_write - assert 2 == 0
lint + type check + tests (py3.13)	UNKNOWN STEP	2026-09-24T16:32:41.6449141Z  +  where 0 = precondition.EXIT_OK
lint + type check + tests (py3.13)	UNKNOWN STEP	2026-09-24T16:32:41.6449877Z FAILED tests/integration/test_review_ledger_integrity_regression.py::test_phase33_blocker_and_trading_invariants_unchanged - AssertionError: assert 'BLOCKED' == 'ACTIVE'
lint + type check + tests (py3.13)	UNKNOWN STEP	2026-09-24T16:32:41.6450563Z   
lint + type check + tests (py3.13)	UNKNOWN STEP	2026-09-24T16:32:41.6450737Z   - ACTIVE
lint + type check + tests (py3.13)	UNKNOWN STEP	2026-09-24T16:32:41.6450913Z   + BLOCKED
lint + type check + tests (py3.13)	UNKNOWN STEP	2026-09-24T16:32:41.6451147Z 6 failed, 3833 passed, 3 skipped in 179.88s (0:02:59)
lint + type check + tests (py3.13)	UNKNOWN STEP	2026-09-24T16:32:42.9696214Z ##[error]Process completed with exit code 1.
lint + type check + tests (py3.13)	UNKNOWN STEP	2026-09-24T16:32:42.9843125Z Post job cleanup.
lint + type check + tests (py3.13)	UNKNOWN STEP	2026-09-24T16:32:43.0720644Z [command]/usr/bin/git version
lint + type check + tests (py3.13)	UNKNOWN STEP	2026-09-24T16:32:43.0762121Z git version 2.55.0
lint + type check + tests (py3.13)	UNKNOWN STEP	2026-09-24T16:32:43.0803696Z Temporarily overriding HOME='/home/runner/work/_temp/939e00f3-a32d-4c35-b13b-6920e7499626' before making global git config changes
lint + type check + tests (py3.13)	UNKNOWN STEP	2026-09-24T16:32:43.0805334Z Adding repository directory to the temporary git global config as a safe directory
lint + type check + tests (py3.13)	UNKNOWN STEP	2026-09-24T16:32:43.0809445Z [command]/usr/bin/git config --global --add safe.directory /home/runner/work/XAUUSD/XAUUSD
lint + type check + tests (py3.13)	UNKNOWN STEP	2026-09-24T16:32:43.0847967Z [command]/usr/bin/git config --local --name-only --get-regexp core\.sshCommand
lint + type check + tests (py3.13)	UNKNOWN STEP	2026-09-24T16:32:43.0882756Z [command]/usr/bin/git submodule foreach --recursive sh -c "git config --local --name-only --get-regexp 'core\.sshCommand' && git config --local --unset-all 'core.sshCommand' || :"
lint + type check + tests (py3.13)	UNKNOWN STEP	2026-09-24T16:32:43.1131360Z [command]/usr/bin/git config --local --name-only --get-regexp http\.https\:\/\/github\.com\/\.extraheader
lint + type check + tests (py3.13)	UNKNOWN STEP	2026-09-24T16:32:43.1160029Z http.https://github.com/.extraheader
lint + type check + tests (py3.13)	UNKNOWN STEP	2026-09-24T16:32:43.1182177Z [command]/usr/bin/git config --local --unset-all http.https://github.com/.extraheader
lint + type check + tests (py3.13)	UNKNOWN STEP	2026-09-24T16:32:43.1216928Z [command]/usr/bin/git submodule foreach --recursive sh -c "git config --local --name-only --get-regexp 'http\.https\:\/\/github\.com\/\.extraheader' && git config --local --unset-all 'http.https://github.com/.extraheader' || :"
lint + type check + tests (py3.13)	UNKNOWN STEP	2026-09-24T16:32:43.1472750Z [command]/usr/bin/git config --local --name-only --get-regexp ^includeIf\.gitdir:
lint + type check + tests (py3.13)	UNKNOWN STEP	2026-09-24T16:32:43.1520478Z [command]/usr/bin/git submodule foreach --recursive git config --local --show-origin --name-only --get-regexp remote.origin.url
lint + type check + tests (py3.13)	UNKNOWN STEP	2026-09-24T16:32:43.1952818Z Cleaning up orphan processes
lint + type check + tests (py3.13)	UNKNOWN STEP	2026-09-24T16:32:43.2359345Z ##[warning]Node.js 20 is deprecated. The following actions target Node.js 20 but are being forced to run on Node.js 24: actions/checkout@v4, actions/setup-python@v5. For more information see: https://github.blog/changelog/2025-09-19-deprecation-of-node-20-on-github-actions-runners/
