PostgreSQL native schema + seeds	UNKNOWN STEP	锘?026-09-24T17:29:44.0709159Z Current runner version: '2.337.0'
PostgreSQL native schema + seeds	UNKNOWN STEP	2026-09-24T17:29:44.0733400Z ##[group]Runner Image Provisioner
PostgreSQL native schema + seeds	UNKNOWN STEP	2026-09-24T17:29:44.0734384Z Hosted Compute Agent
PostgreSQL native schema + seeds	UNKNOWN STEP	2026-09-24T17:29:44.0735026Z Version: 20260828.587
PostgreSQL native schema + seeds	UNKNOWN STEP	2026-09-24T17:29:44.0735642Z Commit: abac92662cab4cc7352de4f9f9d2e2419aad9c29
PostgreSQL native schema + seeds	UNKNOWN STEP	2026-09-24T17:29:44.0736436Z Build Date: 2026-08-28T16:44:25Z
PostgreSQL native schema + seeds	UNKNOWN STEP	2026-09-24T17:29:44.0737111Z Worker ID: {ccc6050f-7356-4fe1-bf47-4726c647cd7c}
PostgreSQL native schema + seeds	UNKNOWN STEP	2026-09-24T17:29:44.0737852Z Azure Region: westus2
PostgreSQL native schema + seeds	UNKNOWN STEP	2026-09-24T17:29:44.0738475Z ##[endgroup]
PostgreSQL native schema + seeds	UNKNOWN STEP	2026-09-24T17:29:44.0740014Z ##[group]Operating System
PostgreSQL native schema + seeds	UNKNOWN STEP	2026-09-24T17:29:44.0741113Z Ubuntu
PostgreSQL native schema + seeds	UNKNOWN STEP	2026-09-24T17:29:44.0741696Z 24.04.5
PostgreSQL native schema + seeds	UNKNOWN STEP	2026-09-24T17:29:44.0742261Z LTS
PostgreSQL native schema + seeds	UNKNOWN STEP	2026-09-24T17:29:44.0742827Z ##[endgroup]
PostgreSQL native schema + seeds	UNKNOWN STEP	2026-09-24T17:29:44.0743379Z ##[group]Runner Image
PostgreSQL native schema + seeds	UNKNOWN STEP	2026-09-24T17:29:44.0744405Z Image: ubuntu-24.04
PostgreSQL native schema + seeds	UNKNOWN STEP	2026-09-24T17:29:44.0744987Z Version: 20260920.314.1
PostgreSQL native schema + seeds	UNKNOWN STEP	2026-09-24T17:29:44.0746385Z Included Software: https://github.com/actions/runner-images/blob/ubuntu24/20260920.314/images/ubuntu/Ubuntu2404-Readme.md
PostgreSQL native schema + seeds	UNKNOWN STEP	2026-09-24T17:29:44.0747939Z Image Release: https://github.com/actions/runner-images/releases/tag/ubuntu24%2F20260920.314
PostgreSQL native schema + seeds	UNKNOWN STEP	2026-09-24T17:29:44.0748968Z ##[endgroup]
PostgreSQL native schema + seeds	UNKNOWN STEP	2026-09-24T17:29:44.0750177Z ##[group]GITHUB_TOKEN Permissions
PostgreSQL native schema + seeds	UNKNOWN STEP	2026-09-24T17:29:44.0752373Z Contents: read
PostgreSQL native schema + seeds	UNKNOWN STEP	2026-09-24T17:29:44.0752991Z Metadata: read
PostgreSQL native schema + seeds	UNKNOWN STEP	2026-09-24T17:29:44.0753541Z Packages: read
PostgreSQL native schema + seeds	UNKNOWN STEP	2026-09-24T17:29:44.0754204Z ##[endgroup]
PostgreSQL native schema + seeds	UNKNOWN STEP	2026-09-24T17:29:44.0756220Z Secret source: Actions
PostgreSQL native schema + seeds	UNKNOWN STEP	2026-09-24T17:29:44.0757274Z Cache mode: write
PostgreSQL native schema + seeds	UNKNOWN STEP	2026-09-24T17:29:44.0757970Z Prepare workflow directory
PostgreSQL native schema + seeds	UNKNOWN STEP	2026-09-24T17:29:44.1267505Z Prepare all required actions
PostgreSQL native schema + seeds	UNKNOWN STEP	2026-09-24T17:29:44.1315632Z Getting action download info
PostgreSQL native schema + seeds	UNKNOWN STEP	2026-09-24T17:29:44.4944221Z Download action repository 'actions/checkout@v4' (SHA:11d5960a326750d5838078e36cf38b85af677262)
PostgreSQL native schema + seeds	UNKNOWN STEP	2026-09-24T17:29:44.5956777Z Download action repository 'actions/setup-python@v5' (SHA:a26af69be951a213d495a4c3e4e4022e16d87065)
PostgreSQL native schema + seeds	UNKNOWN STEP	2026-09-24T17:29:44.7837125Z Complete job name: PostgreSQL native schema + seeds
PostgreSQL native schema + seeds	UNKNOWN STEP	2026-09-24T17:29:44.8365048Z ##[group]Checking docker version
PostgreSQL native schema + seeds	UNKNOWN STEP	2026-09-24T17:29:44.8378287Z ##[command]/usr/bin/docker version --format '{{.Server.APIVersion}}'
PostgreSQL native schema + seeds	UNKNOWN STEP	2026-09-24T17:29:44.9423756Z '1.48'
PostgreSQL native schema + seeds	UNKNOWN STEP	2026-09-24T17:29:44.9435537Z Docker daemon API version: '1.48'
PostgreSQL native schema + seeds	UNKNOWN STEP	2026-09-24T17:29:44.9436332Z ##[command]/usr/bin/docker version --format '{{.Client.APIVersion}}'
PostgreSQL native schema + seeds	UNKNOWN STEP	2026-09-24T17:29:44.9596690Z '1.48'
PostgreSQL native schema + seeds	UNKNOWN STEP	2026-09-24T17:29:44.9608973Z Docker client API version: '1.48'
PostgreSQL native schema + seeds	UNKNOWN STEP	2026-09-24T17:29:44.9614821Z ##[endgroup]
PostgreSQL native schema + seeds	UNKNOWN STEP	2026-09-24T17:29:44.9618036Z ##[group]Clean up resources from previous jobs
PostgreSQL native schema + seeds	UNKNOWN STEP	2026-09-24T17:29:44.9624003Z ##[command]/usr/bin/docker ps --all --quiet --no-trunc --filter "label=7895ce"
PostgreSQL native schema + seeds	UNKNOWN STEP	2026-09-24T17:29:44.9762820Z ##[command]/usr/bin/docker network prune --force --filter "label=7895ce"
PostgreSQL native schema + seeds	UNKNOWN STEP	2026-09-24T17:29:44.9893591Z ##[endgroup]
PostgreSQL native schema + seeds	UNKNOWN STEP	2026-09-24T17:29:44.9894115Z ##[group]Create local container network
PostgreSQL native schema + seeds	UNKNOWN STEP	2026-09-24T17:29:44.9903818Z ##[command]/usr/bin/docker network create --label 7895ce github_network_2ff5fed4f68d45f19d27fed2872e69ba
PostgreSQL native schema + seeds	UNKNOWN STEP	2026-09-24T17:29:45.0445845Z 27d0c7bacb45f0e37b99b86bc3f24fd5238e61209b9634df242f4981cb532211
PostgreSQL native schema + seeds	UNKNOWN STEP	2026-09-24T17:29:45.0475596Z ##[endgroup]
PostgreSQL native schema + seeds	UNKNOWN STEP	2026-09-24T17:29:45.0499144Z ##[group]Starting postgres service container
PostgreSQL native schema + seeds	UNKNOWN STEP	2026-09-24T17:29:45.0520431Z ##[command]/usr/bin/docker pull postgres:16
PostgreSQL native schema + seeds	UNKNOWN STEP	2026-09-24T17:29:46.0346371Z 16: Pulling from library/postgres
PostgreSQL native schema + seeds	UNKNOWN STEP	2026-09-24T17:29:46.3147860Z 6b37362b3da7: Pulling fs layer
PostgreSQL native schema + seeds	UNKNOWN STEP	2026-09-24T17:29:46.3149268Z b1fdda8975a0: Pulling fs layer
PostgreSQL native schema + seeds	UNKNOWN STEP	2026-09-24T17:29:46.3150435Z 106e7e3cf19a: Pulling fs layer
PostgreSQL native schema + seeds	UNKNOWN STEP	2026-09-24T17:29:46.3151810Z ba0e979d0818: Pulling fs layer
PostgreSQL native schema + seeds	UNKNOWN STEP	2026-09-24T17:29:46.3152974Z ad29720ebbb9: Pulling fs layer
PostgreSQL native schema + seeds	UNKNOWN STEP	2026-09-24T17:29:46.3154091Z 3a749597affc: Pulling fs layer
PostgreSQL native schema + seeds	UNKNOWN STEP	2026-09-24T17:29:46.3155195Z 483fb6941c15: Pulling fs layer
PostgreSQL native schema + seeds	UNKNOWN STEP	2026-09-24T17:29:46.3156148Z 359ae0fc975d: Pulling fs layer
PostgreSQL native schema + seeds	UNKNOWN STEP	2026-09-24T17:29:46.3157107Z 56d4d190ef07: Pulling fs layer
PostgreSQL native schema + seeds	UNKNOWN STEP	2026-09-24T17:29:46.3158066Z 74156cf9f063: Pulling fs layer
PostgreSQL native schema + seeds	UNKNOWN STEP	2026-09-24T17:29:46.3159002Z f7c7d4dd80ba: Pulling fs layer
PostgreSQL native schema + seeds	UNKNOWN STEP	2026-09-24T17:29:46.3159999Z 749acf6dc637: Pulling fs layer
PostgreSQL native schema + seeds	UNKNOWN STEP	2026-09-24T17:29:46.3161540Z 4d848243a73e: Pulling fs layer
PostgreSQL native schema + seeds	UNKNOWN STEP	2026-09-24T17:29:46.3162580Z 6ad4758748c1: Pulling fs layer
PostgreSQL native schema + seeds	UNKNOWN STEP	2026-09-24T17:29:46.3163600Z 749acf6dc637: Waiting
PostgreSQL native schema + seeds	UNKNOWN STEP	2026-09-24T17:29:46.3164734Z 359ae0fc975d: Waiting
PostgreSQL native schema + seeds	UNKNOWN STEP	2026-09-24T17:29:46.3165669Z 4d848243a73e: Waiting
PostgreSQL native schema + seeds	UNKNOWN STEP	2026-09-24T17:29:46.3166597Z 56d4d190ef07: Waiting
PostgreSQL native schema + seeds	UNKNOWN STEP	2026-09-24T17:29:46.3167528Z 74156cf9f063: Waiting
PostgreSQL native schema + seeds	UNKNOWN STEP	2026-09-24T17:29:46.3168486Z f7c7d4dd80ba: Waiting
PostgreSQL native schema + seeds	UNKNOWN STEP	2026-09-24T17:29:46.3169420Z 6ad4758748c1: Waiting
PostgreSQL native schema + seeds	UNKNOWN STEP	2026-09-24T17:29:46.3170507Z ad29720ebbb9: Waiting
PostgreSQL native schema + seeds	UNKNOWN STEP	2026-09-24T17:29:46.3172001Z ba0e979d0818: Waiting
PostgreSQL native schema + seeds	UNKNOWN STEP	2026-09-24T17:29:46.3173181Z 483fb6941c15: Waiting
PostgreSQL native schema + seeds	UNKNOWN STEP	2026-09-24T17:29:46.5865414Z b1fdda8975a0: Verifying Checksum
PostgreSQL native schema + seeds	UNKNOWN STEP	2026-09-24T17:29:46.5866359Z b1fdda8975a0: Download complete
PostgreSQL native schema + seeds	UNKNOWN STEP	2026-09-24T17:29:46.6825043Z 106e7e3cf19a: Verifying Checksum
PostgreSQL native schema + seeds	UNKNOWN STEP	2026-09-24T17:29:46.6826220Z 106e7e3cf19a: Download complete
PostgreSQL native schema + seeds	UNKNOWN STEP	2026-09-24T17:29:46.7495024Z 6b37362b3da7: Verifying Checksum
PostgreSQL native schema + seeds	UNKNOWN STEP	2026-09-24T17:29:46.7496058Z 6b37362b3da7: Download complete
PostgreSQL native schema + seeds	UNKNOWN STEP	2026-09-24T17:29:46.8948412Z ba0e979d0818: Verifying Checksum
PostgreSQL native schema + seeds	UNKNOWN STEP	2026-09-24T17:29:47.0337841Z ba0e979d0818: Download complete
PostgreSQL native schema + seeds	UNKNOWN STEP	2026-09-24T17:29:47.0338508Z ad29720ebbb9: Verifying Checksum
PostgreSQL native schema + seeds	UNKNOWN STEP	2026-09-24T17:29:47.0339033Z ad29720ebbb9: Download complete
PostgreSQL native schema + seeds	UNKNOWN STEP	2026-09-24T17:29:47.0527634Z 3a749597affc: Verifying Checksum
PostgreSQL native schema + seeds	UNKNOWN STEP	2026-09-24T17:29:47.0529601Z 3a749597affc: Download complete
PostgreSQL native schema + seeds	UNKNOWN STEP	2026-09-24T17:29:47.1493031Z 483fb6941c15: Verifying Checksum
PostgreSQL native schema + seeds	UNKNOWN STEP	2026-09-24T17:29:47.1493711Z 483fb6941c15: Download complete
PostgreSQL native schema + seeds	UNKNOWN STEP	2026-09-24T17:29:47.2532994Z 359ae0fc975d: Verifying Checksum
PostgreSQL native schema + seeds	UNKNOWN STEP	2026-09-24T17:29:47.2533626Z 359ae0fc975d: Download complete
PostgreSQL native schema + seeds	UNKNOWN STEP	2026-09-24T17:29:47.3913405Z 74156cf9f063: Download complete
PostgreSQL native schema + seeds	UNKNOWN STEP	2026-09-24T17:29:47.4990887Z f7c7d4dd80ba: Verifying Checksum
PostgreSQL native schema + seeds	UNKNOWN STEP	2026-09-24T17:29:47.4991953Z f7c7d4dd80ba: Download complete
PostgreSQL native schema + seeds	UNKNOWN STEP	2026-09-24T17:29:47.6413540Z 749acf6dc637: Verifying Checksum
PostgreSQL native schema + seeds	UNKNOWN STEP	2026-09-24T17:29:47.6414115Z 749acf6dc637: Download complete
PostgreSQL native schema + seeds	UNKNOWN STEP	2026-09-24T17:29:47.7225183Z 56d4d190ef07: Verifying Checksum
PostgreSQL native schema + seeds	UNKNOWN STEP	2026-09-24T17:29:47.7226218Z 56d4d190ef07: Download complete
PostgreSQL native schema + seeds	UNKNOWN STEP	2026-09-24T17:29:47.7450351Z 4d848243a73e: Verifying Checksum
PostgreSQL native schema + seeds	UNKNOWN STEP	2026-09-24T17:29:47.7451161Z 4d848243a73e: Download complete
PostgreSQL native schema + seeds	UNKNOWN STEP	2026-09-24T17:29:47.8682806Z 6b37362b3da7: Pull complete
PostgreSQL native schema + seeds	UNKNOWN STEP	2026-09-24T17:29:47.8919380Z 6ad4758748c1: Verifying Checksum
PostgreSQL native schema + seeds	UNKNOWN STEP	2026-09-24T17:29:47.8920006Z 6ad4758748c1: Download complete
PostgreSQL native schema + seeds	UNKNOWN STEP	2026-09-24T17:29:50.3986826Z b1fdda8975a0: Pull complete
PostgreSQL native schema + seeds	UNKNOWN STEP	2026-09-24T17:29:50.5764028Z 106e7e3cf19a: Pull complete
PostgreSQL native schema + seeds	UNKNOWN STEP	2026-09-24T17:29:50.6188465Z ba0e979d0818: Pull complete
PostgreSQL native schema + seeds	UNKNOWN STEP	2026-09-24T17:29:50.9295475Z ad29720ebbb9: Pull complete
PostgreSQL native schema + seeds	UNKNOWN STEP	2026-09-24T17:29:51.0071641Z 3a749597affc: Pull complete
PostgreSQL native schema + seeds	UNKNOWN STEP	2026-09-24T17:29:51.0165413Z 483fb6941c15: Pull complete
PostgreSQL native schema + seeds	UNKNOWN STEP	2026-09-24T17:29:51.0261081Z 359ae0fc975d: Pull complete
PostgreSQL native schema + seeds	UNKNOWN STEP	2026-09-24T17:29:54.0598086Z 56d4d190ef07: Pull complete
PostgreSQL native schema + seeds	UNKNOWN STEP	2026-09-24T17:29:54.0792301Z 74156cf9f063: Pull complete
PostgreSQL native schema + seeds	UNKNOWN STEP	2026-09-24T17:29:54.0882569Z f7c7d4dd80ba: Pull complete
PostgreSQL native schema + seeds	UNKNOWN STEP	2026-09-24T17:29:54.0972623Z 749acf6dc637: Pull complete
PostgreSQL native schema + seeds	UNKNOWN STEP	2026-09-24T17:29:54.1071811Z 4d848243a73e: Pull complete
PostgreSQL native schema + seeds	UNKNOWN STEP	2026-09-24T17:29:54.1147535Z 6ad4758748c1: Pull complete
PostgreSQL native schema + seeds	UNKNOWN STEP	2026-09-24T17:29:54.1187088Z Digest: sha256:a3b7f434b2dc57ce85a67e171163eb8ab1a1ebcb39d27484661f26b1dfbe30d6
PostgreSQL native schema + seeds	UNKNOWN STEP	2026-09-24T17:29:54.1198341Z Status: Downloaded newer image for postgres:16
PostgreSQL native schema + seeds	UNKNOWN STEP	2026-09-24T17:29:54.1207863Z docker.io/library/postgres:16
PostgreSQL native schema + seeds	UNKNOWN STEP	2026-09-24T17:29:54.1267032Z ##[command]/usr/bin/docker create --name 62d565ff08074e87a098d74332c04f12_postgres16_eeb1cc --label 7895ce --network github_network_2ff5fed4f68d45f19d27fed2872e69ba --network-alias postgres -p 5432:5432 --health-cmd "pg_isready -U gold_ai -d gold_ai" --health-interval 5s --health-timeout 5s --health-retries 20 -e "POSTGRES_USER=gold_ai" -e "POSTGRES_PASSWORD=gold_ai" -e "POSTGRES_DB=gold_ai" -e GITHUB_ACTIONS=true -e CI=true postgres:16
PostgreSQL native schema + seeds	UNKNOWN STEP	2026-09-24T17:29:54.1522945Z 9fa1109b51fdf3cafa9ebe774df4c77385fc303ec173c1a258755d15fce6d027
PostgreSQL native schema + seeds	UNKNOWN STEP	2026-09-24T17:29:54.1545098Z ##[command]/usr/bin/docker start 9fa1109b51fdf3cafa9ebe774df4c77385fc303ec173c1a258755d15fce6d027
PostgreSQL native schema + seeds	UNKNOWN STEP	2026-09-24T17:29:54.3791679Z 9fa1109b51fdf3cafa9ebe774df4c77385fc303ec173c1a258755d15fce6d027
PostgreSQL native schema + seeds	UNKNOWN STEP	2026-09-24T17:29:54.3811797Z ##[command]/usr/bin/docker ps --all --filter id=9fa1109b51fdf3cafa9ebe774df4c77385fc303ec173c1a258755d15fce6d027 --filter status=running --no-trunc --format "{{.ID}} {{.Status}}"
PostgreSQL native schema + seeds	UNKNOWN STEP	2026-09-24T17:29:54.3948098Z 9fa1109b51fdf3cafa9ebe774df4c77385fc303ec173c1a258755d15fce6d027 Up Less than a second (health: starting)
PostgreSQL native schema + seeds	UNKNOWN STEP	2026-09-24T17:29:54.3974607Z ##[command]/usr/bin/docker port 9fa1109b51fdf3cafa9ebe774df4c77385fc303ec173c1a258755d15fce6d027
PostgreSQL native schema + seeds	UNKNOWN STEP	2026-09-24T17:29:54.4118156Z 5432/tcp -> 0.0.0.0:5432
PostgreSQL native schema + seeds	UNKNOWN STEP	2026-09-24T17:29:54.4129641Z 5432/tcp -> [::]:5432
PostgreSQL native schema + seeds	UNKNOWN STEP	2026-09-24T17:29:54.4165751Z ##[endgroup]
PostgreSQL native schema + seeds	UNKNOWN STEP	2026-09-24T17:29:54.4174735Z ##[group]Waiting for all services to be ready
PostgreSQL native schema + seeds	UNKNOWN STEP	2026-09-24T17:29:54.4188362Z ##[command]/usr/bin/docker inspect --format="{{if .Config.Healthcheck}}{{print .State.Health.Status}}{{end}}" 9fa1109b51fdf3cafa9ebe774df4c77385fc303ec173c1a258755d15fce6d027
PostgreSQL native schema + seeds	UNKNOWN STEP	2026-09-24T17:29:54.4324659Z starting
PostgreSQL native schema + seeds	UNKNOWN STEP	2026-09-24T17:29:54.4345007Z postgres service is starting, waiting 2 seconds before checking again.
PostgreSQL native schema + seeds	UNKNOWN STEP	2026-09-24T17:29:56.4349427Z ##[command]/usr/bin/docker inspect --format="{{if .Config.Healthcheck}}{{print .State.Health.Status}}{{end}}" 9fa1109b51fdf3cafa9ebe774df4c77385fc303ec173c1a258755d15fce6d027
PostgreSQL native schema + seeds	UNKNOWN STEP	2026-09-24T17:29:56.4478255Z starting
PostgreSQL native schema + seeds	UNKNOWN STEP	2026-09-24T17:29:56.4491045Z postgres service is starting, waiting 3 seconds before checking again.
PostgreSQL native schema + seeds	UNKNOWN STEP	2026-09-24T17:30:00.3383197Z ##[command]/usr/bin/docker inspect --format="{{if .Config.Healthcheck}}{{print .State.Health.Status}}{{end}}" 9fa1109b51fdf3cafa9ebe774df4c77385fc303ec173c1a258755d15fce6d027
PostgreSQL native schema + seeds	UNKNOWN STEP	2026-09-24T17:30:00.3508133Z healthy
PostgreSQL native schema + seeds	UNKNOWN STEP	2026-09-24T17:30:00.3523934Z postgres service is healthy.
PostgreSQL native schema + seeds	UNKNOWN STEP	2026-09-24T17:30:00.3524393Z ##[endgroup]
PostgreSQL native schema + seeds	UNKNOWN STEP	2026-09-24T17:30:00.3813995Z ##[group]Run actions/checkout@v4
PostgreSQL native schema + seeds	UNKNOWN STEP	2026-09-24T17:30:00.3814552Z with:
PostgreSQL native schema + seeds	UNKNOWN STEP	2026-09-24T17:30:00.3814768Z   fetch-depth: 0
PostgreSQL native schema + seeds	UNKNOWN STEP	2026-09-24T17:30:00.3814998Z   repository: liq87917-boop/XAUUSD
PostgreSQL native schema + seeds	UNKNOWN STEP	2026-09-24T17:30:00.3817298Z   token: ***
PostgreSQL native schema + seeds	UNKNOWN STEP	2026-09-24T17:30:00.3817510Z   ssh-strict: true
PostgreSQL native schema + seeds	UNKNOWN STEP	2026-09-24T17:30:00.3817730Z   ssh-user: git
PostgreSQL native schema + seeds	UNKNOWN STEP	2026-09-24T17:30:00.3817941Z   persist-credentials: true
PostgreSQL native schema + seeds	UNKNOWN STEP	2026-09-24T17:30:00.3818179Z   clean: true
PostgreSQL native schema + seeds	UNKNOWN STEP	2026-09-24T17:30:00.3818399Z   sparse-checkout-cone-mode: true
PostgreSQL native schema + seeds	UNKNOWN STEP	2026-09-24T17:30:00.3818649Z   fetch-tags: false
PostgreSQL native schema + seeds	UNKNOWN STEP	2026-09-24T17:30:00.3818852Z   show-progress: true
PostgreSQL native schema + seeds	UNKNOWN STEP	2026-09-24T17:30:00.3819056Z   lfs: false
PostgreSQL native schema + seeds	UNKNOWN STEP	2026-09-24T17:30:00.3819236Z   submodules: false
PostgreSQL native schema + seeds	UNKNOWN STEP	2026-09-24T17:30:00.3819441Z   set-safe-directory: true
PostgreSQL native schema + seeds	UNKNOWN STEP	2026-09-24T17:30:00.3819679Z   allow-unsafe-pr-checkout: false
PostgreSQL native schema + seeds	UNKNOWN STEP	2026-09-24T17:30:00.3820096Z env:
PostgreSQL native schema + seeds	UNKNOWN STEP	2026-09-24T17:30:00.3820566Z   DATABASE_URL: ***localhost:5432/gold_ai
PostgreSQL native schema + seeds	UNKNOWN STEP	2026-09-24T17:30:00.3821124Z ##[endgroup]
PostgreSQL native schema + seeds	UNKNOWN STEP	2026-09-24T17:30:00.4888624Z Syncing repository: liq87917-boop/XAUUSD
PostgreSQL native schema + seeds	UNKNOWN STEP	2026-09-24T17:30:00.4890900Z ##[group]Getting Git version info
PostgreSQL native schema + seeds	UNKNOWN STEP	2026-09-24T17:30:00.4891516Z Working directory is '/home/runner/work/XAUUSD/XAUUSD'
PostgreSQL native schema + seeds	UNKNOWN STEP	2026-09-24T17:30:00.4892360Z [command]/usr/bin/git version
PostgreSQL native schema + seeds	UNKNOWN STEP	2026-09-24T17:30:00.5005954Z git version 2.55.0
PostgreSQL native schema + seeds	UNKNOWN STEP	2026-09-24T17:30:00.5028862Z ##[endgroup]
PostgreSQL native schema + seeds	UNKNOWN STEP	2026-09-24T17:30:00.5047233Z Temporarily overriding HOME='/home/runner/work/_temp/c975aa46-80ef-4552-88c2-76df56a37957' before making global git config changes
PostgreSQL native schema + seeds	UNKNOWN STEP	2026-09-24T17:30:00.5048744Z Adding repository directory to the temporary git global config as a safe directory
PostgreSQL native schema + seeds	UNKNOWN STEP	2026-09-24T17:30:00.5055783Z [command]/usr/bin/git config --global --add safe.directory /home/runner/work/XAUUSD/XAUUSD
PostgreSQL native schema + seeds	UNKNOWN STEP	2026-09-24T17:30:00.5108944Z Deleting the contents of '/home/runner/work/XAUUSD/XAUUSD'
PostgreSQL native schema + seeds	UNKNOWN STEP	2026-09-24T17:30:00.5113161Z ##[group]Initializing the repository
PostgreSQL native schema + seeds	UNKNOWN STEP	2026-09-24T17:30:00.5118510Z [command]/usr/bin/git init /home/runner/work/XAUUSD/XAUUSD
PostgreSQL native schema + seeds	UNKNOWN STEP	2026-09-24T17:30:00.5228705Z hint: Using 'master' as the name for the initial branch. This default branch name
PostgreSQL native schema + seeds	UNKNOWN STEP	2026-09-24T17:30:00.5229822Z hint: will change to "main" in Git 3.0. To configure the initial branch name
PostgreSQL native schema + seeds	UNKNOWN STEP	2026-09-24T17:30:00.5230934Z hint: to use in all of your new repositories, which will suppress this warning,
PostgreSQL native schema + seeds	UNKNOWN STEP	2026-09-24T17:30:00.5231631Z hint: call:
PostgreSQL native schema + seeds	UNKNOWN STEP	2026-09-24T17:30:00.5232211Z hint:
PostgreSQL native schema + seeds	UNKNOWN STEP	2026-09-24T17:30:00.5232693Z hint: 	git config --global init.defaultBranch <name>
PostgreSQL native schema + seeds	UNKNOWN STEP	2026-09-24T17:30:00.5233215Z hint:
PostgreSQL native schema + seeds	UNKNOWN STEP	2026-09-24T17:30:00.5233767Z hint: Names commonly chosen instead of 'master' are 'main', 'trunk' and
PostgreSQL native schema + seeds	UNKNOWN STEP	2026-09-24T17:30:00.5234614Z hint: 'development'. The just-created branch can be renamed via this command:
PostgreSQL native schema + seeds	UNKNOWN STEP	2026-09-24T17:30:00.5235324Z hint:
PostgreSQL native schema + seeds	UNKNOWN STEP	2026-09-24T17:30:00.5235706Z hint: 	git branch -m <name>
PostgreSQL native schema + seeds	UNKNOWN STEP	2026-09-24T17:30:00.5236126Z hint:
PostgreSQL native schema + seeds	UNKNOWN STEP	2026-09-24T17:30:00.5236690Z hint: Disable this message with "git config set advice.defaultBranchName false"
PostgreSQL native schema + seeds	UNKNOWN STEP	2026-09-24T17:30:00.5237665Z Initialized empty Git repository in /home/runner/work/XAUUSD/XAUUSD/.git/
PostgreSQL native schema + seeds	UNKNOWN STEP	2026-09-24T17:30:00.5248286Z [command]/usr/bin/git remote add origin https://github.com/liq87917-boop/XAUUSD
PostgreSQL native schema + seeds	UNKNOWN STEP	2026-09-24T17:30:00.5310439Z ##[endgroup]
PostgreSQL native schema + seeds	UNKNOWN STEP	2026-09-24T17:30:00.5311578Z ##[group]Disabling automatic garbage collection
PostgreSQL native schema + seeds	UNKNOWN STEP	2026-09-24T17:30:00.5316261Z [command]/usr/bin/git config --local gc.auto 0
PostgreSQL native schema + seeds	UNKNOWN STEP	2026-09-24T17:30:00.5349784Z ##[endgroup]
PostgreSQL native schema + seeds	UNKNOWN STEP	2026-09-24T17:30:00.5350478Z ##[group]Setting up auth
PostgreSQL native schema + seeds	UNKNOWN STEP	2026-09-24T17:30:00.5357672Z [command]/usr/bin/git config --local --name-only --get-regexp core\.sshCommand
PostgreSQL native schema + seeds	UNKNOWN STEP	2026-09-24T17:30:00.5391481Z [command]/usr/bin/git submodule foreach --recursive sh -c "git config --local --name-only --get-regexp 'core\.sshCommand' && git config --local --unset-all 'core.sshCommand' || :"
PostgreSQL native schema + seeds	UNKNOWN STEP	2026-09-24T17:30:00.5799601Z [command]/usr/bin/git config --local --name-only --get-regexp http\.https\:\/\/github\.com\/\.extraheader
PostgreSQL native schema + seeds	UNKNOWN STEP	2026-09-24T17:30:00.5838538Z [command]/usr/bin/git submodule foreach --recursive sh -c "git config --local --name-only --get-regexp 'http\.https\:\/\/github\.com\/\.extraheader' && git config --local --unset-all 'http.https://github.com/.extraheader' || :"
PostgreSQL native schema + seeds	UNKNOWN STEP	2026-09-24T17:30:00.6066599Z [command]/usr/bin/git config --local --name-only --get-regexp ^includeIf\.gitdir:
PostgreSQL native schema + seeds	UNKNOWN STEP	2026-09-24T17:30:00.6102246Z [command]/usr/bin/git submodule foreach --recursive git config --local --show-origin --name-only --get-regexp remote.origin.url
PostgreSQL native schema + seeds	UNKNOWN STEP	2026-09-24T17:30:00.6329699Z [command]/usr/bin/git config --local http.https://github.com/.extraheader AUTHORIZATION: basic ***
PostgreSQL native schema + seeds	UNKNOWN STEP	2026-09-24T17:30:00.6370988Z ##[endgroup]
PostgreSQL native schema + seeds	UNKNOWN STEP	2026-09-24T17:30:00.6371630Z ##[group]Fetching the repository
PostgreSQL native schema + seeds	UNKNOWN STEP	2026-09-24T17:30:00.6381674Z [command]/usr/bin/git -c protocol.version=2 fetch --prune --no-recurse-submodules origin +refs/heads/*:refs/remotes/origin/* +refs/tags/*:refs/tags/*
PostgreSQL native schema + seeds	UNKNOWN STEP	2026-09-24T17:30:01.5298368Z From https://github.com/liq87917-boop/XAUUSD
PostgreSQL native schema + seeds	UNKNOWN STEP	2026-09-24T17:30:01.5299046Z  * [new branch]      cline-agent -> origin/cline-agent
PostgreSQL native schema + seeds	UNKNOWN STEP	2026-09-24T17:30:01.5312953Z [command]/usr/bin/git branch --list --remote origin/cline-agent
PostgreSQL native schema + seeds	UNKNOWN STEP	2026-09-24T17:30:01.5342453Z   origin/cline-agent
PostgreSQL native schema + seeds	UNKNOWN STEP	2026-09-24T17:30:01.5352559Z [command]/usr/bin/git rev-parse refs/remotes/origin/cline-agent
PostgreSQL native schema + seeds	UNKNOWN STEP	2026-09-24T17:30:01.5379415Z 490c1decf1ba4b316019c7a272726d04601b8fab
PostgreSQL native schema + seeds	UNKNOWN STEP	2026-09-24T17:30:01.5384596Z ##[endgroup]
PostgreSQL native schema + seeds	UNKNOWN STEP	2026-09-24T17:30:01.5385010Z ##[group]Determining the checkout info
PostgreSQL native schema + seeds	UNKNOWN STEP	2026-09-24T17:30:01.5386427Z ##[endgroup]
PostgreSQL native schema + seeds	UNKNOWN STEP	2026-09-24T17:30:01.5395794Z [command]/usr/bin/git sparse-checkout disable
PostgreSQL native schema + seeds	UNKNOWN STEP	2026-09-24T17:30:01.5486874Z [command]/usr/bin/git config --local --unset-all extensions.worktreeConfig
PostgreSQL native schema + seeds	UNKNOWN STEP	2026-09-24T17:30:01.5518736Z ##[group]Checking out the ref
PostgreSQL native schema + seeds	UNKNOWN STEP	2026-09-24T17:30:01.5523552Z [command]/usr/bin/git checkout --progress --force -B cline-agent refs/remotes/origin/cline-agent
PostgreSQL native schema + seeds	UNKNOWN STEP	2026-09-24T17:30:01.6140446Z Switched to a new branch 'cline-agent'
PostgreSQL native schema + seeds	UNKNOWN STEP	2026-09-24T17:30:01.6145473Z branch 'cline-agent' set up to track 'origin/cline-agent'.
PostgreSQL native schema + seeds	UNKNOWN STEP	2026-09-24T17:30:01.6153387Z ##[endgroup]
PostgreSQL native schema + seeds	UNKNOWN STEP	2026-09-24T17:30:01.6199717Z [command]/usr/bin/git log -1 --format=%H
PostgreSQL native schema + seeds	UNKNOWN STEP	2026-09-24T17:30:01.6227149Z 490c1decf1ba4b316019c7a272726d04601b8fab
PostgreSQL native schema + seeds	UNKNOWN STEP	2026-09-24T17:30:01.6477724Z ##[group]Run actions/setup-python@v5
PostgreSQL native schema + seeds	UNKNOWN STEP	2026-09-24T17:30:01.6478018Z with:
PostgreSQL native schema + seeds	UNKNOWN STEP	2026-09-24T17:30:01.6478212Z   python-version: 3.13
PostgreSQL native schema + seeds	UNKNOWN STEP	2026-09-24T17:30:01.6478424Z   cache: pip
PostgreSQL native schema + seeds	UNKNOWN STEP	2026-09-24T17:30:01.6478610Z   check-latest: false
PostgreSQL native schema + seeds	UNKNOWN STEP	2026-09-24T17:30:01.6481004Z   token: ***
PostgreSQL native schema + seeds	UNKNOWN STEP	2026-09-24T17:30:01.6481411Z   update-environment: true
PostgreSQL native schema + seeds	UNKNOWN STEP	2026-09-24T17:30:01.6481646Z   allow-prereleases: false
PostgreSQL native schema + seeds	UNKNOWN STEP	2026-09-24T17:30:01.6481878Z   freethreaded: false
PostgreSQL native schema + seeds	UNKNOWN STEP	2026-09-24T17:30:01.6482079Z env:
PostgreSQL native schema + seeds	UNKNOWN STEP	2026-09-24T17:30:01.6482512Z   DATABASE_URL: ***localhost:5432/gold_ai
PostgreSQL native schema + seeds	UNKNOWN STEP	2026-09-24T17:30:01.6482774Z ##[endgroup]
PostgreSQL native schema + seeds	UNKNOWN STEP	2026-09-24T17:30:01.7820187Z ##[group]Installed versions
PostgreSQL native schema + seeds	UNKNOWN STEP	2026-09-24T17:30:01.7931560Z (node:2662) [DEP0040] DeprecationWarning: The `punycode` module is deprecated. Please use a userland alternative instead.
PostgreSQL native schema + seeds	UNKNOWN STEP	2026-09-24T17:30:01.7932709Z (Use `node --trace-deprecation ...` to show where the warning was created)
PostgreSQL native schema + seeds	UNKNOWN STEP	2026-09-24T17:30:01.7933385Z Successfully set up CPython (3.13.15)
PostgreSQL native schema + seeds	UNKNOWN STEP	2026-09-24T17:30:01.7934068Z ##[endgroup]
PostgreSQL native schema + seeds	UNKNOWN STEP	2026-09-24T17:30:01.9802658Z [command]/opt/hostedtoolcache/Python/3.13.15/x64/bin/pip cache dir
PostgreSQL native schema + seeds	UNKNOWN STEP	2026-09-24T17:30:02.2870359Z /home/runner/.cache/pip
PostgreSQL native schema + seeds	UNKNOWN STEP	2026-09-24T17:30:02.5942130Z Cache hit for: setup-python-Linux-x64-24.04-Ubuntu-python-3.13.15-pip-99b428ef1de79221bf7db326db48be795a0649224efb6fac12f7835098d359f1
PostgreSQL native schema + seeds	UNKNOWN STEP	2026-09-24T17:30:02.6047527Z (node:2662) [DEP0169] DeprecationWarning: `url.parse()` behavior is not standardized and prone to errors that have security implications. Use the WHATWG URL API instead. CVEs are not issued for `url.parse()` vulnerabilities.
PostgreSQL native schema + seeds	UNKNOWN STEP	2026-09-24T17:30:03.8915586Z Received 4194304 of 205242726 (2.0%), 4.0 MBs/sec
PostgreSQL native schema + seeds	UNKNOWN STEP	2026-09-24T17:30:04.8920905Z Received 117440512 of 205242726 (57.2%), 56.0 MBs/sec
PostgreSQL native schema + seeds	UNKNOWN STEP	2026-09-24T17:30:05.8175554Z Received 205242726 of 205242726 (100.0%), 66.9 MBs/sec
PostgreSQL native schema + seeds	UNKNOWN STEP	2026-09-24T17:30:05.8176265Z Cache Size: ~196 MB (205242726 B)
PostgreSQL native schema + seeds	UNKNOWN STEP	2026-09-24T17:30:05.8295308Z [command]/usr/bin/tar -xf /home/runner/work/_temp/7a8636c2-45cb-4dc4-8b98-6c3ccd912bbc/cache.tzst -P -C /home/runner/work/XAUUSD/XAUUSD --use-compress-program unzstd
PostgreSQL native schema + seeds	UNKNOWN STEP	2026-09-24T17:30:06.1185846Z Cache restored successfully
PostgreSQL native schema + seeds	UNKNOWN STEP	2026-09-24T17:30:06.1279756Z Cache restored from key: setup-python-Linux-x64-24.04-Ubuntu-python-3.13.15-pip-99b428ef1de79221bf7db326db48be795a0649224efb6fac12f7835098d359f1
PostgreSQL native schema + seeds	UNKNOWN STEP	2026-09-24T17:30:06.1476716Z ##[group]Run python -m pip install --upgrade pip
PostgreSQL native schema + seeds	UNKNOWN STEP	2026-09-24T17:30:06.1477168Z ^[[36;1mpython -m pip install --upgrade pip^[[0m
PostgreSQL native schema + seeds	UNKNOWN STEP	2026-09-24T17:30:06.1477509Z ^[[36;1mpython -m pip install -e ".[dev]"^[[0m
PostgreSQL native schema + seeds	UNKNOWN STEP	2026-09-24T17:30:06.1714702Z shell: /usr/bin/bash -e {0}
PostgreSQL native schema + seeds	UNKNOWN STEP	2026-09-24T17:30:06.1715019Z env:
PostgreSQL native schema + seeds	UNKNOWN STEP	2026-09-24T17:30:06.1715569Z   DATABASE_URL: ***localhost:5432/gold_ai
PostgreSQL native schema + seeds	UNKNOWN STEP	2026-09-24T17:30:06.1715967Z   pythonLocation: /opt/hostedtoolcache/Python/3.13.15/x64
PostgreSQL native schema + seeds	UNKNOWN STEP	2026-09-24T17:30:06.1716477Z   PKG_CONFIG_PATH: /opt/hostedtoolcache/Python/3.13.15/x64/lib/pkgconfig
PostgreSQL native schema + seeds	UNKNOWN STEP	2026-09-24T17:30:06.1716972Z   Python_ROOT_DIR: /opt/hostedtoolcache/Python/3.13.15/x64
PostgreSQL native schema + seeds	UNKNOWN STEP	2026-09-24T17:30:06.1717404Z   Python2_ROOT_DIR: /opt/hostedtoolcache/Python/3.13.15/x64
PostgreSQL native schema + seeds	UNKNOWN STEP	2026-09-24T17:30:06.1717835Z   Python3_ROOT_DIR: /opt/hostedtoolcache/Python/3.13.15/x64
PostgreSQL native schema + seeds	UNKNOWN STEP	2026-09-24T17:30:06.1718277Z   LD_LIBRARY_PATH: /opt/hostedtoolcache/Python/3.13.15/x64/lib
PostgreSQL native schema + seeds	UNKNOWN STEP	2026-09-24T17:30:06.1718644Z ##[endgroup]
PostgreSQL native schema + seeds	UNKNOWN STEP	2026-09-24T17:30:06.7116204Z Requirement already satisfied: pip in /opt/hostedtoolcache/Python/3.13.15/x64/lib/python3.13/site-packages (26.2.1)
PostgreSQL native schema + seeds	UNKNOWN STEP	2026-09-24T17:30:07.1804025Z Obtaining file:///home/runner/work/XAUUSD/XAUUSD
PostgreSQL native schema + seeds	UNKNOWN STEP	2026-09-24T17:30:07.1822858Z   Installing build dependencies: started
PostgreSQL native schema + seeds	UNKNOWN STEP	2026-09-24T17:30:07.7556301Z   Installing build dependencies: finished with status 'done'
PostgreSQL native schema + seeds	UNKNOWN STEP	2026-09-24T17:30:07.7562774Z   Checking if build backend supports build_editable: started
PostgreSQL native schema + seeds	UNKNOWN STEP	2026-09-24T17:30:08.1140114Z   Checking if build backend supports build_editable: finished with status 'done'
PostgreSQL native schema + seeds	UNKNOWN STEP	2026-09-24T17:30:08.1148768Z   Getting requirements to build editable: started
PostgreSQL native schema + seeds	UNKNOWN STEP	2026-09-24T17:30:08.4626851Z   Getting requirements to build editable: finished with status 'done'
PostgreSQL native schema + seeds	UNKNOWN STEP	2026-09-24T17:30:08.4635545Z   Preparing editable metadata (pyproject.toml): started
PostgreSQL native schema + seeds	UNKNOWN STEP	2026-09-24T17:30:08.6638390Z   Preparing editable metadata (pyproject.toml): finished with status 'done'
PostgreSQL native schema + seeds	UNKNOWN STEP	2026-09-24T17:30:08.9865557Z Collecting sqlalchemy>=2.0.30 (from gold-ai==0.2.0)
PostgreSQL native schema + seeds	UNKNOWN STEP	2026-09-24T17:30:08.9881211Z   Using cached sqlalchemy-2.0.54-cp313-cp313-manylinux2014_x86_64.manylinux_2_17_x86_64.manylinux_2_28_x86_64.whl.metadata (9.7 kB)
PostgreSQL native schema + seeds	UNKNOWN STEP	2026-09-24T17:30:09.0140381Z Collecting alembic>=1.13.1 (from gold-ai==0.2.0)
PostgreSQL native schema + seeds	UNKNOWN STEP	2026-09-24T17:30:09.0152248Z   Using cached alembic-1.20.0-py3-none-any.whl.metadata (7.3 kB)
PostgreSQL native schema + seeds	UNKNOWN STEP	2026-09-24T17:30:09.1085408Z Collecting pydantic>=2.7.0 (from gold-ai==0.2.0)
PostgreSQL native schema + seeds	UNKNOWN STEP	2026-09-24T17:30:09.1098441Z   Using cached pydantic-2.13.5-py3-none-any.whl.metadata (110 kB)
PostgreSQL native schema + seeds	UNKNOWN STEP	2026-09-24T17:30:09.1296939Z Collecting pydantic-settings>=2.3.0 (from gold-ai==0.2.0)
PostgreSQL native schema + seeds	UNKNOWN STEP	2026-09-24T17:30:09.1308663Z   Using cached pydantic_settings-2.15.0-py3-none-any.whl.metadata (3.9 kB)
PostgreSQL native schema + seeds	UNKNOWN STEP	2026-09-24T17:30:09.1488733Z Collecting psycopg>=3.1.19 (from psycopg[binary]>=3.1.19->gold-ai==0.2.0)
PostgreSQL native schema + seeds	UNKNOWN STEP	2026-09-24T17:30:09.1500540Z   Using cached psycopg-3.3.6-py3-none-any.whl.metadata (4.4 kB)
PostgreSQL native schema + seeds	UNKNOWN STEP	2026-09-24T17:30:09.1671097Z Collecting tzdata>=2024.1 (from gold-ai==0.2.0)
PostgreSQL native schema + seeds	UNKNOWN STEP	2026-09-24T17:30:09.1683348Z   Using cached tzdata-2026.4-py2.py3-none-any.whl.metadata (1.4 kB)
PostgreSQL native schema + seeds	UNKNOWN STEP	2026-09-24T17:30:09.6242097Z Collecting aiohttp>=3.9.5 (from gold-ai==0.2.0)
PostgreSQL native schema + seeds	UNKNOWN STEP	2026-09-24T17:30:09.6257368Z   Using cached aiohttp-3.14.3-cp313-cp313-manylinux2014_x86_64.manylinux_2_17_x86_64.manylinux_2_28_x86_64.whl.metadata (8.3 kB)
PostgreSQL native schema + seeds	UNKNOWN STEP	2026-09-24T17:30:09.6796244Z Collecting PyYAML>=6.0.1 (from gold-ai==0.2.0)
PostgreSQL native schema + seeds	UNKNOWN STEP	2026-09-24T17:30:09.6808734Z   Using cached pyyaml-6.0.3-cp313-cp313-manylinux2014_x86_64.manylinux_2_17_x86_64.manylinux_2_28_x86_64.whl.metadata (2.4 kB)
PostgreSQL native schema + seeds	UNKNOWN STEP	2026-09-24T17:30:10.0182328Z Collecting numpy>=1.26 (from gold-ai==0.2.0)
PostgreSQL native schema + seeds	UNKNOWN STEP	2026-09-24T17:30:10.0197066Z   Using cached numpy-2.5.3-cp313-cp313-manylinux_2_27_x86_64.manylinux_2_28_x86_64.whl.metadata (6.6 kB)
PostgreSQL native schema + seeds	UNKNOWN STEP	2026-09-24T17:30:10.1223660Z Collecting pandas>=2.2 (from gold-ai==0.2.0)
PostgreSQL native schema + seeds	UNKNOWN STEP	2026-09-24T17:30:10.1236945Z   Using cached pandas-3.0.6-cp313-cp313-manylinux_2_24_x86_64.manylinux_2_28_x86_64.whl.metadata (79 kB)
PostgreSQL native schema + seeds	UNKNOWN STEP	2026-09-24T17:30:10.2241083Z Collecting scikit-learn>=1.4 (from gold-ai==0.2.0)
PostgreSQL native schema + seeds	UNKNOWN STEP	2026-09-24T17:30:10.2254975Z   Using cached scikit_learn-1.9.1-cp313-cp313-manylinux_2_27_x86_64.manylinux_2_28_x86_64.whl.metadata (9.3 kB)
PostgreSQL native schema + seeds	UNKNOWN STEP	2026-09-24T17:30:10.2437432Z Collecting httpx>=0.27 (from gold-ai==0.2.0)
PostgreSQL native schema + seeds	UNKNOWN STEP	2026-09-24T17:30:10.2448961Z   Using cached httpx-0.28.1-py3-none-any.whl.metadata (7.1 kB)
PostgreSQL native schema + seeds	UNKNOWN STEP	2026-09-24T17:30:10.2601153Z Collecting jieba>=0.42.1 (from gold-ai==0.2.0)
PostgreSQL native schema + seeds	UNKNOWN STEP	2026-09-24T17:30:10.2603229Z   Using cached jieba-0.42.1-py3-none-any.whl
PostgreSQL native schema + seeds	UNKNOWN STEP	2026-09-24T17:30:10.2787331Z Collecting feedparser>=6.0.11 (from gold-ai==0.2.0)
PostgreSQL native schema + seeds	UNKNOWN STEP	2026-09-24T17:30:10.2798891Z   Using cached feedparser-6.0.14-py3-none-any.whl.metadata (2.7 kB)
PostgreSQL native schema + seeds	UNKNOWN STEP	2026-09-24T17:30:10.3165704Z Collecting akshare>=1.14.0 (from gold-ai==0.2.0)
PostgreSQL native schema + seeds	UNKNOWN STEP	2026-09-24T17:30:10.3177055Z   Using cached akshare-1.18.97-py3-none-any.whl.metadata (14 kB)
PostgreSQL native schema + seeds	UNKNOWN STEP	2026-09-24T17:30:10.4056488Z Collecting dbnomics>=1.2.0 (from gold-ai==0.2.0)
PostgreSQL native schema + seeds	UNKNOWN STEP	2026-09-24T17:30:10.4068444Z   Using cached dbnomics-1.2.7-py3-none-any.whl.metadata (42 kB)
PostgreSQL native schema + seeds	UNKNOWN STEP	2026-09-24T17:30:10.4430352Z Collecting pytest>=8.2.0 (from gold-ai==0.2.0)
PostgreSQL native schema + seeds	UNKNOWN STEP	2026-09-24T17:30:10.4611340Z   Using cached pytest-9.1.1-py3-none-any.whl.metadata (7.6 kB)
PostgreSQL native schema + seeds	UNKNOWN STEP	2026-09-24T17:30:10.4807227Z Collecting pytest-asyncio>=0.23.0 (from gold-ai==0.2.0)
PostgreSQL native schema + seeds	UNKNOWN STEP	2026-09-24T17:30:10.4818787Z   Using cached pytest_asyncio-1.4.0-py3-none-any.whl.metadata (4.1 kB)
PostgreSQL native schema + seeds	UNKNOWN STEP	2026-09-24T17:30:10.7888076Z Collecting ruff==0.16.7 (from gold-ai==0.2.0)
PostgreSQL native schema + seeds	UNKNOWN STEP	2026-09-24T17:30:10.7901521Z   Using cached ruff-0.16.7-py3-none-manylinux_2_17_x86_64.manylinux2014_x86_64.whl.metadata (20 kB)
PostgreSQL native schema + seeds	UNKNOWN STEP	2026-09-24T17:30:10.8877689Z Collecting mypy>=1.10.0 (from gold-ai==0.2.0)
PostgreSQL native schema + seeds	UNKNOWN STEP	2026-09-24T17:30:10.8891068Z   Using cached mypy-2.3.1-cp313-cp313-manylinux2014_x86_64.manylinux_2_17_x86_64.manylinux_2_28_x86_64.whl.metadata (2.4 kB)
PostgreSQL native schema + seeds	UNKNOWN STEP	2026-09-24T17:30:10.9061554Z Collecting openpyxl>=3.1 (from gold-ai==0.2.0)
PostgreSQL native schema + seeds	UNKNOWN STEP	2026-09-24T17:30:10.9073217Z   Using cached openpyxl-3.1.5-py2.py3-none-any.whl.metadata (2.5 kB)
PostgreSQL native schema + seeds	UNKNOWN STEP	2026-09-24T17:30:10.9235666Z Collecting aiohappyeyeballs>=2.5.0 (from aiohttp>=3.9.5->gold-ai==0.2.0)
PostgreSQL native schema + seeds	UNKNOWN STEP	2026-09-24T17:30:10.9247777Z   Using cached aiohappyeyeballs-2.7.1-py3-none-any.whl.metadata (5.9 kB)
PostgreSQL native schema + seeds	UNKNOWN STEP	2026-09-24T17:30:10.9369296Z Collecting aiosignal>=1.4.0 (from aiohttp>=3.9.5->gold-ai==0.2.0)
PostgreSQL native schema + seeds	UNKNOWN STEP	2026-09-24T17:30:10.9380921Z   Using cached aiosignal-1.4.0-py3-none-any.whl.metadata (3.7 kB)
PostgreSQL native schema + seeds	UNKNOWN STEP	2026-09-24T17:30:10.9533492Z Collecting attrs>=17.3.0 (from aiohttp>=3.9.5->gold-ai==0.2.0)
PostgreSQL native schema + seeds	UNKNOWN STEP	2026-09-24T17:30:10.9545004Z   Using cached attrs-26.1.0-py3-none-any.whl.metadata (8.8 kB)
PostgreSQL native schema + seeds	UNKNOWN STEP	2026-09-24T17:30:11.0158823Z Collecting frozenlist>=1.1.1 (from aiohttp>=3.9.5->gold-ai==0.2.0)
PostgreSQL native schema + seeds	UNKNOWN STEP	2026-09-24T17:30:11.0172035Z   Using cached frozenlist-1.8.0-cp313-cp313-manylinux1_x86_64.manylinux_2_28_x86_64.manylinux_2_5_x86_64.whl.metadata (20 kB)
PostgreSQL native schema + seeds	UNKNOWN STEP	2026-09-24T17:30:11.2366276Z Collecting multidict<7.0,>=4.5 (from aiohttp>=3.9.5->gold-ai==0.2.0)
PostgreSQL native schema + seeds	UNKNOWN STEP	2026-09-24T17:30:11.2380289Z   Using cached multidict-6.9.1-cp313-cp313-manylinux2014_x86_64.manylinux_2_17_x86_64.manylinux_2_28_x86_64.whl.metadata (5.3 kB)
PostgreSQL native schema + seeds	UNKNOWN STEP	2026-09-24T17:30:11.3000649Z Collecting propcache>=0.2.0 (from aiohttp>=3.9.5->gold-ai==0.2.0)
PostgreSQL native schema + seeds	UNKNOWN STEP	2026-09-24T17:30:11.3013707Z   Using cached propcache-0.5.4-cp313-cp313-manylinux2014_x86_64.manylinux_2_17_x86_64.manylinux_2_28_x86_64.whl.metadata (25 kB)
PostgreSQL native schema + seeds	UNKNOWN STEP	2026-09-24T17:30:11.5318570Z Collecting yarl<2.0,>=1.17.0 (from aiohttp>=3.9.5->gold-ai==0.2.0)
PostgreSQL native schema + seeds	UNKNOWN STEP	2026-09-24T17:30:11.5333068Z   Using cached yarl-1.25.1-cp313-cp313-manylinux2014_x86_64.manylinux_2_17_x86_64.manylinux_2_28_x86_64.whl.metadata (111 kB)
PostgreSQL native schema + seeds	UNKNOWN STEP	2026-09-24T17:30:11.5566634Z Collecting idna>=2.0 (from yarl<2.0,>=1.17.0->aiohttp>=3.9.5->gold-ai==0.2.0)
PostgreSQL native schema + seeds	UNKNOWN STEP	2026-09-24T17:30:11.5578345Z   Using cached idna-3.20-py3-none-any.whl.metadata (7.2 kB)
PostgreSQL native schema + seeds	UNKNOWN STEP	2026-09-24T17:30:11.5812945Z Collecting beautifulsoup4>=4.9.1 (from akshare>=1.14.0->gold-ai==0.2.0)
PostgreSQL native schema + seeds	UNKNOWN STEP	2026-09-24T17:30:11.5824866Z   Using cached beautifulsoup4-4.15.0-py3-none-any.whl.metadata (3.8 kB)
PostgreSQL native schema + seeds	UNKNOWN STEP	2026-09-24T17:30:11.7966217Z Collecting lxml>=4.2.1 (from akshare>=1.14.0->gold-ai==0.2.0)
PostgreSQL native schema + seeds	UNKNOWN STEP	2026-09-24T17:30:11.7980364Z   Using cached lxml-6.1.3-cp313-cp313-manylinux_2_26_x86_64.manylinux_2_28_x86_64.whl.metadata (3.3 kB)
PostgreSQL native schema + seeds	UNKNOWN STEP	2026-09-24T17:30:11.8216658Z Collecting requests>=2.22.0 (from akshare>=1.14.0->gold-ai==0.2.0)
PostgreSQL native schema + seeds	UNKNOWN STEP	2026-09-24T17:30:11.8228421Z   Using cached requests-2.34.2-py3-none-any.whl.metadata (4.8 kB)
PostgreSQL native schema + seeds	UNKNOWN STEP	2026-09-24T17:30:11.8837093Z Collecting curl_cffi>=0.13.0 (from akshare>=1.14.0->gold-ai==0.2.0)
PostgreSQL native schema + seeds	UNKNOWN STEP	2026-09-24T17:30:11.8849863Z   Using cached curl_cffi-0.16.3-cp310-abi3-manylinux2014_x86_64.manylinux_2_17_x86_64.whl.metadata (17 kB)
PostgreSQL native schema + seeds	UNKNOWN STEP	2026-09-24T17:30:11.9006929Z Collecting html5lib>=1.0.1 (from akshare>=1.14.0->gold-ai==0.2.0)
PostgreSQL native schema + seeds	UNKNOWN STEP	2026-09-24T17:30:11.9019210Z   Using cached html5lib-1.1-py2.py3-none-any.whl.metadata (16 kB)
PostgreSQL native schema + seeds	UNKNOWN STEP	2026-09-24T17:30:11.9161401Z Collecting xlrd>=1.2.0 (from akshare>=1.14.0->gold-ai==0.2.0)
PostgreSQL native schema + seeds	UNKNOWN STEP	2026-09-24T17:30:11.9173247Z   Using cached xlrd-2.0.2-py2.py3-none-any.whl.metadata (3.5 kB)
PostgreSQL native schema + seeds	UNKNOWN STEP	2026-09-24T17:30:11.9389642Z Collecting urllib3>=1.25.8 (from akshare>=1.14.0->gold-ai==0.2.0)
PostgreSQL native schema + seeds	UNKNOWN STEP	2026-09-24T17:30:11.9401871Z   Using cached urllib3-2.8.0-py3-none-any.whl.metadata (7.4 kB)
PostgreSQL native schema + seeds	UNKNOWN STEP	2026-09-24T17:30:11.9689981Z Collecting tqdm>=4.43.0 (from akshare>=1.14.0->gold-ai==0.2.0)
PostgreSQL native schema + seeds	UNKNOWN STEP	2026-09-24T17:30:11.9701791Z   Using cached tqdm-4.70.1-py3-none-any.whl.metadata (57 kB)
PostgreSQL native schema + seeds	UNKNOWN STEP	2026-09-24T17:30:11.9874371Z Collecting jsonpath>=0.82 (from akshare>=1.14.0->gold-ai==0.2.0)
PostgreSQL native schema + seeds	UNKNOWN STEP	2026-09-24T17:30:11.9876333Z   Using cached jsonpath-0.82.2-py3-none-any.whl
PostgreSQL native schema + seeds	UNKNOWN STEP	2026-09-24T17:30:12.0000636Z Collecting tabulate>=0.8.6 (from akshare>=1.14.0->gold-ai==0.2.0)
PostgreSQL native schema + seeds	UNKNOWN STEP	2026-09-24T17:30:12.0012543Z   Using cached tabulate-0.10.0-py3-none-any.whl.metadata (40 kB)
PostgreSQL native schema + seeds	UNKNOWN STEP	2026-09-24T17:30:12.0186968Z Collecting decorator>=4.4.2 (from akshare>=1.14.0->gold-ai==0.2.0)
PostgreSQL native schema + seeds	UNKNOWN STEP	2026-09-24T17:30:12.0199008Z   Using cached decorator-5.3.1-py3-none-any.whl.metadata (3.9 kB)
PostgreSQL native schema + seeds	UNKNOWN STEP	2026-09-24T17:30:12.0443309Z Collecting py-mini-racer>=0.6.0 (from akshare>=1.14.0->gold-ai==0.2.0)
PostgreSQL native schema + seeds	UNKNOWN STEP	2026-09-24T17:30:12.0455039Z   Using cached py_mini_racer-0.6.0-py2.py3-none-manylinux1_x86_64.whl.metadata (8.7 kB)
PostgreSQL native schema + seeds	UNKNOWN STEP	2026-09-24T17:30:12.0588819Z Collecting akracer>=0.0.13 (from akshare>=1.14.0->gold-ai==0.2.0)
PostgreSQL native schema + seeds	UNKNOWN STEP	2026-09-24T17:30:12.0600012Z   Using cached akracer-0.0.14-py3-none-any.whl.metadata (3.3 kB)
PostgreSQL native schema + seeds	UNKNOWN STEP	2026-09-24T17:30:12.0819785Z Collecting Mako (from alembic>=1.13.1->gold-ai==0.2.0)
PostgreSQL native schema + seeds	UNKNOWN STEP	2026-09-24T17:30:12.1424326Z   Downloading mako-1.4.3-py3-none-any.whl.metadata (2.9 kB)
PostgreSQL native schema + seeds	UNKNOWN STEP	2026-09-24T17:30:12.1614298Z Collecting typing-extensions>=4.12 (from alembic>=1.13.1->gold-ai==0.2.0)
PostgreSQL native schema + seeds	UNKNOWN STEP	2026-09-24T17:30:12.1625948Z   Using cached typing_extensions-4.16.0-py3-none-any.whl.metadata (3.3 kB)
PostgreSQL native schema + seeds	UNKNOWN STEP	2026-09-24T17:30:12.1829924Z Collecting soupsieve>=1.6.1 (from beautifulsoup4>=4.9.1->akshare>=1.14.0->gold-ai==0.2.0)
PostgreSQL native schema + seeds	UNKNOWN STEP	2026-09-24T17:30:12.1903881Z   Downloading soupsieve-2.10-py3-none-any.whl.metadata (4.4 kB)
PostgreSQL native schema + seeds	UNKNOWN STEP	2026-09-24T17:30:12.2911392Z Collecting cffi>=2.0.0 (from curl_cffi>=0.13.0->akshare>=1.14.0->gold-ai==0.2.0)
PostgreSQL native schema + seeds	UNKNOWN STEP	2026-09-24T17:30:12.2924442Z   Using cached cffi-2.1.1-cp313-cp313-manylinux2014_x86_64.manylinux_2_17_x86_64.whl.metadata (2.5 kB)
PostgreSQL native schema + seeds	UNKNOWN STEP	2026-09-24T17:30:12.3095536Z Collecting certifi>=2024.2.2 (from curl_cffi>=0.13.0->akshare>=1.14.0->gold-ai==0.2.0)
PostgreSQL native schema + seeds	UNKNOWN STEP	2026-09-24T17:30:12.3106824Z   Using cached certifi-2026.7.22-py3-none-any.whl.metadata (2.5 kB)
PostgreSQL native schema + seeds	UNKNOWN STEP	2026-09-24T17:30:12.3249273Z Collecting pycparser (from cffi>=2.0.0->curl_cffi>=0.13.0->akshare>=1.14.0->gold-ai==0.2.0)
PostgreSQL native schema + seeds	UNKNOWN STEP	2026-09-24T17:30:12.3261073Z   Using cached pycparser-3.0-py3-none-any.whl.metadata (8.2 kB)
PostgreSQL native schema + seeds	UNKNOWN STEP	2026-09-24T17:30:12.3444925Z Collecting tenacity>=9.0.0 (from dbnomics>=1.2.0->gold-ai==0.2.0)
PostgreSQL native schema + seeds	UNKNOWN STEP	2026-09-24T17:30:12.3456905Z   Using cached tenacity-9.1.4-py3-none-any.whl.metadata (1.2 kB)
PostgreSQL native schema + seeds	UNKNOWN STEP	2026-09-24T17:30:12.3587819Z Collecting feedparser-sgmllib<3,>=2 (from feedparser>=6.0.11->gold-ai==0.2.0)
PostgreSQL native schema + seeds	UNKNOWN STEP	2026-09-24T17:30:12.3599764Z   Using cached feedparser_sgmllib-2.1.0-py3-none-any.whl.metadata (926 bytes)
PostgreSQL native schema + seeds	UNKNOWN STEP	2026-09-24T17:30:12.3750018Z Collecting six>=1.9 (from html5lib>=1.0.1->akshare>=1.14.0->gold-ai==0.2.0)
PostgreSQL native schema + seeds	UNKNOWN STEP	2026-09-24T17:30:12.3761634Z   Using cached six-1.17.0-py2.py3-none-any.whl.metadata (1.7 kB)
PostgreSQL native schema + seeds	UNKNOWN STEP	2026-09-24T17:30:12.3893544Z Collecting webencodings (from html5lib>=1.0.1->akshare>=1.14.0->gold-ai==0.2.0)
PostgreSQL native schema + seeds	UNKNOWN STEP	2026-09-24T17:30:12.3904872Z   Using cached webencodings-0.6.1-py3-none-any.whl.metadata (3.4 kB)
PostgreSQL native schema + seeds	UNKNOWN STEP	2026-09-24T17:30:12.4102988Z Collecting anyio (from httpx>=0.27->gold-ai==0.2.0)
PostgreSQL native schema + seeds	UNKNOWN STEP	2026-09-24T17:30:12.4114618Z   Using cached anyio-4.15.1-py3-none-any.whl.metadata (4.7 kB)
PostgreSQL native schema + seeds	UNKNOWN STEP	2026-09-24T17:30:12.4282832Z Collecting httpcore==1.* (from httpx>=0.27->gold-ai==0.2.0)
PostgreSQL native schema + seeds	UNKNOWN STEP	2026-09-24T17:30:12.4294563Z   Using cached httpcore-1.0.9-py3-none-any.whl.metadata (21 kB)
PostgreSQL native schema + seeds	UNKNOWN STEP	2026-09-24T17:30:12.4453307Z Collecting h11>=0.16 (from httpcore==1.*->httpx>=0.27->gold-ai==0.2.0)
PostgreSQL native schema + seeds	UNKNOWN STEP	2026-09-24T17:30:12.4465667Z   Using cached h11-0.16.0-py3-none-any.whl.metadata (8.3 kB)
PostgreSQL native schema + seeds	UNKNOWN STEP	2026-09-24T17:30:12.4643968Z Collecting mypy_extensions>=1.0.0 (from mypy>=1.10.0->gold-ai==0.2.0)
PostgreSQL native schema + seeds	UNKNOWN STEP	2026-09-24T17:30:12.4656102Z   Using cached mypy_extensions-1.1.0-py3-none-any.whl.metadata (1.1 kB)
PostgreSQL native schema + seeds	UNKNOWN STEP	2026-09-24T17:30:12.4816981Z Collecting pathspec>=1.0.0 (from mypy>=1.10.0->gold-ai==0.2.0)
PostgreSQL native schema + seeds	UNKNOWN STEP	2026-09-24T17:30:12.4835592Z   Using cached pathspec-1.1.1-py3-none-any.whl.metadata (14 kB)
PostgreSQL native schema + seeds	UNKNOWN STEP	2026-09-24T17:30:12.5999189Z Collecting librt>=0.13.0 (from mypy>=1.10.0->gold-ai==0.2.0)
PostgreSQL native schema + seeds	UNKNOWN STEP	2026-09-24T17:30:12.6012939Z   Using cached librt-0.15.0-cp313-cp313-manylinux2014_x86_64.manylinux_2_17_x86_64.manylinux_2_28_x86_64.whl.metadata (1.3 kB)
PostgreSQL native schema + seeds	UNKNOWN STEP	2026-09-24T17:30:12.6428349Z Collecting ast-serialize<1.0.0,>=0.6.0 (from mypy>=1.10.0->gold-ai==0.2.0)
PostgreSQL native schema + seeds	UNKNOWN STEP	2026-09-24T17:30:12.6440748Z   Using cached ast_serialize-0.11.2-cp39-abi3-manylinux_2_17_x86_64.manylinux2014_x86_64.whl.metadata (1.4 kB)
PostgreSQL native schema + seeds	UNKNOWN STEP	2026-09-24T17:30:12.6598389Z Collecting et-xmlfile (from openpyxl>=3.1->gold-ai==0.2.0)
PostgreSQL native schema + seeds	UNKNOWN STEP	2026-09-24T17:30:12.6610288Z   Using cached et_xmlfile-2.0.0-py3-none-any.whl.metadata (2.7 kB)
PostgreSQL native schema + seeds	UNKNOWN STEP	2026-09-24T17:30:12.6753081Z Collecting python-dateutil>=2.8.2 (from pandas>=2.2->gold-ai==0.2.0)
PostgreSQL native schema + seeds	UNKNOWN STEP	2026-09-24T17:30:12.6764426Z   Using cached python_dateutil-2.9.0.post0-py2.py3-none-any.whl.metadata (8.4 kB)
PostgreSQL native schema + seeds	UNKNOWN STEP	2026-09-24T17:30:12.8545545Z Collecting psycopg-binary==3.3.6 (from psycopg[binary]>=3.1.19->gold-ai==0.2.0)
PostgreSQL native schema + seeds	UNKNOWN STEP	2026-09-24T17:30:12.8559688Z   Using cached psycopg_binary-3.3.6-cp313-cp313-manylinux2014_x86_64.manylinux_2_17_x86_64.whl.metadata (2.7 kB)
PostgreSQL native schema + seeds	UNKNOWN STEP	2026-09-24T17:30:12.8703695Z Collecting annotated-types>=0.6.0 (from pydantic>=2.7.0->gold-ai==0.2.0)
PostgreSQL native schema + seeds	UNKNOWN STEP	2026-09-24T17:30:12.8715160Z   Using cached annotated_types-0.8.0-py3-none-any.whl.metadata (15 kB)
PostgreSQL native schema + seeds	UNKNOWN STEP	2026-09-24T17:30:13.4697447Z Collecting pydantic-core==2.46.5 (from pydantic>=2.7.0->gold-ai==0.2.0)
PostgreSQL native schema + seeds	UNKNOWN STEP	2026-09-24T17:30:13.4710940Z   Using cached pydantic_core-2.46.5-cp313-cp313-manylinux_2_17_x86_64.manylinux2014_x86_64.whl.metadata (6.6 kB)
PostgreSQL native schema + seeds	UNKNOWN STEP	2026-09-24T17:30:13.4846530Z Collecting typing-inspection>=0.4.2 (from pydantic>=2.7.0->gold-ai==0.2.0)
PostgreSQL native schema + seeds	UNKNOWN STEP	2026-09-24T17:30:13.4857868Z   Using cached typing_inspection-0.4.4-py3-none-any.whl.metadata (2.6 kB)
PostgreSQL native schema + seeds	UNKNOWN STEP	2026-09-24T17:30:13.5033935Z Collecting python-dotenv>=0.21.0 (from pydantic-settings>=2.3.0->gold-ai==0.2.0)
PostgreSQL native schema + seeds	UNKNOWN STEP	2026-09-24T17:30:13.5045249Z   Using cached python_dotenv-1.2.3-py3-none-any.whl.metadata (29 kB)
PostgreSQL native schema + seeds	UNKNOWN STEP	2026-09-24T17:30:13.5194094Z Collecting iniconfig>=1.0.1 (from pytest>=8.2.0->gold-ai==0.2.0)
PostgreSQL native schema + seeds	UNKNOWN STEP	2026-09-24T17:30:13.5205761Z   Using cached iniconfig-2.3.0-py3-none-any.whl.metadata (2.5 kB)
PostgreSQL native schema + seeds	UNKNOWN STEP	2026-09-24T17:30:13.5370141Z Collecting packaging>=22 (from pytest>=8.2.0->gold-ai==0.2.0)
PostgreSQL native schema + seeds	UNKNOWN STEP	2026-09-24T17:30:13.5381840Z   Using cached packaging-26.3-py3-none-any.whl.metadata (3.5 kB)
PostgreSQL native schema + seeds	UNKNOWN STEP	2026-09-24T17:30:13.5518867Z Collecting pluggy<2,>=1.5 (from pytest>=8.2.0->gold-ai==0.2.0)
PostgreSQL native schema + seeds	UNKNOWN STEP	2026-09-24T17:30:13.5530163Z   Using cached pluggy-1.6.0-py3-none-any.whl.metadata (4.8 kB)
PostgreSQL native schema + seeds	UNKNOWN STEP	2026-09-24T17:30:13.5715658Z Collecting pygments>=2.7.2 (from pytest>=8.2.0->gold-ai==0.2.0)
PostgreSQL native schema + seeds	UNKNOWN STEP	2026-09-24T17:30:13.5727508Z   Using cached pygments-2.21.0-py3-none-any.whl.metadata (2.5 kB)
PostgreSQL native schema + seeds	UNKNOWN STEP	2026-09-24T17:30:13.6848684Z Collecting charset_normalizer<4,>=2 (from requests>=2.22.0->akshare>=1.14.0->gold-ai==0.2.0)
PostgreSQL native schema + seeds	UNKNOWN STEP	2026-09-24T17:30:13.6861824Z   Using cached charset_normalizer-3.5.1-cp313-cp313-manylinux2014_x86_64.manylinux_2_17_x86_64.manylinux_2_28_x86_64.whl.metadata (45 kB)
PostgreSQL native schema + seeds	UNKNOWN STEP	2026-09-24T17:30:13.8157154Z Collecting scipy>=1.10.0 (from scikit-learn>=1.4->gold-ai==0.2.0)
PostgreSQL native schema + seeds	UNKNOWN STEP	2026-09-24T17:30:13.8169636Z   Using cached scipy-1.18.1-cp313-cp313-manylinux_2_27_x86_64.manylinux_2_28_x86_64.whl.metadata (62 kB)
PostgreSQL native schema + seeds	UNKNOWN STEP	2026-09-24T17:30:13.8493202Z Collecting joblib>=1.4.0 (from scikit-learn>=1.4->gold-ai==0.2.0)
PostgreSQL native schema + seeds	UNKNOWN STEP	2026-09-24T17:30:13.8505056Z   Using cached joblib-1.6.0-py3-none-any.whl.metadata (6.5 kB)
PostgreSQL native schema + seeds	UNKNOWN STEP	2026-09-24T17:30:13.8831992Z Collecting narwhals>=2.0.1 (from scikit-learn>=1.4->gold-ai==0.2.0)
PostgreSQL native schema + seeds	UNKNOWN STEP	2026-09-24T17:30:13.8844866Z   Using cached narwhals-2.26.0-py3-none-any.whl.metadata (15 kB)
PostgreSQL native schema + seeds	UNKNOWN STEP	2026-09-24T17:30:13.9009623Z Collecting threadpoolctl>=3.5.0 (from scikit-learn>=1.4->gold-ai==0.2.0)
PostgreSQL native schema + seeds	UNKNOWN STEP	2026-09-24T17:30:13.9021684Z   Using cached threadpoolctl-3.7.0-py3-none-any.whl.metadata (24 kB)
PostgreSQL native schema + seeds	UNKNOWN STEP	2026-09-24T17:30:13.9191198Z Collecting cloudpickle>=3.0 (from joblib>=1.4.0->scikit-learn>=1.4->gold-ai==0.2.0)
PostgreSQL native schema + seeds	UNKNOWN STEP	2026-09-24T17:30:13.9202805Z   Using cached cloudpickle-3.1.2-py3-none-any.whl.metadata (7.1 kB)
PostgreSQL native schema + seeds	UNKNOWN STEP	2026-09-24T17:30:14.0653339Z Collecting greenlet>=1 (from sqlalchemy>=2.0.30->gold-ai==0.2.0)
PostgreSQL native schema + seeds	UNKNOWN STEP	2026-09-24T17:30:14.0667264Z   Using cached greenlet-3.5.6-cp313-cp313-manylinux_2_24_x86_64.manylinux_2_28_x86_64.whl.metadata (3.8 kB)
PostgreSQL native schema + seeds	UNKNOWN STEP	2026-09-24T17:30:14.1251424Z Collecting MarkupSafe>=2.0 (from Mako->alembic>=1.13.1->gold-ai==0.2.0)
PostgreSQL native schema + seeds	UNKNOWN STEP	2026-09-24T17:30:14.1264535Z   Using cached markupsafe-3.0.3-cp313-cp313-manylinux2014_x86_64.manylinux_2_17_x86_64.manylinux_2_28_x86_64.whl.metadata (2.7 kB)
PostgreSQL native schema + seeds	UNKNOWN STEP	2026-09-24T17:30:14.1320410Z Using cached ruff-0.16.7-py3-none-manylinux_2_17_x86_64.manylinux2014_x86_64.whl (10.4 MB)
PostgreSQL native schema + seeds	UNKNOWN STEP	2026-09-24T17:30:14.1372917Z Using cached aiohttp-3.14.3-cp313-cp313-manylinux2014_x86_64.manylinux_2_17_x86_64.manylinux_2_28_x86_64.whl (1.8 MB)
PostgreSQL native schema + seeds	UNKNOWN STEP	2026-09-24T17:30:14.1391687Z Using cached multidict-6.9.1-cp313-cp313-manylinux2014_x86_64.manylinux_2_17_x86_64.manylinux_2_28_x86_64.whl (336 kB)
PostgreSQL native schema + seeds	UNKNOWN STEP	2026-09-24T17:30:14.1404646Z Using cached yarl-1.25.1-cp313-cp313-manylinux2014_x86_64.manylinux_2_17_x86_64.manylinux_2_28_x86_64.whl (117 kB)
PostgreSQL native schema + seeds	UNKNOWN STEP	2026-09-24T17:30:14.1415759Z Using cached aiohappyeyeballs-2.7.1-py3-none-any.whl (15 kB)
PostgreSQL native schema + seeds	UNKNOWN STEP	2026-09-24T17:30:14.1426877Z Using cached aiosignal-1.4.0-py3-none-any.whl (7.5 kB)
PostgreSQL native schema + seeds	UNKNOWN STEP	2026-09-24T17:30:14.1438008Z Using cached akshare-1.18.97-py3-none-any.whl (1.3 MB)
PostgreSQL native schema + seeds	UNKNOWN STEP	2026-09-24T17:30:14.1454054Z Using cached akracer-0.0.14-py3-none-any.whl (10.1 MB)
PostgreSQL native schema + seeds	UNKNOWN STEP	2026-09-24T17:30:14.1504375Z Using cached alembic-1.20.0-py3-none-any.whl (268 kB)
PostgreSQL native schema + seeds	UNKNOWN STEP	2026-09-24T17:30:14.1516495Z Using cached attrs-26.1.0-py3-none-any.whl (67 kB)
PostgreSQL native schema + seeds	UNKNOWN STEP	2026-09-24T17:30:14.1527880Z Using cached beautifulsoup4-4.15.0-py3-none-any.whl (109 kB)
PostgreSQL native schema + seeds	UNKNOWN STEP	2026-09-24T17:30:14.1539636Z Using cached curl_cffi-0.16.3-cp310-abi3-manylinux2014_x86_64.manylinux_2_17_x86_64.whl (13.5 MB)
PostgreSQL native schema + seeds	UNKNOWN STEP	2026-09-24T17:30:14.1600628Z Using cached certifi-2026.7.22-py3-none-any.whl (136 kB)
PostgreSQL native schema + seeds	UNKNOWN STEP	2026-09-24T17:30:14.1612913Z Using cached cffi-2.1.1-cp313-cp313-manylinux2014_x86_64.manylinux_2_17_x86_64.whl (221 kB)
PostgreSQL native schema + seeds	UNKNOWN STEP	2026-09-24T17:30:14.1645412Z Using cached dbnomics-1.2.7-py3-none-any.whl (32 kB)
PostgreSQL native schema + seeds	UNKNOWN STEP	2026-09-24T17:30:14.1646538Z Using cached decorator-5.3.1-py3-none-any.whl (10 kB)
PostgreSQL native schema + seeds	UNKNOWN STEP	2026-09-24T17:30:14.1652907Z Using cached feedparser-6.0.14-py3-none-any.whl (80 kB)
PostgreSQL native schema + seeds	UNKNOWN STEP	2026-09-24T17:30:14.1660829Z Using cached feedparser_sgmllib-2.1.0-py3-none-any.whl (11 kB)
PostgreSQL native schema + seeds	UNKNOWN STEP	2026-09-24T17:30:14.1672874Z Using cached frozenlist-1.8.0-cp313-cp313-manylinux1_x86_64.manylinux_2_28_x86_64.manylinux_2_5_x86_64.whl (234 kB)
PostgreSQL native schema + seeds	UNKNOWN STEP	2026-09-24T17:30:14.1684614Z Using cached html5lib-1.1-py2.py3-none-any.whl (112 kB)
PostgreSQL native schema + seeds	UNKNOWN STEP	2026-09-24T17:30:14.1696129Z Using cached httpx-0.28.1-py3-none-any.whl (73 kB)
PostgreSQL native schema + seeds	UNKNOWN STEP	2026-09-24T17:30:14.1707439Z Using cached httpcore-1.0.9-py3-none-any.whl (78 kB)
PostgreSQL native schema + seeds	UNKNOWN STEP	2026-09-24T17:30:14.1719036Z Using cached h11-0.16.0-py3-none-any.whl (37 kB)
PostgreSQL native schema + seeds	UNKNOWN STEP	2026-09-24T17:30:14.1730576Z Using cached idna-3.20-py3-none-any.whl (69 kB)
PostgreSQL native schema + seeds	UNKNOWN STEP	2026-09-24T17:30:14.1742721Z Using cached lxml-6.1.3-cp313-cp313-manylinux_2_26_x86_64.manylinux_2_28_x86_64.whl (5.2 MB)
PostgreSQL native schema + seeds	UNKNOWN STEP	2026-09-24T17:30:14.1772831Z Using cached mypy-2.3.1-cp313-cp313-manylinux2014_x86_64.manylinux_2_17_x86_64.manylinux_2_28_x86_64.whl (15.2 MB)
PostgreSQL native schema + seeds	UNKNOWN STEP	2026-09-24T17:30:14.1836388Z Using cached ast_serialize-0.11.2-cp39-abi3-manylinux_2_17_x86_64.manylinux2014_x86_64.whl (1.3 MB)
PostgreSQL native schema + seeds	UNKNOWN STEP	2026-09-24T17:30:14.1852643Z Using cached librt-0.15.0-cp313-cp313-manylinux2014_x86_64.manylinux_2_17_x86_64.manylinux_2_28_x86_64.whl (531 kB)
PostgreSQL native schema + seeds	UNKNOWN STEP	2026-09-24T17:30:14.1865641Z Using cached mypy_extensions-1.1.0-py3-none-any.whl (5.0 kB)
PostgreSQL native schema + seeds	UNKNOWN STEP	2026-09-24T17:30:14.1877084Z Using cached numpy-2.5.3-cp313-cp313-manylinux_2_27_x86_64.manylinux_2_28_x86_64.whl (16.7 MB)
PostgreSQL native schema + seeds	UNKNOWN STEP	2026-09-24T17:30:14.1967750Z Using cached openpyxl-3.1.5-py2.py3-none-any.whl (250 kB)
PostgreSQL native schema + seeds	UNKNOWN STEP	2026-09-24T17:30:14.1987614Z Using cached pandas-3.0.6-cp313-cp313-manylinux_2_24_x86_64.manylinux_2_28_x86_64.whl (10.8 MB)
PostgreSQL native schema + seeds	UNKNOWN STEP	2026-09-24T17:30:14.2054243Z Using cached pathspec-1.1.1-py3-none-any.whl (57 kB)
PostgreSQL native schema + seeds	UNKNOWN STEP	2026-09-24T17:30:14.2071073Z Using cached propcache-0.5.4-cp313-cp313-manylinux2014_x86_64.manylinux_2_17_x86_64.manylinux_2_28_x86_64.whl (234 kB)
PostgreSQL native schema + seeds	UNKNOWN STEP	2026-09-24T17:30:14.2088799Z Using cached psycopg-3.3.6-py3-none-any.whl (215 kB)
PostgreSQL native schema + seeds	UNKNOWN STEP	2026-09-24T17:30:14.2107327Z Using cached psycopg_binary-3.3.6-cp313-cp313-manylinux2014_x86_64.manylinux_2_17_x86_64.whl (5.2 MB)
PostgreSQL native schema + seeds	UNKNOWN STEP	2026-09-24T17:30:14.2153165Z Using cached py_mini_racer-0.6.0-py2.py3-none-manylinux1_x86_64.whl (5.4 MB)
PostgreSQL native schema + seeds	UNKNOWN STEP	2026-09-24T17:30:14.2184845Z Using cached pydantic-2.13.5-py3-none-any.whl (472 kB)
PostgreSQL native schema + seeds	UNKNOWN STEP	2026-09-24T17:30:14.2198374Z Using cached pydantic_core-2.46.5-cp313-cp313-manylinux_2_17_x86_64.manylinux2014_x86_64.whl (2.1 MB)
PostgreSQL native schema + seeds	UNKNOWN STEP	2026-09-24T17:30:14.2217745Z Using cached annotated_types-0.8.0-py3-none-any.whl (13 kB)
PostgreSQL native schema + seeds	UNKNOWN STEP	2026-09-24T17:30:14.2229361Z Using cached pydantic_settings-2.15.0-py3-none-any.whl (69 kB)
PostgreSQL native schema + seeds	UNKNOWN STEP	2026-09-24T17:30:14.2240796Z Using cached pytest-9.1.1-py3-none-any.whl (386 kB)
PostgreSQL native schema + seeds	UNKNOWN STEP	2026-09-24T17:30:14.2253780Z Using cached pluggy-1.6.0-py3-none-any.whl (20 kB)
PostgreSQL native schema + seeds	UNKNOWN STEP	2026-09-24T17:30:14.2265305Z Using cached iniconfig-2.3.0-py3-none-any.whl (7.5 kB)
PostgreSQL native schema + seeds	UNKNOWN STEP	2026-09-24T17:30:14.2276710Z Using cached packaging-26.3-py3-none-any.whl (129 kB)
PostgreSQL native schema + seeds	UNKNOWN STEP	2026-09-24T17:30:14.2288472Z Using cached pygments-2.21.0-py3-none-any.whl (1.3 MB)
PostgreSQL native schema + seeds	UNKNOWN STEP	2026-09-24T17:30:14.2304841Z Using cached pytest_asyncio-1.4.0-py3-none-any.whl (16 kB)
PostgreSQL native schema + seeds	UNKNOWN STEP	2026-09-24T17:30:14.2316313Z Using cached python_dateutil-2.9.0.post0-py2.py3-none-any.whl (229 kB)
PostgreSQL native schema + seeds	UNKNOWN STEP	2026-09-24T17:30:14.2328159Z Using cached python_dotenv-1.2.3-py3-none-any.whl (22 kB)
PostgreSQL native schema + seeds	UNKNOWN STEP	2026-09-24T17:30:14.2339983Z Using cached pyyaml-6.0.3-cp313-cp313-manylinux2014_x86_64.manylinux_2_17_x86_64.manylinux_2_28_x86_64.whl (801 kB)
PostgreSQL native schema + seeds	UNKNOWN STEP	2026-09-24T17:30:14.2354394Z Using cached requests-2.34.2-py3-none-any.whl (73 kB)
PostgreSQL native schema + seeds	UNKNOWN STEP	2026-09-24T17:30:14.2366550Z Using cached charset_normalizer-3.5.1-cp313-cp313-manylinux2014_x86_64.manylinux_2_17_x86_64.manylinux_2_28_x86_64.whl (250 kB)
PostgreSQL native schema + seeds	UNKNOWN STEP	2026-09-24T17:30:14.2378313Z Using cached urllib3-2.8.0-py3-none-any.whl (135 kB)
PostgreSQL native schema + seeds	UNKNOWN STEP	2026-09-24T17:30:14.2390054Z Using cached scikit_learn-1.9.1-cp313-cp313-manylinux_2_27_x86_64.manylinux_2_28_x86_64.whl (9.1 MB)
PostgreSQL native schema + seeds	UNKNOWN STEP	2026-09-24T17:30:14.2433154Z Using cached joblib-1.6.0-py3-none-any.whl (306 kB)
PostgreSQL native schema + seeds	UNKNOWN STEP	2026-09-24T17:30:14.2445495Z Using cached cloudpickle-3.1.2-py3-none-any.whl (22 kB)
PostgreSQL native schema + seeds	UNKNOWN STEP	2026-09-24T17:30:14.2456701Z Using cached narwhals-2.26.0-py3-none-any.whl (474 kB)
PostgreSQL native schema + seeds	UNKNOWN STEP	2026-09-24T17:30:14.2469839Z Using cached scipy-1.18.1-cp313-cp313-manylinux_2_27_x86_64.manylinux_2_28_x86_64.whl (35.3 MB)
PostgreSQL native schema + seeds	UNKNOWN STEP	2026-09-24T17:30:14.2606737Z Using cached six-1.17.0-py2.py3-none-any.whl (11 kB)
PostgreSQL native schema + seeds	UNKNOWN STEP	2026-09-24T17:30:14.2680304Z Downloading soupsieve-2.10-py3-none-any.whl (38 kB)
PostgreSQL native schema + seeds	UNKNOWN STEP	2026-09-24T17:30:14.2794452Z Using cached sqlalchemy-2.0.54-cp313-cp313-manylinux2014_x86_64.manylinux_2_17_x86_64.manylinux_2_28_x86_64.whl (3.4 MB)
PostgreSQL native schema + seeds	UNKNOWN STEP	2026-09-24T17:30:14.2817636Z Using cached greenlet-3.5.6-cp313-cp313-manylinux_2_24_x86_64.manylinux_2_28_x86_64.whl (623 kB)
PostgreSQL native schema + seeds	UNKNOWN STEP	2026-09-24T17:30:14.2830871Z Using cached tabulate-0.10.0-py3-none-any.whl (39 kB)
PostgreSQL native schema + seeds	UNKNOWN STEP	2026-09-24T17:30:14.2842618Z Using cached tenacity-9.1.4-py3-none-any.whl (28 kB)
PostgreSQL native schema + seeds	UNKNOWN STEP	2026-09-24T17:30:14.2854007Z Using cached threadpoolctl-3.7.0-py3-none-any.whl (26 kB)
PostgreSQL native schema + seeds	UNKNOWN STEP	2026-09-24T17:30:14.2865312Z Using cached tqdm-4.70.1-py3-none-any.whl (80 kB)
PostgreSQL native schema + seeds	UNKNOWN STEP	2026-09-24T17:30:14.2877895Z Using cached typing_extensions-4.16.0-py3-none-any.whl (45 kB)
PostgreSQL native schema + seeds	UNKNOWN STEP	2026-09-24T17:30:14.2889649Z Using cached typing_inspection-0.4.4-py3-none-any.whl (14 kB)
PostgreSQL native schema + seeds	UNKNOWN STEP	2026-09-24T17:30:14.2902176Z Using cached tzdata-2026.4-py2.py3-none-any.whl (347 kB)
PostgreSQL native schema + seeds	UNKNOWN STEP	2026-09-24T17:30:14.2915332Z Using cached xlrd-2.0.2-py2.py3-none-any.whl (96 kB)
PostgreSQL native schema + seeds	UNKNOWN STEP	2026-09-24T17:30:14.2927437Z Using cached anyio-4.15.1-py3-none-any.whl (132 kB)
PostgreSQL native schema + seeds	UNKNOWN STEP	2026-09-24T17:30:14.2939578Z Using cached et_xmlfile-2.0.0-py3-none-any.whl (18 kB)
PostgreSQL native schema + seeds	UNKNOWN STEP	2026-09-24T17:30:14.3017007Z Downloading mako-1.4.3-py3-none-any.whl (80 kB)
PostgreSQL native schema + seeds	UNKNOWN STEP	2026-09-24T17:30:14.3120138Z Using cached markupsafe-3.0.3-cp313-cp313-manylinux2014_x86_64.manylinux_2_17_x86_64.manylinux_2_28_x86_64.whl (22 kB)
PostgreSQL native schema + seeds	UNKNOWN STEP	2026-09-24T17:30:14.3132271Z Using cached pycparser-3.0-py3-none-any.whl (48 kB)
PostgreSQL native schema + seeds	UNKNOWN STEP	2026-09-24T17:30:14.3144177Z Using cached webencodings-0.6.1-py3-none-any.whl (8.7 kB)
PostgreSQL native schema + seeds	UNKNOWN STEP	2026-09-24T17:30:14.6883461Z Building wheels for collected packages: gold-ai
PostgreSQL native schema + seeds	UNKNOWN STEP	2026-09-24T17:30:14.6892017Z   Building editable for gold-ai (pyproject.toml): started
PostgreSQL native schema + seeds	UNKNOWN STEP	2026-09-24T17:30:14.9370246Z   Building editable for gold-ai (pyproject.toml): finished with status 'done'
PostgreSQL native schema + seeds	UNKNOWN STEP	2026-09-24T17:30:14.9376201Z   Created wheel for gold-ai: filename=gold_ai-0.2.0-0.editable-py3-none-any.whl size=68588 sha256=fa571cfdfe930b72ea6b9a2644d25feb2fd17c855aa87f17cad23b27df73d351
PostgreSQL native schema + seeds	UNKNOWN STEP	2026-09-24T17:30:14.9378057Z   Stored in directory: /tmp/pip-ephem-wheel-cache-dvib1lrn/wheels/b9/5c/54/a93df2da7182017cd55cc1bfdbe1f75bcf1e62c60d95c771da
PostgreSQL native schema + seeds	UNKNOWN STEP	2026-09-24T17:30:14.9467271Z Successfully built gold-ai
PostgreSQL native schema + seeds	UNKNOWN STEP	2026-09-24T17:30:15.1418829Z Installing collected packages: py-mini-racer, jsonpath, jieba, xlrd, webencodings, urllib3, tzdata, typing-extensions, tqdm, threadpoolctl, tenacity, tabulate, soupsieve, six, ruff, PyYAML, python-dotenv, pygments, pycparser, psycopg-binary, psycopg, propcache, pluggy, pathspec, packaging, numpy, narwhals, mypy_extensions, multidict, MarkupSafe, lxml, librt, iniconfig, idna, h11, greenlet, frozenlist, feedparser-sgmllib, et-xmlfile, decorator, cloudpickle, charset_normalizer, certifi, attrs, ast-serialize, annotated-types, akracer, aiohappyeyeballs, yarl, typing-inspection, sqlalchemy, scipy, requests, python-dateutil, pytest, pydantic-core, openpyxl, mypy, Mako, joblib, httpcore, html5lib, feedparser, cffi, beautifulsoup4, anyio, aiosignal, scikit-learn, pytest-asyncio, pydantic, pandas, httpx, curl_cffi, alembic, aiohttp, pydantic-settings, dbnomics, akshare, gold-ai
PostgreSQL native schema + seeds	UNKNOWN STEP	2026-09-24T17:30:38.1514087Z 
PostgreSQL native schema + seeds	UNKNOWN STEP	2026-09-24T17:30:38.1593596Z Successfully installed Mako-1.4.3 MarkupSafe-3.0.3 PyYAML-6.0.3 aiohappyeyeballs-2.7.1 aiohttp-3.14.3 aiosignal-1.4.0 akracer-0.0.14 akshare-1.18.97 alembic-1.20.0 annotated-types-0.8.0 anyio-4.15.1 ast-serialize-0.11.2 attrs-26.1.0 beautifulsoup4-4.15.0 certifi-2026.7.22 cffi-2.1.1 charset_normalizer-3.5.1 cloudpickle-3.1.2 curl_cffi-0.16.3 dbnomics-1.2.7 decorator-5.3.1 et-xmlfile-2.0.0 feedparser-6.0.14 feedparser-sgmllib-2.1.0 frozenlist-1.8.0 gold-ai-0.2.0 greenlet-3.5.6 h11-0.16.0 html5lib-1.1 httpcore-1.0.9 httpx-0.28.1 idna-3.20 iniconfig-2.3.0 jieba-0.42.1 joblib-1.6.0 jsonpath-0.82.2 librt-0.15.0 lxml-6.1.3 multidict-6.9.1 mypy-2.3.1 mypy_extensions-1.1.0 narwhals-2.26.0 numpy-2.5.3 openpyxl-3.1.5 packaging-26.3 pandas-3.0.6 pathspec-1.1.1 pluggy-1.6.0 propcache-0.5.4 psycopg-3.3.6 psycopg-binary-3.3.6 py-mini-racer-0.6.0 pycparser-3.0 pydantic-2.13.5 pydantic-core-2.46.5 pydantic-settings-2.15.0 pygments-2.21.0 pytest-9.1.1 pytest-asyncio-1.4.0 python-dateutil-2.9.0.post0 python-dotenv-1.2.3 requests-2.34.2 ruff-0.16.7 scikit-learn-1.9.1 scipy-1.18.1 six-1.17.0 soupsieve-2.10 sqlalchemy-2.0.54 tabulate-0.10.0 tenacity-9.1.4 threadpoolctl-3.7.0 tqdm-4.70.1 typing-extensions-4.16.0 typing-inspection-0.4.4 tzdata-2026.4 urllib3-2.8.0 webencodings-0.6.1 xlrd-2.0.2 yarl-1.25.1
PostgreSQL native schema + seeds	UNKNOWN STEP	2026-09-24T17:30:38.4547988Z ##[group]Run python -m alembic upgrade head
PostgreSQL native schema + seeds	UNKNOWN STEP	2026-09-24T17:30:38.4548387Z ^[[36;1mpython -m alembic upgrade head^[[0m
PostgreSQL native schema + seeds	UNKNOWN STEP	2026-09-24T17:30:38.4614089Z shell: /usr/bin/bash -e {0}
PostgreSQL native schema + seeds	UNKNOWN STEP	2026-09-24T17:30:38.4614355Z env:
PostgreSQL native schema + seeds	UNKNOWN STEP	2026-09-24T17:30:38.4614848Z   DATABASE_URL: ***localhost:5432/gold_ai
PostgreSQL native schema + seeds	UNKNOWN STEP	2026-09-24T17:30:38.4615230Z   pythonLocation: /opt/hostedtoolcache/Python/3.13.15/x64
PostgreSQL native schema + seeds	UNKNOWN STEP	2026-09-24T17:30:38.4615680Z   PKG_CONFIG_PATH: /opt/hostedtoolcache/Python/3.13.15/x64/lib/pkgconfig
PostgreSQL native schema + seeds	UNKNOWN STEP	2026-09-24T17:30:38.4616114Z   Python_ROOT_DIR: /opt/hostedtoolcache/Python/3.13.15/x64
PostgreSQL native schema + seeds	UNKNOWN STEP	2026-09-24T17:30:38.4616511Z   Python2_ROOT_DIR: /opt/hostedtoolcache/Python/3.13.15/x64
PostgreSQL native schema + seeds	UNKNOWN STEP	2026-09-24T17:30:38.4616900Z   Python3_ROOT_DIR: /opt/hostedtoolcache/Python/3.13.15/x64
PostgreSQL native schema + seeds	UNKNOWN STEP	2026-09-24T17:30:38.4617282Z   LD_LIBRARY_PATH: /opt/hostedtoolcache/Python/3.13.15/x64/lib
PostgreSQL native schema + seeds	UNKNOWN STEP	2026-09-24T17:30:38.4617614Z ##[endgroup]
PostgreSQL native schema + seeds	UNKNOWN STEP	2026-09-24T17:30:39.2764849Z INFO  [alembic.runtime.migration] Context impl PostgresqlImpl.
PostgreSQL native schema + seeds	UNKNOWN STEP	2026-09-24T17:30:39.2765773Z INFO  [alembic.runtime.migration] Will assume transactional DDL.
PostgreSQL native schema + seeds	UNKNOWN STEP	2026-09-24T17:30:39.2987094Z INFO  [alembic.runtime.migration] Running upgrade  -> 0001_phase1_core_tables, Phase 1 鏍稿績琛ㄧ粨鏋勶紙Gold Intelligence Database锛?PostgreSQL native schema + seeds	UNKNOWN STEP	2026-09-24T17:30:39.3969710Z INFO  [alembic.runtime.migration] Running upgrade 0001_phase1_core_tables -> 0002_collector_run_retry_count, collector_runs.retry_count锛堝洟闃熸壒澶嶏細鎸佷箙鍖栬秴鏃?闄愭祦閲嶈瘯娆℃暟锛?PostgreSQL native schema + seeds	UNKNOWN STEP	2026-09-24T17:30:39.3997934Z INFO  [alembic.runtime.migration] Running upgrade 0002_collector_run_retry_count -> 0003_market_bars_source_unique, market_bars 澧炲姞鎸夋潵婧愮殑鍞竴绱㈠紩锛堝洟闃熸壒澶嶏級
PostgreSQL native schema + seeds	UNKNOWN STEP	2026-09-24T17:30:39.4019900Z INFO  [alembic.runtime.migration] Running upgrade 0003_market_bars_source_unique -> 0004_collector_run_warnings, collector_runs.warnings_json锛堝洟闃熸壒澶嶏細鏁版嵁璐ㄩ噺鍛婅鎸佷箙鍖栵級
PostgreSQL native schema + seeds	UNKNOWN STEP	2026-09-24T17:30:39.4032531Z INFO  [alembic.runtime.migration] Running upgrade 0004_collector_run_warnings -> 0005_phase2_author_lab_tables, Phase 2锛圓uthor Lab锛夊洓寮犵爺绌朵簨瀹炶〃
PostgreSQL native schema + seeds	UNKNOWN STEP	2026-09-24T17:30:39.4330390Z INFO  [alembic.runtime.migration] Running upgrade 0005_phase2_author_lab_tables -> 0006_macro_event_vintages, Phase 3.0 W0-2锛歮acro_events 澧炲姞 ALFRED vintage 鏃堕棿璇箟銆?PostgreSQL native schema + seeds	UNKNOWN STEP	2026-09-24T17:30:39.4411953Z INFO  [alembic.runtime.migration] Running upgrade 0006_macro_event_vintages -> 0007_phase3_feature_tables, Phase 3.0 W0-5锛氱壒寰佸畾涔夈€佸揩鐓с€佽鑼冨寲鍊间笌 Regime 杩芥函琛ㄣ€?PostgreSQL native schema + seeds	UNKNOWN STEP	2026-09-24T17:30:39.4645979Z INFO  [alembic.runtime.migration] Running upgrade 0007_phase3_feature_tables -> 0008_collector_status_degraded, collector_runs.status 澧炲姞 DEGRADED锛坧rovider 闄嶇骇鐘舵€侊級銆?PostgreSQL native schema + seeds	UNKNOWN STEP	2026-09-24T17:30:39.5795229Z ##[group]Run python scripts/check_pg_schema.py
PostgreSQL native schema + seeds	UNKNOWN STEP	2026-09-24T17:30:39.5795634Z ^[[36;1mpython scripts/check_pg_schema.py^[[0m
PostgreSQL native schema + seeds	UNKNOWN STEP	2026-09-24T17:30:39.5859579Z shell: /usr/bin/bash -e {0}
PostgreSQL native schema + seeds	UNKNOWN STEP	2026-09-24T17:30:39.5859853Z env:
PostgreSQL native schema + seeds	UNKNOWN STEP	2026-09-24T17:30:39.5860356Z   DATABASE_URL: ***localhost:5432/gold_ai
PostgreSQL native schema + seeds	UNKNOWN STEP	2026-09-24T17:30:39.5861031Z   pythonLocation: /opt/hostedtoolcache/Python/3.13.15/x64
PostgreSQL native schema + seeds	UNKNOWN STEP	2026-09-24T17:30:39.5861504Z   PKG_CONFIG_PATH: /opt/hostedtoolcache/Python/3.13.15/x64/lib/pkgconfig
PostgreSQL native schema + seeds	UNKNOWN STEP	2026-09-24T17:30:39.5861951Z   Python_ROOT_DIR: /opt/hostedtoolcache/Python/3.13.15/x64
PostgreSQL native schema + seeds	UNKNOWN STEP	2026-09-24T17:30:39.5862351Z   Python2_ROOT_DIR: /opt/hostedtoolcache/Python/3.13.15/x64
PostgreSQL native schema + seeds	UNKNOWN STEP	2026-09-24T17:30:39.5862737Z   Python3_ROOT_DIR: /opt/hostedtoolcache/Python/3.13.15/x64
PostgreSQL native schema + seeds	UNKNOWN STEP	2026-09-24T17:30:39.5863127Z   LD_LIBRARY_PATH: /opt/hostedtoolcache/Python/3.13.15/x64/lib
PostgreSQL native schema + seeds	UNKNOWN STEP	2026-09-24T17:30:39.5863480Z ##[endgroup]
PostgreSQL native schema + seeds	UNKNOWN STEP	2026-09-24T17:30:40.6681836Z [pg-check] 鐩爣搴擄細***localhost:5432/gold_ai
PostgreSQL native schema + seeds	UNKNOWN STEP	2026-09-24T17:30:40.6682979Z [pg-check] PASS锛?3 寮犺〃銆佸師鐢熺被鍨嬨€佺瀛愬箓绛夊叏閮ㄩ€氳繃
PostgreSQL native schema + seeds	UNKNOWN STEP	2026-09-24T17:30:40.7875006Z ##[group]Run python -m alembic downgrade base
PostgreSQL native schema + seeds	UNKNOWN STEP	2026-09-24T17:30:40.7875684Z ^[[36;1mpython -m alembic downgrade base^[[0m
PostgreSQL native schema + seeds	UNKNOWN STEP	2026-09-24T17:30:40.7970930Z shell: /usr/bin/bash -e {0}
PostgreSQL native schema + seeds	UNKNOWN STEP	2026-09-24T17:30:40.7971379Z env:
PostgreSQL native schema + seeds	UNKNOWN STEP	2026-09-24T17:30:40.7972149Z   DATABASE_URL: ***localhost:5432/gold_ai
PostgreSQL native schema + seeds	UNKNOWN STEP	2026-09-24T17:30:40.7972805Z   pythonLocation: /opt/hostedtoolcache/Python/3.13.15/x64
PostgreSQL native schema + seeds	UNKNOWN STEP	2026-09-24T17:30:40.7973647Z   PKG_CONFIG_PATH: /opt/hostedtoolcache/Python/3.13.15/x64/lib/pkgconfig
PostgreSQL native schema + seeds	UNKNOWN STEP	2026-09-24T17:30:40.7974447Z   Python_ROOT_DIR: /opt/hostedtoolcache/Python/3.13.15/x64
PostgreSQL native schema + seeds	UNKNOWN STEP	2026-09-24T17:30:40.7975180Z   Python2_ROOT_DIR: /opt/hostedtoolcache/Python/3.13.15/x64
PostgreSQL native schema + seeds	UNKNOWN STEP	2026-09-24T17:30:40.7975885Z   Python3_ROOT_DIR: /opt/hostedtoolcache/Python/3.13.15/x64
PostgreSQL native schema + seeds	UNKNOWN STEP	2026-09-24T17:30:40.7976592Z   LD_LIBRARY_PATH: /opt/hostedtoolcache/Python/3.13.15/x64/lib
PostgreSQL native schema + seeds	UNKNOWN STEP	2026-09-24T17:30:40.7977231Z ##[endgroup]
PostgreSQL native schema + seeds	UNKNOWN STEP	2026-09-24T17:30:41.4430348Z INFO  [alembic.runtime.migration] Context impl PostgresqlImpl.
PostgreSQL native schema + seeds	UNKNOWN STEP	2026-09-24T17:30:41.4431716Z INFO  [alembic.runtime.migration] Will assume transactional DDL.
PostgreSQL native schema + seeds	UNKNOWN STEP	2026-09-24T17:30:41.4514308Z INFO  [alembic.runtime.migration] Running downgrade 0008_collector_status_degraded -> 0007_phase3_feature_tables, collector_runs.status 澧炲姞 DEGRADED锛坧rovider 闄嶇骇鐘舵€侊級銆?PostgreSQL native schema + seeds	UNKNOWN STEP	2026-09-24T17:30:41.4578432Z INFO  [alembic.runtime.migration] Running downgrade 0007_phase3_feature_tables -> 0006_macro_event_vintages, Phase 3.0 W0-5锛氱壒寰佸畾涔夈€佸揩鐓с€佽鑼冨寲鍊间笌 Regime 杩芥函琛ㄣ€?PostgreSQL native schema + seeds	UNKNOWN STEP	2026-09-24T17:30:41.4655748Z INFO  [alembic.runtime.migration] Running downgrade 0006_macro_event_vintages -> 0005_phase2_author_lab_tables, Phase 3.0 W0-2锛歮acro_events 澧炲姞 ALFRED vintage 鏃堕棿璇箟銆?PostgreSQL native schema + seeds	UNKNOWN STEP	2026-09-24T17:30:41.4983205Z INFO  [alembic.runtime.migration] Running downgrade 0005_phase2_author_lab_tables -> 0004_collector_run_warnings, Phase 2锛圓uthor Lab锛夊洓寮犵爺绌朵簨瀹炶〃
PostgreSQL native schema + seeds	UNKNOWN STEP	2026-09-24T17:30:41.5082820Z INFO  [alembic.runtime.migration] Running downgrade 0004_collector_run_warnings -> 0003_market_bars_source_unique, collector_runs.warnings_json锛堝洟闃熸壒澶嶏細鏁版嵁璐ㄩ噺鍛婅鎸佷箙鍖栵級
PostgreSQL native schema + seeds	UNKNOWN STEP	2026-09-24T17:30:41.5095034Z INFO  [alembic.runtime.migration] Running downgrade 0003_market_bars_source_unique -> 0002_collector_run_retry_count, market_bars 澧炲姞鎸夋潵婧愮殑鍞竴绱㈠紩锛堝洟闃熸壒澶嶏級
PostgreSQL native schema + seeds	UNKNOWN STEP	2026-09-24T17:30:41.5109737Z INFO  [alembic.runtime.migration] Running downgrade 0002_collector_run_retry_count -> 0001_phase1_core_tables, collector_runs.retry_count锛堝洟闃熸壒澶嶏細鎸佷箙鍖栬秴鏃?闄愭祦閲嶈瘯娆℃暟锛?PostgreSQL native schema + seeds	UNKNOWN STEP	2026-09-24T17:30:41.5136339Z INFO  [alembic.runtime.migration] Running downgrade 0001_phase1_core_tables -> , Phase 1 鏍稿績琛ㄧ粨鏋勶紙Gold Intelligence Database锛?PostgreSQL native schema + seeds	UNKNOWN STEP	2026-09-24T17:30:41.6724990Z Post job cleanup.
PostgreSQL native schema + seeds	UNKNOWN STEP	2026-09-24T17:30:41.7962931Z Cache hit occurred on the primary key setup-python-Linux-x64-24.04-Ubuntu-python-3.13.15-pip-99b428ef1de79221bf7db326db48be795a0649224efb6fac12f7835098d359f1, not saving cache.
PostgreSQL native schema + seeds	UNKNOWN STEP	2026-09-24T17:30:41.7964849Z (node:2959) [DEP0040] DeprecationWarning: The `punycode` module is deprecated. Please use a userland alternative instead.
PostgreSQL native schema + seeds	UNKNOWN STEP	2026-09-24T17:30:41.7966412Z (Use `node --trace-deprecation ...` to show where the warning was created)
PostgreSQL native schema + seeds	UNKNOWN STEP	2026-09-24T17:30:41.8099885Z Post job cleanup.
PostgreSQL native schema + seeds	UNKNOWN STEP	2026-09-24T17:30:41.8977890Z [command]/usr/bin/git version
PostgreSQL native schema + seeds	UNKNOWN STEP	2026-09-24T17:30:41.9025749Z git version 2.55.0
PostgreSQL native schema + seeds	UNKNOWN STEP	2026-09-24T17:30:41.9070534Z Temporarily overriding HOME='/home/runner/work/_temp/67741e5f-1ae7-4953-85b6-ccc39fa61800' before making global git config changes
PostgreSQL native schema + seeds	UNKNOWN STEP	2026-09-24T17:30:41.9072014Z Adding repository directory to the temporary git global config as a safe directory
PostgreSQL native schema + seeds	UNKNOWN STEP	2026-09-24T17:30:41.9077263Z [command]/usr/bin/git config --global --add safe.directory /home/runner/work/XAUUSD/XAUUSD
PostgreSQL native schema + seeds	UNKNOWN STEP	2026-09-24T17:30:41.9121601Z [command]/usr/bin/git config --local --name-only --get-regexp core\.sshCommand
PostgreSQL native schema + seeds	UNKNOWN STEP	2026-09-24T17:30:41.9159806Z [command]/usr/bin/git submodule foreach --recursive sh -c "git config --local --name-only --get-regexp 'core\.sshCommand' && git config --local --unset-all 'core.sshCommand' || :"
PostgreSQL native schema + seeds	UNKNOWN STEP	2026-09-24T17:30:41.9420454Z [command]/usr/bin/git config --local --name-only --get-regexp http\.https\:\/\/github\.com\/\.extraheader
PostgreSQL native schema + seeds	UNKNOWN STEP	2026-09-24T17:30:41.9451061Z http.https://github.com/.extraheader
PostgreSQL native schema + seeds	UNKNOWN STEP	2026-09-24T17:30:41.9462987Z [command]/usr/bin/git config --local --unset-all http.https://github.com/.extraheader
PostgreSQL native schema + seeds	UNKNOWN STEP	2026-09-24T17:30:41.9517639Z [command]/usr/bin/git submodule foreach --recursive sh -c "git config --local --name-only --get-regexp 'http\.https\:\/\/github\.com\/\.extraheader' && git config --local --unset-all 'http.https://github.com/.extraheader' || :"
PostgreSQL native schema + seeds	UNKNOWN STEP	2026-09-24T17:30:41.9802234Z [command]/usr/bin/git config --local --name-only --get-regexp ^includeIf\.gitdir:
PostgreSQL native schema + seeds	UNKNOWN STEP	2026-09-24T17:30:41.9846664Z [command]/usr/bin/git submodule foreach --recursive git config --local --show-origin --name-only --get-regexp remote.origin.url
PostgreSQL native schema + seeds	UNKNOWN STEP	2026-09-24T17:30:42.0211919Z Print service container logs: 62d565ff08074e87a098d74332c04f12_postgres16_eeb1cc
PostgreSQL native schema + seeds	UNKNOWN STEP	2026-09-24T17:30:42.0216341Z ##[command]/usr/bin/docker logs --details 9fa1109b51fdf3cafa9ebe774df4c77385fc303ec173c1a258755d15fce6d027
PostgreSQL native schema + seeds	UNKNOWN STEP	2026-09-24T17:30:42.0352726Z  initdb: warning: enabling "trust" authentication for local connections
PostgreSQL native schema + seeds	UNKNOWN STEP	2026-09-24T17:30:42.0353683Z  The files belonging to this database system will be owned by user "postgres".
PostgreSQL native schema + seeds	UNKNOWN STEP	2026-09-24T17:30:42.0354357Z  This user must also own the server process.
PostgreSQL native schema + seeds	UNKNOWN STEP	2026-09-24T17:30:42.0354858Z  
PostgreSQL native schema + seeds	UNKNOWN STEP	2026-09-24T17:30:42.0355336Z  The database cluster will be initialized with locale "en_US.utf8".
PostgreSQL native schema + seeds	UNKNOWN STEP	2026-09-24T17:30:42.0356095Z  The default database encoding has accordingly been set to "UTF8".
PostgreSQL native schema + seeds	UNKNOWN STEP	2026-09-24T17:30:42.0356826Z  The default text search configuration will be set to "english".
PostgreSQL native schema + seeds	UNKNOWN STEP	2026-09-24T17:30:42.0357388Z  
PostgreSQL native schema + seeds	UNKNOWN STEP	2026-09-24T17:30:42.0357729Z  Data page checksums are disabled.
PostgreSQL native schema + seeds	UNKNOWN STEP	2026-09-24T17:30:42.0358140Z  
PostgreSQL native schema + seeds	UNKNOWN STEP	2026-09-24T17:30:42.0358682Z  fixing permissions on existing directory /var/lib/postgresql/data ... ok
PostgreSQL native schema + seeds	UNKNOWN STEP	2026-09-24T17:30:42.0359321Z  creating subdirectories ... ok
PostgreSQL native schema + seeds	UNKNOWN STEP	2026-09-24T17:30:42.0359652Z  selecting dynamic shared memory implementation ... posix
PostgreSQL native schema + seeds	UNKNOWN STEP	2026-09-24T17:30:42.0360025Z  selecting default max_connections ... 100
PostgreSQL native schema + seeds	UNKNOWN STEP	2026-09-24T17:30:42.0360321Z  selecting default shared_buffers ... 128MB
PostgreSQL native schema + seeds	UNKNOWN STEP	2026-09-24T17:30:42.0360935Z  selecting default time zone ... Etc/UTC
PostgreSQL native schema + seeds	UNKNOWN STEP	2026-09-24T17:30:42.0361407Z  creating configuration files ... ok
PostgreSQL native schema + seeds	UNKNOWN STEP	2026-09-24T17:30:42.0361703Z  running bootstrap script ... ok
PostgreSQL native schema + seeds	UNKNOWN STEP	2026-09-24T17:30:42.0362017Z  performing post-bootstrap initialization ... ok
PostgreSQL native schema + seeds	UNKNOWN STEP	2026-09-24T17:30:42.0362371Z  syncing data to disk ... ok
PostgreSQL native schema + seeds	UNKNOWN STEP	2026-09-24T17:30:42.0362609Z  
PostgreSQL native schema + seeds	UNKNOWN STEP	2026-09-24T17:30:42.0362778Z  
PostgreSQL native schema + seeds	UNKNOWN STEP	2026-09-24T17:30:42.0363159Z  Success. You can now start the database server using:
PostgreSQL native schema + seeds	UNKNOWN STEP	2026-09-24T17:30:42.0363467Z  
PostgreSQL native schema + seeds	UNKNOWN STEP	2026-09-24T17:30:42.0363716Z      pg_ctl -D /var/lib/postgresql/data -l logfile start
PostgreSQL native schema + seeds	UNKNOWN STEP	2026-09-24T17:30:42.0364095Z  
PostgreSQL native schema + seeds	UNKNOWN STEP	2026-09-24T17:30:42.0364843Z  waiting for server to start....2026-09-24 17:29:54.993 UTC [48] LOG:  starting PostgreSQL 16.15 (Debian 16.15-1.pgdg13+2) on x86_64-pc-linux-gnu, compiled by gcc (Debian 14.2.0-19) 14.2.0, 64-bit
PostgreSQL native schema + seeds	UNKNOWN STEP	2026-09-24T17:30:42.0366580Z  2026-09-24 17:29:54.994 UTC [48] LOG:  listening on Unix socket "/var/run/postgresql/.s.PGSQL.5432"
PostgreSQL native schema + seeds	UNKNOWN STEP	2026-09-24T17:30:42.0367513Z  2026-09-24 17:29:54.996 UTC [51] LOG:  database system was shut down at 2026-09-24 17:29:54 UTC
PostgreSQL native schema + seeds	UNKNOWN STEP	2026-09-24T17:30:42.0368073Z  2026-09-24 17:29:54.999 UTC [48] LOG:  database system is ready to accept connections
PostgreSQL native schema + seeds	UNKNOWN STEP	2026-09-24T17:30:42.0368467Z   done
PostgreSQL native schema + seeds	UNKNOWN STEP	2026-09-24T17:30:42.0368652Z  server started
PostgreSQL native schema + seeds	UNKNOWN STEP	2026-09-24T17:30:42.0368854Z  CREATE DATABASE
PostgreSQL native schema + seeds	UNKNOWN STEP	2026-09-24T17:30:42.0369052Z  
PostgreSQL native schema + seeds	UNKNOWN STEP	2026-09-24T17:30:42.0369219Z  
PostgreSQL native schema + seeds	UNKNOWN STEP	2026-09-24T17:30:42.0369540Z  /usr/local/bin/docker-entrypoint.sh: ignoring /docker-entrypoint-initdb.d/*
PostgreSQL native schema + seeds	UNKNOWN STEP	2026-09-24T17:30:42.0369941Z  
PostgreSQL native schema + seeds	UNKNOWN STEP	2026-09-24T17:30:42.0370206Z  2026-09-24 17:29:55.176 UTC [48] LOG:  received fast shutdown request
PostgreSQL native schema + seeds	UNKNOWN STEP	2026-09-24T17:30:42.0371017Z  waiting for server to shut down....2026-09-24 17:29:55.177 UTC [48] LOG:  aborting any active transactions
PostgreSQL native schema + seeds	UNKNOWN STEP	2026-09-24T17:30:42.0371748Z  2026-09-24 17:29:55.178 UTC [48] LOG:  background worker "logical replication launcher" (PID 54) exited with exit code 1
PostgreSQL native schema + seeds	UNKNOWN STEP	2026-09-24T17:30:42.0372313Z  2026-09-24 17:29:55.179 UTC [49] LOG:  shutting down
PostgreSQL native schema + seeds	UNKNOWN STEP	2026-09-24T17:30:42.0372716Z  2026-09-24 17:29:55.180 UTC [49] LOG:  checkpoint starting: shutdown immediate
PostgreSQL native schema + seeds	UNKNOWN STEP	2026-09-24T17:30:42.0373857Z  2026-09-24 17:29:55.196 UTC [49] LOG:  checkpoint complete: wrote 926 buffers (5.7%); 0 WAL file(s) added, 0 removed, 0 recycled; write=0.012 s, sync=0.004 s, total=0.017 s; sync files=301, longest=0.002 s, average=0.001 s; distance=4273 kB, estimate=4273 kB; lsn=0/191F0E0, redo lsn=0/191F0E0
PostgreSQL native schema + seeds	UNKNOWN STEP	2026-09-24T17:30:42.0374984Z  2026-09-24 17:29:55.203 UTC [48] LOG:  database system is shut down
PostgreSQL native schema + seeds	UNKNOWN STEP	2026-09-24T17:30:42.0375321Z   done
PostgreSQL native schema + seeds	UNKNOWN STEP	2026-09-24T17:30:42.0375511Z  server stopped
PostgreSQL native schema + seeds	UNKNOWN STEP	2026-09-24T17:30:42.0375707Z  
PostgreSQL native schema + seeds	UNKNOWN STEP	2026-09-24T17:30:42.0376169Z  PostgreSQL init process complete; ready for start up.
PostgreSQL native schema + seeds	UNKNOWN STEP	2026-09-24T17:30:42.0376506Z  
PostgreSQL native schema + seeds	UNKNOWN STEP	2026-09-24T17:30:42.0377055Z  initdb: hint: You can change this by editing pg_hba.conf or using the option -A, or --auth-local and --auth-host, the next time you run initdb.
PostgreSQL native schema + seeds	UNKNOWN STEP	2026-09-24T17:30:42.0378042Z  2026-09-24 17:29:55.296 UTC [1] LOG:  starting PostgreSQL 16.15 (Debian 16.15-1.pgdg13+2) on x86_64-pc-linux-gnu, compiled by gcc (Debian 14.2.0-19) 14.2.0, 64-bit
PostgreSQL native schema + seeds	UNKNOWN STEP	2026-09-24T17:30:42.0378786Z  2026-09-24 17:29:55.297 UTC [1] LOG:  listening on IPv4 address "0.0.0.0", port 5432
PostgreSQL native schema + seeds	UNKNOWN STEP	2026-09-24T17:30:42.0379274Z  2026-09-24 17:29:55.297 UTC [1] LOG:  listening on IPv6 address "::", port 5432
PostgreSQL native schema + seeds	UNKNOWN STEP	2026-09-24T17:30:42.0379813Z  2026-09-24 17:29:55.298 UTC [1] LOG:  listening on Unix socket "/var/run/postgresql/.s.PGSQL.5432"
PostgreSQL native schema + seeds	UNKNOWN STEP	2026-09-24T17:30:42.0380394Z  2026-09-24 17:29:55.300 UTC [64] LOG:  database system was shut down at 2026-09-24 17:29:55 UTC
PostgreSQL native schema + seeds	UNKNOWN STEP	2026-09-24T17:30:42.0381235Z  2026-09-24 17:29:55.305 UTC [1] LOG:  database system is ready to accept connections
PostgreSQL native schema + seeds	UNKNOWN STEP	2026-09-24T17:30:42.0386357Z Stop and remove container: 62d565ff08074e87a098d74332c04f12_postgres16_eeb1cc
PostgreSQL native schema + seeds	UNKNOWN STEP	2026-09-24T17:30:42.0391501Z ##[command]/usr/bin/docker rm --force 9fa1109b51fdf3cafa9ebe774df4c77385fc303ec173c1a258755d15fce6d027
PostgreSQL native schema + seeds	UNKNOWN STEP	2026-09-24T17:30:42.2918391Z 9fa1109b51fdf3cafa9ebe774df4c77385fc303ec173c1a258755d15fce6d027
PostgreSQL native schema + seeds	UNKNOWN STEP	2026-09-24T17:30:42.2953699Z Remove container network: github_network_2ff5fed4f68d45f19d27fed2872e69ba
PostgreSQL native schema + seeds	UNKNOWN STEP	2026-09-24T17:30:42.2958603Z ##[command]/usr/bin/docker network rm github_network_2ff5fed4f68d45f19d27fed2872e69ba
PostgreSQL native schema + seeds	UNKNOWN STEP	2026-09-24T17:30:42.3886953Z github_network_2ff5fed4f68d45f19d27fed2872e69ba
PostgreSQL native schema + seeds	UNKNOWN STEP	2026-09-24T17:30:42.3962927Z Cleaning up orphan processes
PostgreSQL native schema + seeds	UNKNOWN STEP	2026-09-24T17:30:42.4284765Z ##[warning]Node.js 20 is deprecated. The following actions target Node.js 20 but are being forced to run on Node.js 24: actions/checkout@v4, actions/setup-python@v5. For more information see: https://github.blog/changelog/2025-09-19-deprecation-of-node-20-on-github-actions-runners/
