lint + type check + tests (py3.12)	UNKNOWN STEP	锘?026-09-24T20:32:24.6763791Z Current runner version: '2.337.0'
lint + type check + tests (py3.12)	UNKNOWN STEP	2026-09-24T20:32:24.6792510Z ##[group]Runner Image Provisioner
lint + type check + tests (py3.12)	UNKNOWN STEP	2026-09-24T20:32:24.6793722Z Hosted Compute Agent
lint + type check + tests (py3.12)	UNKNOWN STEP	2026-09-24T20:32:24.6794459Z Version: 20260828.587
lint + type check + tests (py3.12)	UNKNOWN STEP	2026-09-24T20:32:24.6795151Z Commit: abac92662cab4cc7352de4f9f9d2e2419aad9c29
lint + type check + tests (py3.12)	UNKNOWN STEP	2026-09-24T20:32:24.6795917Z Build Date: 2026-08-28T16:44:25Z
lint + type check + tests (py3.12)	UNKNOWN STEP	2026-09-24T20:32:24.6796731Z Worker ID: {66bc684e-9af0-4906-9109-e78876dc69e1}
lint + type check + tests (py3.12)	UNKNOWN STEP	2026-09-24T20:32:24.6797507Z Azure Region: eastus2
lint + type check + tests (py3.12)	UNKNOWN STEP	2026-09-24T20:32:24.6798090Z ##[endgroup]
lint + type check + tests (py3.12)	UNKNOWN STEP	2026-09-24T20:32:24.6799654Z ##[group]Operating System
lint + type check + tests (py3.12)	UNKNOWN STEP	2026-09-24T20:32:24.6800291Z Ubuntu
lint + type check + tests (py3.12)	UNKNOWN STEP	2026-09-24T20:32:24.6801152Z 24.04.5
lint + type check + tests (py3.12)	UNKNOWN STEP	2026-09-24T20:32:24.6801805Z LTS
lint + type check + tests (py3.12)	UNKNOWN STEP	2026-09-24T20:32:24.6802355Z ##[endgroup]
lint + type check + tests (py3.12)	UNKNOWN STEP	2026-09-24T20:32:24.6803039Z ##[group]Runner Image
lint + type check + tests (py3.12)	UNKNOWN STEP	2026-09-24T20:32:24.6803679Z Image: ubuntu-24.04
lint + type check + tests (py3.12)	UNKNOWN STEP	2026-09-24T20:32:24.6804318Z Version: 20260920.314.1
lint + type check + tests (py3.12)	UNKNOWN STEP	2026-09-24T20:32:24.6805708Z Included Software: https://github.com/actions/runner-images/blob/ubuntu24/20260920.314/images/ubuntu/Ubuntu2404-Readme.md
lint + type check + tests (py3.12)	UNKNOWN STEP	2026-09-24T20:32:24.6807331Z Image Release: https://github.com/actions/runner-images/releases/tag/ubuntu24%2F20260920.314
lint + type check + tests (py3.12)	UNKNOWN STEP	2026-09-24T20:32:24.6808322Z ##[endgroup]
lint + type check + tests (py3.12)	UNKNOWN STEP	2026-09-24T20:32:24.6810072Z ##[group]GITHUB_TOKEN Permissions
lint + type check + tests (py3.12)	UNKNOWN STEP	2026-09-24T20:32:24.6812672Z Contents: read
lint + type check + tests (py3.12)	UNKNOWN STEP	2026-09-24T20:32:24.6813385Z Metadata: read
lint + type check + tests (py3.12)	UNKNOWN STEP	2026-09-24T20:32:24.6814046Z Packages: read
lint + type check + tests (py3.12)	UNKNOWN STEP	2026-09-24T20:32:24.6814618Z ##[endgroup]
lint + type check + tests (py3.12)	UNKNOWN STEP	2026-09-24T20:32:24.6816970Z Secret source: Actions
lint + type check + tests (py3.12)	UNKNOWN STEP	2026-09-24T20:32:24.6817923Z Cache mode: write
lint + type check + tests (py3.12)	UNKNOWN STEP	2026-09-24T20:32:24.6818982Z Prepare workflow directory
lint + type check + tests (py3.12)	UNKNOWN STEP	2026-09-24T20:32:24.7150862Z Prepare all required actions
lint + type check + tests (py3.12)	UNKNOWN STEP	2026-09-24T20:32:24.7198689Z Getting action download info
lint + type check + tests (py3.12)	UNKNOWN STEP	2026-09-24T20:32:24.9288512Z Download action repository 'actions/checkout@v4' (SHA:11d5960a326750d5838078e36cf38b85af677262)
lint + type check + tests (py3.12)	UNKNOWN STEP	2026-09-24T20:32:25.0383857Z Download action repository 'actions/setup-python@v5' (SHA:a26af69be951a213d495a4c3e4e4022e16d87065)
lint + type check + tests (py3.12)	UNKNOWN STEP	2026-09-24T20:32:25.2224297Z Complete job name: lint + type check + tests (py3.12)
lint + type check + tests (py3.12)	UNKNOWN STEP	2026-09-24T20:32:25.2987777Z ##[group]Run actions/checkout@v4
lint + type check + tests (py3.12)	UNKNOWN STEP	2026-09-24T20:32:25.2988593Z with:
lint + type check + tests (py3.12)	UNKNOWN STEP	2026-09-24T20:32:25.2989033Z   fetch-depth: 0
lint + type check + tests (py3.12)	UNKNOWN STEP	2026-09-24T20:32:25.2989511Z   repository: liq87917-boop/XAUUSD
lint + type check + tests (py3.12)	UNKNOWN STEP	2026-09-24T20:32:25.2993771Z   token: ***
lint + type check + tests (py3.12)	UNKNOWN STEP	2026-09-24T20:32:25.2994224Z   ssh-strict: true
lint + type check + tests (py3.12)	UNKNOWN STEP	2026-09-24T20:32:25.2994671Z   ssh-user: git
lint + type check + tests (py3.12)	UNKNOWN STEP	2026-09-24T20:32:25.2995119Z   persist-credentials: true
lint + type check + tests (py3.12)	UNKNOWN STEP	2026-09-24T20:32:25.2995607Z   clean: true
lint + type check + tests (py3.12)	UNKNOWN STEP	2026-09-24T20:32:25.2996066Z   sparse-checkout-cone-mode: true
lint + type check + tests (py3.12)	UNKNOWN STEP	2026-09-24T20:32:25.2996585Z   fetch-tags: false
lint + type check + tests (py3.12)	UNKNOWN STEP	2026-09-24T20:32:25.2997034Z   show-progress: true
lint + type check + tests (py3.12)	UNKNOWN STEP	2026-09-24T20:32:25.2997479Z   lfs: false
lint + type check + tests (py3.12)	UNKNOWN STEP	2026-09-24T20:32:25.2997900Z   submodules: false
lint + type check + tests (py3.12)	UNKNOWN STEP	2026-09-24T20:32:25.2998358Z   set-safe-directory: true
lint + type check + tests (py3.12)	UNKNOWN STEP	2026-09-24T20:32:25.2998869Z   allow-unsafe-pr-checkout: false
lint + type check + tests (py3.12)	UNKNOWN STEP	2026-09-24T20:32:25.2999680Z ##[endgroup]
lint + type check + tests (py3.12)	UNKNOWN STEP	2026-09-24T20:32:25.4019229Z Syncing repository: liq87917-boop/XAUUSD
lint + type check + tests (py3.12)	UNKNOWN STEP	2026-09-24T20:32:25.4022074Z ##[group]Getting Git version info
lint + type check + tests (py3.12)	UNKNOWN STEP	2026-09-24T20:32:25.4023249Z Working directory is '/home/runner/work/XAUUSD/XAUUSD'
lint + type check + tests (py3.12)	UNKNOWN STEP	2026-09-24T20:32:25.4024872Z [command]/usr/bin/git version
lint + type check + tests (py3.12)	UNKNOWN STEP	2026-09-24T20:32:25.4068121Z git version 2.55.0
lint + type check + tests (py3.12)	UNKNOWN STEP	2026-09-24T20:32:25.4088023Z ##[endgroup]
lint + type check + tests (py3.12)	UNKNOWN STEP	2026-09-24T20:32:25.4102630Z Temporarily overriding HOME='/home/runner/work/_temp/7fbe64fc-887a-40ac-b992-ae5f0ac0134d' before making global git config changes
lint + type check + tests (py3.12)	UNKNOWN STEP	2026-09-24T20:32:25.4105033Z Adding repository directory to the temporary git global config as a safe directory
lint + type check + tests (py3.12)	UNKNOWN STEP	2026-09-24T20:32:25.4107749Z [command]/usr/bin/git config --global --add safe.directory /home/runner/work/XAUUSD/XAUUSD
lint + type check + tests (py3.12)	UNKNOWN STEP	2026-09-24T20:32:25.4175170Z Deleting the contents of '/home/runner/work/XAUUSD/XAUUSD'
lint + type check + tests (py3.12)	UNKNOWN STEP	2026-09-24T20:32:25.4177249Z ##[group]Initializing the repository
lint + type check + tests (py3.12)	UNKNOWN STEP	2026-09-24T20:32:25.4178573Z [command]/usr/bin/git init /home/runner/work/XAUUSD/XAUUSD
lint + type check + tests (py3.12)	UNKNOWN STEP	2026-09-24T20:32:25.4263943Z hint: Using 'master' as the name for the initial branch. This default branch name
lint + type check + tests (py3.12)	UNKNOWN STEP	2026-09-24T20:32:25.4265624Z hint: will change to "main" in Git 3.0. To configure the initial branch name
lint + type check + tests (py3.12)	UNKNOWN STEP	2026-09-24T20:32:25.4267406Z hint: to use in all of your new repositories, which will suppress this warning,
lint + type check + tests (py3.12)	UNKNOWN STEP	2026-09-24T20:32:25.4268600Z hint: call:
lint + type check + tests (py3.12)	UNKNOWN STEP	2026-09-24T20:32:25.4269203Z hint:
lint + type check + tests (py3.12)	UNKNOWN STEP	2026-09-24T20:32:25.4270035Z hint: 	git config --global init.defaultBranch <name>
lint + type check + tests (py3.12)	UNKNOWN STEP	2026-09-24T20:32:25.4271211Z hint:
lint + type check + tests (py3.12)	UNKNOWN STEP	2026-09-24T20:32:25.4272132Z hint: Names commonly chosen instead of 'master' are 'main', 'trunk' and
lint + type check + tests (py3.12)	UNKNOWN STEP	2026-09-24T20:32:25.4273615Z hint: 'development'. The just-created branch can be renamed via this command:
lint + type check + tests (py3.12)	UNKNOWN STEP	2026-09-24T20:32:25.4274759Z hint:
lint + type check + tests (py3.12)	UNKNOWN STEP	2026-09-24T20:32:25.4275430Z hint: 	git branch -m <name>
lint + type check + tests (py3.12)	UNKNOWN STEP	2026-09-24T20:32:25.4276180Z hint:
lint + type check + tests (py3.12)	UNKNOWN STEP	2026-09-24T20:32:25.4277183Z hint: Disable this message with "git config set advice.defaultBranchName false"
lint + type check + tests (py3.12)	UNKNOWN STEP	2026-09-24T20:32:25.4278742Z Initialized empty Git repository in /home/runner/work/XAUUSD/XAUUSD/.git/
lint + type check + tests (py3.12)	UNKNOWN STEP	2026-09-24T20:32:25.4284088Z [command]/usr/bin/git remote add origin https://github.com/liq87917-boop/XAUUSD
lint + type check + tests (py3.12)	UNKNOWN STEP	2026-09-24T20:32:25.4336118Z ##[endgroup]
lint + type check + tests (py3.12)	UNKNOWN STEP	2026-09-24T20:32:25.4337467Z ##[group]Disabling automatic garbage collection
lint + type check + tests (py3.12)	UNKNOWN STEP	2026-09-24T20:32:25.4340717Z [command]/usr/bin/git config --local gc.auto 0
lint + type check + tests (py3.12)	UNKNOWN STEP	2026-09-24T20:32:25.4376544Z ##[endgroup]
lint + type check + tests (py3.12)	UNKNOWN STEP	2026-09-24T20:32:25.4377688Z ##[group]Setting up auth
lint + type check + tests (py3.12)	UNKNOWN STEP	2026-09-24T20:32:25.4384284Z [command]/usr/bin/git config --local --name-only --get-regexp core\.sshCommand
lint + type check + tests (py3.12)	UNKNOWN STEP	2026-09-24T20:32:25.4417832Z [command]/usr/bin/git submodule foreach --recursive sh -c "git config --local --name-only --get-regexp 'core\.sshCommand' && git config --local --unset-all 'core.sshCommand' || :"
lint + type check + tests (py3.12)	UNKNOWN STEP	2026-09-24T20:32:25.4788799Z [command]/usr/bin/git config --local --name-only --get-regexp http\.https\:\/\/github\.com\/\.extraheader
lint + type check + tests (py3.12)	UNKNOWN STEP	2026-09-24T20:32:25.4832156Z [command]/usr/bin/git submodule foreach --recursive sh -c "git config --local --name-only --get-regexp 'http\.https\:\/\/github\.com\/\.extraheader' && git config --local --unset-all 'http.https://github.com/.extraheader' || :"
lint + type check + tests (py3.12)	UNKNOWN STEP	2026-09-24T20:32:25.5086271Z [command]/usr/bin/git config --local --name-only --get-regexp ^includeIf\.gitdir:
lint + type check + tests (py3.12)	UNKNOWN STEP	2026-09-24T20:32:25.5125055Z [command]/usr/bin/git submodule foreach --recursive git config --local --show-origin --name-only --get-regexp remote.origin.url
lint + type check + tests (py3.12)	UNKNOWN STEP	2026-09-24T20:32:25.5361390Z [command]/usr/bin/git config --local http.https://github.com/.extraheader AUTHORIZATION: basic ***
lint + type check + tests (py3.12)	UNKNOWN STEP	2026-09-24T20:32:25.5402592Z ##[endgroup]
lint + type check + tests (py3.12)	UNKNOWN STEP	2026-09-24T20:32:25.5404056Z ##[group]Fetching the repository
lint + type check + tests (py3.12)	UNKNOWN STEP	2026-09-24T20:32:25.5412691Z [command]/usr/bin/git -c protocol.version=2 fetch --prune --no-recurse-submodules origin +refs/heads/*:refs/remotes/origin/* +refs/tags/*:refs/tags/*
lint + type check + tests (py3.12)	UNKNOWN STEP	2026-09-24T20:32:26.4265900Z From https://github.com/liq87917-boop/XAUUSD
lint + type check + tests (py3.12)	UNKNOWN STEP	2026-09-24T20:32:26.4267815Z  * [new branch]      cline-agent -> origin/cline-agent
lint + type check + tests (py3.12)	UNKNOWN STEP	2026-09-24T20:32:26.4279692Z [command]/usr/bin/git branch --list --remote origin/cline-agent
lint + type check + tests (py3.12)	UNKNOWN STEP	2026-09-24T20:32:26.4311690Z   origin/cline-agent
lint + type check + tests (py3.12)	UNKNOWN STEP	2026-09-24T20:32:26.4320703Z [command]/usr/bin/git rev-parse refs/remotes/origin/cline-agent
lint + type check + tests (py3.12)	UNKNOWN STEP	2026-09-24T20:32:26.4349342Z 6d7c7ecb5a8ef75e5317df6e5f7f37a6b4b2d545
lint + type check + tests (py3.12)	UNKNOWN STEP	2026-09-24T20:32:26.4354941Z ##[endgroup]
lint + type check + tests (py3.12)	UNKNOWN STEP	2026-09-24T20:32:26.4356551Z ##[group]Determining the checkout info
lint + type check + tests (py3.12)	UNKNOWN STEP	2026-09-24T20:32:26.4360746Z ##[endgroup]
lint + type check + tests (py3.12)	UNKNOWN STEP	2026-09-24T20:32:26.4362162Z [command]/usr/bin/git sparse-checkout disable
lint + type check + tests (py3.12)	UNKNOWN STEP	2026-09-24T20:32:26.4421703Z [command]/usr/bin/git config --local --unset-all extensions.worktreeConfig
lint + type check + tests (py3.12)	UNKNOWN STEP	2026-09-24T20:32:26.4455217Z ##[group]Checking out the ref
lint + type check + tests (py3.12)	UNKNOWN STEP	2026-09-24T20:32:26.4458379Z [command]/usr/bin/git checkout --progress --force -B cline-agent refs/remotes/origin/cline-agent
lint + type check + tests (py3.12)	UNKNOWN STEP	2026-09-24T20:32:26.5095805Z Switched to a new branch 'cline-agent'
lint + type check + tests (py3.12)	UNKNOWN STEP	2026-09-24T20:32:26.5099048Z branch 'cline-agent' set up to track 'origin/cline-agent'.
lint + type check + tests (py3.12)	UNKNOWN STEP	2026-09-24T20:32:26.5110657Z ##[endgroup]
lint + type check + tests (py3.12)	UNKNOWN STEP	2026-09-24T20:32:26.5158924Z [command]/usr/bin/git log -1 --format=%H
lint + type check + tests (py3.12)	UNKNOWN STEP	2026-09-24T20:32:26.5189695Z 6d7c7ecb5a8ef75e5317df6e5f7f37a6b4b2d545
lint + type check + tests (py3.12)	UNKNOWN STEP	2026-09-24T20:32:26.5566874Z ##[group]Run actions/setup-python@v5
lint + type check + tests (py3.12)	UNKNOWN STEP	2026-09-24T20:32:26.5568145Z with:
lint + type check + tests (py3.12)	UNKNOWN STEP	2026-09-24T20:32:26.5569088Z   python-version: 3.12
lint + type check + tests (py3.12)	UNKNOWN STEP	2026-09-24T20:32:26.5570362Z   cache: pip
lint + type check + tests (py3.12)	UNKNOWN STEP	2026-09-24T20:32:26.5571523Z   check-latest: false
lint + type check + tests (py3.12)	UNKNOWN STEP	2026-09-24T20:32:26.5581255Z   token: ***
lint + type check + tests (py3.12)	UNKNOWN STEP	2026-09-24T20:32:26.5582242Z   update-environment: true
lint + type check + tests (py3.12)	UNKNOWN STEP	2026-09-24T20:32:26.5583385Z   allow-prereleases: false
lint + type check + tests (py3.12)	UNKNOWN STEP	2026-09-24T20:32:26.5584472Z   freethreaded: false
lint + type check + tests (py3.12)	UNKNOWN STEP	2026-09-24T20:32:26.5585458Z ##[endgroup]
lint + type check + tests (py3.12)	UNKNOWN STEP	2026-09-24T20:32:26.7011141Z ##[group]Installed versions
lint + type check + tests (py3.12)	UNKNOWN STEP	2026-09-24T20:32:26.7099295Z (node:2246) [DEP0040] DeprecationWarning: The `punycode` module is deprecated. Please use a userland alternative instead.
lint + type check + tests (py3.12)	UNKNOWN STEP	2026-09-24T20:32:26.7101236Z (Use `node --trace-deprecation ...` to show where the warning was created)
lint + type check + tests (py3.12)	UNKNOWN STEP	2026-09-24T20:32:26.7102041Z Successfully set up CPython (3.12.14)
lint + type check + tests (py3.12)	UNKNOWN STEP	2026-09-24T20:32:26.7122351Z ##[endgroup]
lint + type check + tests (py3.12)	UNKNOWN STEP	2026-09-24T20:32:26.8467519Z [command]/opt/hostedtoolcache/Python/3.12.14/x64/bin/pip cache dir
lint + type check + tests (py3.12)	UNKNOWN STEP	2026-09-24T20:32:27.1328387Z /home/runner/.cache/pip
lint + type check + tests (py3.12)	UNKNOWN STEP	2026-09-24T20:32:27.2308851Z Cache hit for: setup-python-Linux-x64-24.04-Ubuntu-python-3.12.14-pip-99b428ef1de79221bf7db326db48be795a0649224efb6fac12f7835098d359f1
lint + type check + tests (py3.12)	UNKNOWN STEP	2026-09-24T20:32:27.2418174Z (node:2246) [DEP0169] DeprecationWarning: `url.parse()` behavior is not standardized and prone to errors that have security implications. Use the WHATWG URL API instead. CVEs are not issued for `url.parse()` vulnerabilities.
lint + type check + tests (py3.12)	UNKNOWN STEP	2026-09-24T20:32:28.1730660Z Received 205490308 of 205490308 (100.0%), 215.4 MBs/sec
lint + type check + tests (py3.12)	UNKNOWN STEP	2026-09-24T20:32:28.1732115Z Cache Size: ~196 MB (205490308 B)
lint + type check + tests (py3.12)	UNKNOWN STEP	2026-09-24T20:32:28.1770602Z [command]/usr/bin/tar -xf /home/runner/work/_temp/1fec4643-44f5-46d6-9baf-f41593f8c24c/cache.tzst -P -C /home/runner/work/XAUUSD/XAUUSD --use-compress-program unzstd
lint + type check + tests (py3.12)	UNKNOWN STEP	2026-09-24T20:32:28.4684069Z Cache restored successfully
lint + type check + tests (py3.12)	UNKNOWN STEP	2026-09-24T20:32:28.4787577Z Cache restored from key: setup-python-Linux-x64-24.04-Ubuntu-python-3.12.14-pip-99b428ef1de79221bf7db326db48be795a0649224efb6fac12f7835098d359f1
lint + type check + tests (py3.12)	UNKNOWN STEP	2026-09-24T20:32:28.5034748Z ##[group]Run python -m pip install --upgrade pip
lint + type check + tests (py3.12)	UNKNOWN STEP	2026-09-24T20:32:28.5035231Z ^[[36;1mpython -m pip install --upgrade pip^[[0m
lint + type check + tests (py3.12)	UNKNOWN STEP	2026-09-24T20:32:28.5035639Z ^[[36;1mpython -m pip install -e ".[dev]"^[[0m
lint + type check + tests (py3.12)	UNKNOWN STEP	2026-09-24T20:32:28.5305977Z shell: /usr/bin/bash -e {0}
lint + type check + tests (py3.12)	UNKNOWN STEP	2026-09-24T20:32:28.5306318Z env:
lint + type check + tests (py3.12)	UNKNOWN STEP	2026-09-24T20:32:28.5306635Z   pythonLocation: /opt/hostedtoolcache/Python/3.12.14/x64
lint + type check + tests (py3.12)	UNKNOWN STEP	2026-09-24T20:32:28.5307162Z   PKG_CONFIG_PATH: /opt/hostedtoolcache/Python/3.12.14/x64/lib/pkgconfig
lint + type check + tests (py3.12)	UNKNOWN STEP	2026-09-24T20:32:28.5307636Z   Python_ROOT_DIR: /opt/hostedtoolcache/Python/3.12.14/x64
lint + type check + tests (py3.12)	UNKNOWN STEP	2026-09-24T20:32:28.5308031Z   Python2_ROOT_DIR: /opt/hostedtoolcache/Python/3.12.14/x64
lint + type check + tests (py3.12)	UNKNOWN STEP	2026-09-24T20:32:28.5308450Z   Python3_ROOT_DIR: /opt/hostedtoolcache/Python/3.12.14/x64
lint + type check + tests (py3.12)	UNKNOWN STEP	2026-09-24T20:32:28.5308852Z   LD_LIBRARY_PATH: /opt/hostedtoolcache/Python/3.12.14/x64/lib
lint + type check + tests (py3.12)	UNKNOWN STEP	2026-09-24T20:32:28.5309197Z ##[endgroup]
lint + type check + tests (py3.12)	UNKNOWN STEP	2026-09-24T20:32:29.0210665Z Requirement already satisfied: pip in /opt/hostedtoolcache/Python/3.12.14/x64/lib/python3.12/site-packages (26.2.1)
lint + type check + tests (py3.12)	UNKNOWN STEP	2026-09-24T20:32:29.5245048Z Obtaining file:///home/runner/work/XAUUSD/XAUUSD
lint + type check + tests (py3.12)	UNKNOWN STEP	2026-09-24T20:32:29.5270741Z   Installing build dependencies: started
lint + type check + tests (py3.12)	UNKNOWN STEP	2026-09-24T20:32:30.1146726Z   Installing build dependencies: finished with status 'done'
lint + type check + tests (py3.12)	UNKNOWN STEP	2026-09-24T20:32:30.1152541Z   Checking if build backend supports build_editable: started
lint + type check + tests (py3.12)	UNKNOWN STEP	2026-09-24T20:32:30.4375816Z   Checking if build backend supports build_editable: finished with status 'done'
lint + type check + tests (py3.12)	UNKNOWN STEP	2026-09-24T20:32:30.4384040Z   Getting requirements to build editable: started
lint + type check + tests (py3.12)	UNKNOWN STEP	2026-09-24T20:32:30.8028227Z   Getting requirements to build editable: finished with status 'done'
lint + type check + tests (py3.12)	UNKNOWN STEP	2026-09-24T20:32:30.8036425Z   Preparing editable metadata (pyproject.toml): started
lint + type check + tests (py3.12)	UNKNOWN STEP	2026-09-24T20:32:31.0061922Z   Preparing editable metadata (pyproject.toml): finished with status 'done'
lint + type check + tests (py3.12)	UNKNOWN STEP	2026-09-24T20:32:31.3739378Z Collecting sqlalchemy>=2.0.30 (from gold-ai==0.2.0)
lint + type check + tests (py3.12)	UNKNOWN STEP	2026-09-24T20:32:31.4390335Z   Downloading sqlalchemy-2.1.0.tar.gz (10.5 MB)
lint + type check + tests (py3.12)	UNKNOWN STEP	2026-09-24T20:32:31.7805531Z      鈹佲攣鈹佲攣鈹佲攣鈹佲攣鈹佲攣鈹佲攣鈹佲攣鈹佲攣鈹佲攣鈹佲攣鈹佲攣鈹佲攣鈹佲攣鈹佲攣鈹佲攣鈹佲攣鈹佲攣鈹佲攣鈹佲攣鈹佲攣 10.5/10.5 MB 34.4 MB/s  0:00:00
lint + type check + tests (py3.12)	UNKNOWN STEP	2026-09-24T20:32:32.4550746Z   Installing build dependencies: started
lint + type check + tests (py3.12)	UNKNOWN STEP	2026-09-24T20:32:33.5220406Z   Installing build dependencies: finished with status 'done'
lint + type check + tests (py3.12)	UNKNOWN STEP	2026-09-24T20:32:33.5226489Z   Getting requirements to build wheel: started
lint + type check + tests (py3.12)	UNKNOWN STEP	2026-09-24T20:32:34.3366032Z   Getting requirements to build wheel: finished with status 'done'
lint + type check + tests (py3.12)	UNKNOWN STEP	2026-09-24T20:32:34.3375513Z   Preparing metadata (pyproject.toml): started
lint + type check + tests (py3.12)	UNKNOWN STEP	2026-09-24T20:32:34.7129105Z   Preparing metadata (pyproject.toml): finished with status 'done'
lint + type check + tests (py3.12)	UNKNOWN STEP	2026-09-24T20:32:34.7392747Z Collecting alembic>=1.13.1 (from gold-ai==0.2.0)
lint + type check + tests (py3.12)	UNKNOWN STEP	2026-09-24T20:32:34.7406642Z   Using cached alembic-1.20.0-py3-none-any.whl.metadata (7.3 kB)
lint + type check + tests (py3.12)	UNKNOWN STEP	2026-09-24T20:32:34.8289647Z Collecting pydantic>=2.7.0 (from gold-ai==0.2.0)
lint + type check + tests (py3.12)	UNKNOWN STEP	2026-09-24T20:32:34.8304444Z   Using cached pydantic-2.13.5-py3-none-any.whl.metadata (110 kB)
lint + type check + tests (py3.12)	UNKNOWN STEP	2026-09-24T20:32:34.8503110Z Collecting pydantic-settings>=2.3.0 (from gold-ai==0.2.0)
lint + type check + tests (py3.12)	UNKNOWN STEP	2026-09-24T20:32:34.8515675Z   Using cached pydantic_settings-2.15.0-py3-none-any.whl.metadata (3.9 kB)
lint + type check + tests (py3.12)	UNKNOWN STEP	2026-09-24T20:32:34.8694746Z Collecting psycopg>=3.1.19 (from psycopg[binary]>=3.1.19->gold-ai==0.2.0)
lint + type check + tests (py3.12)	UNKNOWN STEP	2026-09-24T20:32:34.8706803Z   Using cached psycopg-3.3.6-py3-none-any.whl.metadata (4.4 kB)
lint + type check + tests (py3.12)	UNKNOWN STEP	2026-09-24T20:32:34.8871672Z Collecting tzdata>=2024.1 (from gold-ai==0.2.0)
lint + type check + tests (py3.12)	UNKNOWN STEP	2026-09-24T20:32:34.8884506Z   Using cached tzdata-2026.4-py2.py3-none-any.whl.metadata (1.4 kB)
lint + type check + tests (py3.12)	UNKNOWN STEP	2026-09-24T20:32:35.3351295Z Collecting aiohttp>=3.9.5 (from gold-ai==0.2.0)
lint + type check + tests (py3.12)	UNKNOWN STEP	2026-09-24T20:32:35.3366668Z   Using cached aiohttp-3.14.3-cp312-cp312-manylinux2014_x86_64.manylinux_2_17_x86_64.manylinux_2_28_x86_64.whl.metadata (8.3 kB)
lint + type check + tests (py3.12)	UNKNOWN STEP	2026-09-24T20:32:35.3711899Z Collecting PyYAML>=6.0.1 (from gold-ai==0.2.0)
lint + type check + tests (py3.12)	UNKNOWN STEP	2026-09-24T20:32:35.3725515Z   Using cached pyyaml-6.0.3-cp312-cp312-manylinux2014_x86_64.manylinux_2_17_x86_64.manylinux_2_28_x86_64.whl.metadata (2.4 kB)
lint + type check + tests (py3.12)	UNKNOWN STEP	2026-09-24T20:32:35.5443552Z Collecting numpy>=1.26 (from gold-ai==0.2.0)
lint + type check + tests (py3.12)	UNKNOWN STEP	2026-09-24T20:32:35.5457826Z   Using cached numpy-2.5.3-cp312-cp312-manylinux_2_27_x86_64.manylinux_2_28_x86_64.whl.metadata (6.6 kB)
lint + type check + tests (py3.12)	UNKNOWN STEP	2026-09-24T20:32:35.6496307Z Collecting pandas>=2.2 (from gold-ai==0.2.0)
lint + type check + tests (py3.12)	UNKNOWN STEP	2026-09-24T20:32:35.6511969Z   Using cached pandas-3.0.6-cp312-cp312-manylinux_2_24_x86_64.manylinux_2_28_x86_64.whl.metadata (79 kB)
lint + type check + tests (py3.12)	UNKNOWN STEP	2026-09-24T20:32:35.7485563Z Collecting scikit-learn>=1.4 (from gold-ai==0.2.0)
lint + type check + tests (py3.12)	UNKNOWN STEP	2026-09-24T20:32:35.7500845Z   Using cached scikit_learn-1.9.1-cp312-cp312-manylinux_2_27_x86_64.manylinux_2_28_x86_64.whl.metadata (9.3 kB)
lint + type check + tests (py3.12)	UNKNOWN STEP	2026-09-24T20:32:35.7681883Z Collecting httpx>=0.27 (from gold-ai==0.2.0)
lint + type check + tests (py3.12)	UNKNOWN STEP	2026-09-24T20:32:35.7693642Z   Using cached httpx-0.28.1-py3-none-any.whl.metadata (7.1 kB)
lint + type check + tests (py3.12)	UNKNOWN STEP	2026-09-24T20:32:35.7830746Z Collecting jieba>=0.42.1 (from gold-ai==0.2.0)
lint + type check + tests (py3.12)	UNKNOWN STEP	2026-09-24T20:32:35.7832105Z   Using cached jieba-0.42.1-py3-none-any.whl
lint + type check + tests (py3.12)	UNKNOWN STEP	2026-09-24T20:32:35.8007717Z Collecting feedparser>=6.0.11 (from gold-ai==0.2.0)
lint + type check + tests (py3.12)	UNKNOWN STEP	2026-09-24T20:32:35.8019886Z   Using cached feedparser-6.0.14-py3-none-any.whl.metadata (2.7 kB)
lint + type check + tests (py3.12)	UNKNOWN STEP	2026-09-24T20:32:35.8390499Z Collecting akshare>=1.14.0 (from gold-ai==0.2.0)
lint + type check + tests (py3.12)	UNKNOWN STEP	2026-09-24T20:32:35.8403921Z   Using cached akshare-1.18.97-py3-none-any.whl.metadata (14 kB)
lint + type check + tests (py3.12)	UNKNOWN STEP	2026-09-24T20:32:35.8558044Z Collecting dbnomics>=1.2.0 (from gold-ai==0.2.0)
lint + type check + tests (py3.12)	UNKNOWN STEP	2026-09-24T20:32:35.8569346Z   Using cached dbnomics-1.2.7-py3-none-any.whl.metadata (42 kB)
lint + type check + tests (py3.12)	UNKNOWN STEP	2026-09-24T20:32:35.8910870Z Collecting pytest>=8.2.0 (from gold-ai==0.2.0)
lint + type check + tests (py3.12)	UNKNOWN STEP	2026-09-24T20:32:35.8923536Z   Using cached pytest-9.1.1-py3-none-any.whl.metadata (7.6 kB)
lint + type check + tests (py3.12)	UNKNOWN STEP	2026-09-24T20:32:35.9114239Z Collecting pytest-asyncio>=0.23.0 (from gold-ai==0.2.0)
lint + type check + tests (py3.12)	UNKNOWN STEP	2026-09-24T20:32:35.9126678Z   Using cached pytest_asyncio-1.4.0-py3-none-any.whl.metadata (4.1 kB)
lint + type check + tests (py3.12)	UNKNOWN STEP	2026-09-24T20:32:36.2164007Z Collecting ruff==0.16.7 (from gold-ai==0.2.0)
lint + type check + tests (py3.12)	UNKNOWN STEP	2026-09-24T20:32:36.2178893Z   Using cached ruff-0.16.7-py3-none-manylinux_2_17_x86_64.manylinux2014_x86_64.whl.metadata (20 kB)
lint + type check + tests (py3.12)	UNKNOWN STEP	2026-09-24T20:32:36.3140292Z Collecting mypy>=1.10.0 (from gold-ai==0.2.0)
lint + type check + tests (py3.12)	UNKNOWN STEP	2026-09-24T20:32:36.3155473Z   Using cached mypy-2.3.1-cp312-cp312-manylinux2014_x86_64.manylinux_2_17_x86_64.manylinux_2_28_x86_64.whl.metadata (2.4 kB)
lint + type check + tests (py3.12)	UNKNOWN STEP	2026-09-24T20:32:36.3325914Z Collecting openpyxl>=3.1 (from gold-ai==0.2.0)
lint + type check + tests (py3.12)	UNKNOWN STEP	2026-09-24T20:32:36.3338840Z   Using cached openpyxl-3.1.5-py2.py3-none-any.whl.metadata (2.5 kB)
lint + type check + tests (py3.12)	UNKNOWN STEP	2026-09-24T20:32:36.3505854Z Collecting aiohappyeyeballs>=2.5.0 (from aiohttp>=3.9.5->gold-ai==0.2.0)
lint + type check + tests (py3.12)	UNKNOWN STEP	2026-09-24T20:32:36.3518132Z   Using cached aiohappyeyeballs-2.7.1-py3-none-any.whl.metadata (5.9 kB)
lint + type check + tests (py3.12)	UNKNOWN STEP	2026-09-24T20:32:36.3644616Z Collecting aiosignal>=1.4.0 (from aiohttp>=3.9.5->gold-ai==0.2.0)
lint + type check + tests (py3.12)	UNKNOWN STEP	2026-09-24T20:32:36.3656493Z   Using cached aiosignal-1.4.0-py3-none-any.whl.metadata (3.7 kB)
lint + type check + tests (py3.12)	UNKNOWN STEP	2026-09-24T20:32:36.3814347Z Collecting attrs>=17.3.0 (from aiohttp>=3.9.5->gold-ai==0.2.0)
lint + type check + tests (py3.12)	UNKNOWN STEP	2026-09-24T20:32:36.3826264Z   Using cached attrs-26.1.0-py3-none-any.whl.metadata (8.8 kB)
lint + type check + tests (py3.12)	UNKNOWN STEP	2026-09-24T20:32:36.4414661Z Collecting frozenlist>=1.1.1 (from aiohttp>=3.9.5->gold-ai==0.2.0)
lint + type check + tests (py3.12)	UNKNOWN STEP	2026-09-24T20:32:36.4429147Z   Using cached frozenlist-1.8.0-cp312-cp312-manylinux1_x86_64.manylinux_2_28_x86_64.manylinux_2_5_x86_64.whl.metadata (20 kB)
lint + type check + tests (py3.12)	UNKNOWN STEP	2026-09-24T20:32:36.6973113Z Collecting multidict<7.0,>=4.5 (from aiohttp>=3.9.5->gold-ai==0.2.0)
lint + type check + tests (py3.12)	UNKNOWN STEP	2026-09-24T20:32:36.6988423Z   Using cached multidict-6.9.1-cp312-cp312-manylinux2014_x86_64.manylinux_2_17_x86_64.manylinux_2_28_x86_64.whl.metadata (5.3 kB)
lint + type check + tests (py3.12)	UNKNOWN STEP	2026-09-24T20:32:36.7606868Z Collecting propcache>=0.2.0 (from aiohttp>=3.9.5->gold-ai==0.2.0)
lint + type check + tests (py3.12)	UNKNOWN STEP	2026-09-24T20:32:36.7621347Z   Using cached propcache-0.5.4-cp312-cp312-manylinux2014_x86_64.manylinux_2_17_x86_64.manylinux_2_28_x86_64.whl.metadata (25 kB)
lint + type check + tests (py3.12)	UNKNOWN STEP	2026-09-24T20:32:36.7973883Z Collecting typing_extensions>=4.4 (from aiohttp>=3.9.5->gold-ai==0.2.0)
lint + type check + tests (py3.12)	UNKNOWN STEP	2026-09-24T20:32:36.7986206Z   Using cached typing_extensions-4.16.0-py3-none-any.whl.metadata (3.3 kB)
lint + type check + tests (py3.12)	UNKNOWN STEP	2026-09-24T20:32:37.0241522Z Collecting yarl<2.0,>=1.17.0 (from aiohttp>=3.9.5->gold-ai==0.2.0)
lint + type check + tests (py3.12)	UNKNOWN STEP	2026-09-24T20:32:37.0256976Z   Using cached yarl-1.25.1-cp312-cp312-manylinux2014_x86_64.manylinux_2_17_x86_64.manylinux_2_28_x86_64.whl.metadata (111 kB)
lint + type check + tests (py3.12)	UNKNOWN STEP	2026-09-24T20:32:37.0496535Z Collecting idna>=2.0 (from yarl<2.0,>=1.17.0->aiohttp>=3.9.5->gold-ai==0.2.0)
lint + type check + tests (py3.12)	UNKNOWN STEP	2026-09-24T20:32:37.0508574Z   Using cached idna-3.20-py3-none-any.whl.metadata (7.2 kB)
lint + type check + tests (py3.12)	UNKNOWN STEP	2026-09-24T20:32:37.0758026Z Collecting beautifulsoup4>=4.9.1 (from akshare>=1.14.0->gold-ai==0.2.0)
lint + type check + tests (py3.12)	UNKNOWN STEP	2026-09-24T20:32:37.0770371Z   Using cached beautifulsoup4-4.15.0-py3-none-any.whl.metadata (3.8 kB)
lint + type check + tests (py3.12)	UNKNOWN STEP	2026-09-24T20:32:37.3212481Z Collecting lxml>=4.2.1 (from akshare>=1.14.0->gold-ai==0.2.0)
lint + type check + tests (py3.12)	UNKNOWN STEP	2026-09-24T20:32:37.3227115Z   Using cached lxml-6.1.3-cp312-cp312-manylinux_2_26_x86_64.manylinux_2_28_x86_64.whl.metadata (3.3 kB)
lint + type check + tests (py3.12)	UNKNOWN STEP	2026-09-24T20:32:37.3512553Z Collecting requests>=2.22.0 (from akshare>=1.14.0->gold-ai==0.2.0)
lint + type check + tests (py3.12)	UNKNOWN STEP	2026-09-24T20:32:37.3526996Z   Using cached requests-2.34.2-py3-none-any.whl.metadata (4.8 kB)
lint + type check + tests (py3.12)	UNKNOWN STEP	2026-09-24T20:32:37.4318684Z Collecting curl_cffi>=0.13.0 (from akshare>=1.14.0->gold-ai==0.2.0)
lint + type check + tests (py3.12)	UNKNOWN STEP	2026-09-24T20:32:37.4334072Z   Using cached curl_cffi-0.16.3-cp310-abi3-manylinux2014_x86_64.manylinux_2_17_x86_64.whl.metadata (17 kB)
lint + type check + tests (py3.12)	UNKNOWN STEP	2026-09-24T20:32:37.8922367Z Collecting html5lib>=1.0.1 (from akshare>=1.14.0->gold-ai==0.2.0)
lint + type check + tests (py3.12)	UNKNOWN STEP	2026-09-24T20:32:37.8941858Z   Using cached html5lib-1.1-py2.py3-none-any.whl.metadata (16 kB)
lint + type check + tests (py3.12)	UNKNOWN STEP	2026-09-24T20:32:38.2383377Z Collecting xlrd>=1.2.0 (from akshare>=1.14.0->gold-ai==0.2.0)
lint + type check + tests (py3.12)	UNKNOWN STEP	2026-09-24T20:32:38.2397769Z   Using cached xlrd-2.0.2-py2.py3-none-any.whl.metadata (3.5 kB)
lint + type check + tests (py3.12)	UNKNOWN STEP	2026-09-24T20:32:38.4293055Z Collecting urllib3>=1.25.8 (from akshare>=1.14.0->gold-ai==0.2.0)
lint + type check + tests (py3.12)	UNKNOWN STEP	2026-09-24T20:32:38.4306694Z   Using cached urllib3-2.8.0-py3-none-any.whl.metadata (7.4 kB)
lint + type check + tests (py3.12)	UNKNOWN STEP	2026-09-24T20:32:38.5016559Z Collecting tqdm>=4.43.0 (from akshare>=1.14.0->gold-ai==0.2.0)
lint + type check + tests (py3.12)	UNKNOWN STEP	2026-09-24T20:32:38.5030067Z   Using cached tqdm-4.70.1-py3-none-any.whl.metadata (57 kB)
lint + type check + tests (py3.12)	UNKNOWN STEP	2026-09-24T20:32:38.5825916Z Collecting jsonpath>=0.82 (from akshare>=1.14.0->gold-ai==0.2.0)
lint + type check + tests (py3.12)	UNKNOWN STEP	2026-09-24T20:32:38.5827136Z   Using cached jsonpath-0.82.2-py3-none-any.whl
lint + type check + tests (py3.12)	UNKNOWN STEP	2026-09-24T20:32:38.6312445Z Collecting tabulate>=0.8.6 (from akshare>=1.14.0->gold-ai==0.2.0)
lint + type check + tests (py3.12)	UNKNOWN STEP	2026-09-24T20:32:38.6325392Z   Using cached tabulate-0.10.0-py3-none-any.whl.metadata (40 kB)
lint + type check + tests (py3.12)	UNKNOWN STEP	2026-09-24T20:32:38.6506809Z Collecting decorator>=4.4.2 (from akshare>=1.14.0->gold-ai==0.2.0)
lint + type check + tests (py3.12)	UNKNOWN STEP	2026-09-24T20:32:38.6518960Z   Using cached decorator-5.3.1-py3-none-any.whl.metadata (3.9 kB)
lint + type check + tests (py3.12)	UNKNOWN STEP	2026-09-24T20:32:38.6793105Z Collecting py-mini-racer>=0.6.0 (from akshare>=1.14.0->gold-ai==0.2.0)
lint + type check + tests (py3.12)	UNKNOWN STEP	2026-09-24T20:32:38.6806386Z   Using cached py_mini_racer-0.6.0-py2.py3-none-manylinux1_x86_64.whl.metadata (8.7 kB)
lint + type check + tests (py3.12)	UNKNOWN STEP	2026-09-24T20:32:38.6980421Z Collecting akracer>=0.0.13 (from akshare>=1.14.0->gold-ai==0.2.0)
lint + type check + tests (py3.12)	UNKNOWN STEP	2026-09-24T20:32:38.6992956Z   Using cached akracer-0.0.14-py3-none-any.whl.metadata (3.3 kB)
lint + type check + tests (py3.12)	UNKNOWN STEP	2026-09-24T20:32:38.7221205Z Collecting Mako (from alembic>=1.13.1->gold-ai==0.2.0)
lint + type check + tests (py3.12)	UNKNOWN STEP	2026-09-24T20:32:38.7298379Z   Downloading mako-1.4.3-py3-none-any.whl.metadata (2.9 kB)
lint + type check + tests (py3.12)	UNKNOWN STEP	2026-09-24T20:32:38.7525406Z Collecting soupsieve>=1.6.1 (from beautifulsoup4>=4.9.1->akshare>=1.14.0->gold-ai==0.2.0)
lint + type check + tests (py3.12)	UNKNOWN STEP	2026-09-24T20:32:38.7602699Z   Downloading soupsieve-2.10-py3-none-any.whl.metadata (4.4 kB)
lint + type check + tests (py3.12)	UNKNOWN STEP	2026-09-24T20:32:38.8602212Z Collecting cffi>=2.0.0 (from curl_cffi>=0.13.0->akshare>=1.14.0->gold-ai==0.2.0)
lint + type check + tests (py3.12)	UNKNOWN STEP	2026-09-24T20:32:38.8617689Z   Using cached cffi-2.1.1-cp312-cp312-manylinux2014_x86_64.manylinux_2_17_x86_64.whl.metadata (2.5 kB)
lint + type check + tests (py3.12)	UNKNOWN STEP	2026-09-24T20:32:38.8794375Z Collecting certifi>=2024.2.2 (from curl_cffi>=0.13.0->akshare>=1.14.0->gold-ai==0.2.0)
lint + type check + tests (py3.12)	UNKNOWN STEP	2026-09-24T20:32:38.8806754Z   Using cached certifi-2026.7.22-py3-none-any.whl.metadata (2.5 kB)
lint + type check + tests (py3.12)	UNKNOWN STEP	2026-09-24T20:32:38.8956435Z Collecting pycparser (from cffi>=2.0.0->curl_cffi>=0.13.0->akshare>=1.14.0->gold-ai==0.2.0)
lint + type check + tests (py3.12)	UNKNOWN STEP	2026-09-24T20:32:38.8968319Z   Using cached pycparser-3.0-py3-none-any.whl.metadata (8.2 kB)
lint + type check + tests (py3.12)	UNKNOWN STEP	2026-09-24T20:32:38.9158054Z Collecting tenacity>=9.0.0 (from dbnomics>=1.2.0->gold-ai==0.2.0)
lint + type check + tests (py3.12)	UNKNOWN STEP	2026-09-24T20:32:38.9171731Z   Using cached tenacity-9.1.4-py3-none-any.whl.metadata (1.2 kB)
lint + type check + tests (py3.12)	UNKNOWN STEP	2026-09-24T20:32:38.9309866Z Collecting feedparser-sgmllib<3,>=2 (from feedparser>=6.0.11->gold-ai==0.2.0)
lint + type check + tests (py3.12)	UNKNOWN STEP	2026-09-24T20:32:38.9321679Z   Using cached feedparser_sgmllib-2.1.0-py3-none-any.whl.metadata (926 bytes)
lint + type check + tests (py3.12)	UNKNOWN STEP	2026-09-24T20:32:38.9471898Z Collecting six>=1.9 (from html5lib>=1.0.1->akshare>=1.14.0->gold-ai==0.2.0)
lint + type check + tests (py3.12)	UNKNOWN STEP	2026-09-24T20:32:38.9484393Z   Using cached six-1.17.0-py2.py3-none-any.whl.metadata (1.7 kB)
lint + type check + tests (py3.12)	UNKNOWN STEP	2026-09-24T20:32:38.9602831Z Collecting webencodings (from html5lib>=1.0.1->akshare>=1.14.0->gold-ai==0.2.0)
lint + type check + tests (py3.12)	UNKNOWN STEP	2026-09-24T20:32:38.9614882Z   Using cached webencodings-0.6.1-py3-none-any.whl.metadata (3.4 kB)
lint + type check + tests (py3.12)	UNKNOWN STEP	2026-09-24T20:32:38.9820432Z Collecting anyio (from httpx>=0.27->gold-ai==0.2.0)
lint + type check + tests (py3.12)	UNKNOWN STEP	2026-09-24T20:32:38.9833575Z   Using cached anyio-4.15.1-py3-none-any.whl.metadata (4.7 kB)
lint + type check + tests (py3.12)	UNKNOWN STEP	2026-09-24T20:32:39.0011519Z Collecting httpcore==1.* (from httpx>=0.27->gold-ai==0.2.0)
lint + type check + tests (py3.12)	UNKNOWN STEP	2026-09-24T20:32:39.0025059Z   Using cached httpcore-1.0.9-py3-none-any.whl.metadata (21 kB)
lint + type check + tests (py3.12)	UNKNOWN STEP	2026-09-24T20:32:39.0183212Z Collecting h11>=0.16 (from httpcore==1.*->httpx>=0.27->gold-ai==0.2.0)
lint + type check + tests (py3.12)	UNKNOWN STEP	2026-09-24T20:32:39.0194484Z   Using cached h11-0.16.0-py3-none-any.whl.metadata (8.3 kB)
lint + type check + tests (py3.12)	UNKNOWN STEP	2026-09-24T20:32:39.0361504Z Collecting mypy_extensions>=1.0.0 (from mypy>=1.10.0->gold-ai==0.2.0)
lint + type check + tests (py3.12)	UNKNOWN STEP	2026-09-24T20:32:39.0373049Z   Using cached mypy_extensions-1.1.0-py3-none-any.whl.metadata (1.1 kB)
lint + type check + tests (py3.12)	UNKNOWN STEP	2026-09-24T20:32:39.0513569Z Collecting pathspec>=1.0.0 (from mypy>=1.10.0->gold-ai==0.2.0)
lint + type check + tests (py3.12)	UNKNOWN STEP	2026-09-24T20:32:39.0524909Z   Using cached pathspec-1.1.1-py3-none-any.whl.metadata (14 kB)
lint + type check + tests (py3.12)	UNKNOWN STEP	2026-09-24T20:32:39.1676977Z Collecting librt>=0.13.0 (from mypy>=1.10.0->gold-ai==0.2.0)
lint + type check + tests (py3.12)	UNKNOWN STEP	2026-09-24T20:32:39.1691433Z   Using cached librt-0.15.0-cp312-cp312-manylinux2014_x86_64.manylinux_2_17_x86_64.manylinux_2_28_x86_64.whl.metadata (1.3 kB)
lint + type check + tests (py3.12)	UNKNOWN STEP	2026-09-24T20:32:39.2104392Z Collecting ast-serialize<1.0.0,>=0.6.0 (from mypy>=1.10.0->gold-ai==0.2.0)
lint + type check + tests (py3.12)	UNKNOWN STEP	2026-09-24T20:32:39.2118040Z   Using cached ast_serialize-0.11.2-cp39-abi3-manylinux_2_17_x86_64.manylinux2014_x86_64.whl.metadata (1.4 kB)
lint + type check + tests (py3.12)	UNKNOWN STEP	2026-09-24T20:32:39.2283316Z Collecting et-xmlfile (from openpyxl>=3.1->gold-ai==0.2.0)
lint + type check + tests (py3.12)	UNKNOWN STEP	2026-09-24T20:32:39.2295090Z   Using cached et_xmlfile-2.0.0-py3-none-any.whl.metadata (2.7 kB)
lint + type check + tests (py3.12)	UNKNOWN STEP	2026-09-24T20:32:39.2450547Z Collecting python-dateutil>=2.8.2 (from pandas>=2.2->gold-ai==0.2.0)
lint + type check + tests (py3.12)	UNKNOWN STEP	2026-09-24T20:32:39.2463126Z   Using cached python_dateutil-2.9.0.post0-py2.py3-none-any.whl.metadata (8.4 kB)
lint + type check + tests (py3.12)	UNKNOWN STEP	2026-09-24T20:32:39.3897615Z Collecting psycopg-binary==3.3.6 (from psycopg[binary]>=3.1.19->gold-ai==0.2.0)
lint + type check + tests (py3.12)	UNKNOWN STEP	2026-09-24T20:32:39.3912480Z   Using cached psycopg_binary-3.3.6-cp312-cp312-manylinux2014_x86_64.manylinux_2_17_x86_64.whl.metadata (2.7 kB)
lint + type check + tests (py3.12)	UNKNOWN STEP	2026-09-24T20:32:39.4068666Z Collecting annotated-types>=0.6.0 (from pydantic>=2.7.0->gold-ai==0.2.0)
lint + type check + tests (py3.12)	UNKNOWN STEP	2026-09-24T20:32:39.4080197Z   Using cached annotated_types-0.8.0-py3-none-any.whl.metadata (15 kB)
lint + type check + tests (py3.12)	UNKNOWN STEP	2026-09-24T20:32:40.0469916Z Collecting pydantic-core==2.46.5 (from pydantic>=2.7.0->gold-ai==0.2.0)
lint + type check + tests (py3.12)	UNKNOWN STEP	2026-09-24T20:32:40.0484115Z   Using cached pydantic_core-2.46.5-cp312-cp312-manylinux_2_17_x86_64.manylinux2014_x86_64.whl.metadata (6.6 kB)
lint + type check + tests (py3.12)	UNKNOWN STEP	2026-09-24T20:32:40.0627060Z Collecting typing-inspection>=0.4.2 (from pydantic>=2.7.0->gold-ai==0.2.0)
lint + type check + tests (py3.12)	UNKNOWN STEP	2026-09-24T20:32:40.0638481Z   Using cached typing_inspection-0.4.4-py3-none-any.whl.metadata (2.6 kB)
lint + type check + tests (py3.12)	UNKNOWN STEP	2026-09-24T20:32:40.0818555Z Collecting python-dotenv>=0.21.0 (from pydantic-settings>=2.3.0->gold-ai==0.2.0)
lint + type check + tests (py3.12)	UNKNOWN STEP	2026-09-24T20:32:40.0829868Z   Using cached python_dotenv-1.2.3-py3-none-any.whl.metadata (29 kB)
lint + type check + tests (py3.12)	UNKNOWN STEP	2026-09-24T20:32:40.0990884Z Collecting iniconfig>=1.0.1 (from pytest>=8.2.0->gold-ai==0.2.0)
lint + type check + tests (py3.12)	UNKNOWN STEP	2026-09-24T20:32:40.1002853Z   Using cached iniconfig-2.3.0-py3-none-any.whl.metadata (2.5 kB)
lint + type check + tests (py3.12)	UNKNOWN STEP	2026-09-24T20:32:40.1156449Z Collecting packaging>=22 (from pytest>=8.2.0->gold-ai==0.2.0)
lint + type check + tests (py3.12)	UNKNOWN STEP	2026-09-24T20:32:40.1168113Z   Using cached packaging-26.3-py3-none-any.whl.metadata (3.5 kB)
lint + type check + tests (py3.12)	UNKNOWN STEP	2026-09-24T20:32:40.1307624Z Collecting pluggy<2,>=1.5 (from pytest>=8.2.0->gold-ai==0.2.0)
lint + type check + tests (py3.12)	UNKNOWN STEP	2026-09-24T20:32:40.1319286Z   Using cached pluggy-1.6.0-py3-none-any.whl.metadata (4.8 kB)
lint + type check + tests (py3.12)	UNKNOWN STEP	2026-09-24T20:32:40.1507239Z Collecting pygments>=2.7.2 (from pytest>=8.2.0->gold-ai==0.2.0)
lint + type check + tests (py3.12)	UNKNOWN STEP	2026-09-24T20:32:40.1518623Z   Using cached pygments-2.21.0-py3-none-any.whl.metadata (2.5 kB)
lint + type check + tests (py3.12)	UNKNOWN STEP	2026-09-24T20:32:40.3360737Z Collecting charset_normalizer<4,>=2 (from requests>=2.22.0->akshare>=1.14.0->gold-ai==0.2.0)
lint + type check + tests (py3.12)	UNKNOWN STEP	2026-09-24T20:32:40.3376812Z   Using cached charset_normalizer-3.5.1-cp312-cp312-manylinux2014_x86_64.manylinux_2_17_x86_64.manylinux_2_28_x86_64.whl.metadata (45 kB)
lint + type check + tests (py3.12)	UNKNOWN STEP	2026-09-24T20:32:40.4612936Z Collecting scipy>=1.10.0 (from scikit-learn>=1.4->gold-ai==0.2.0)
lint + type check + tests (py3.12)	UNKNOWN STEP	2026-09-24T20:32:40.4627341Z   Using cached scipy-1.18.1-cp312-cp312-manylinux_2_27_x86_64.manylinux_2_28_x86_64.whl.metadata (62 kB)
lint + type check + tests (py3.12)	UNKNOWN STEP	2026-09-24T20:32:40.4940087Z Collecting joblib>=1.4.0 (from scikit-learn>=1.4->gold-ai==0.2.0)
lint + type check + tests (py3.12)	UNKNOWN STEP	2026-09-24T20:32:40.4954256Z   Using cached joblib-1.6.0-py3-none-any.whl.metadata (6.5 kB)
lint + type check + tests (py3.12)	UNKNOWN STEP	2026-09-24T20:32:40.5283237Z Collecting narwhals>=2.0.1 (from scikit-learn>=1.4->gold-ai==0.2.0)
lint + type check + tests (py3.12)	UNKNOWN STEP	2026-09-24T20:32:40.5297882Z   Using cached narwhals-2.26.0-py3-none-any.whl.metadata (15 kB)
lint + type check + tests (py3.12)	UNKNOWN STEP	2026-09-24T20:32:40.5451927Z Collecting threadpoolctl>=3.5.0 (from scikit-learn>=1.4->gold-ai==0.2.0)
lint + type check + tests (py3.12)	UNKNOWN STEP	2026-09-24T20:32:40.5466048Z   Using cached threadpoolctl-3.7.0-py3-none-any.whl.metadata (24 kB)
lint + type check + tests (py3.12)	UNKNOWN STEP	2026-09-24T20:32:40.5635681Z Collecting cloudpickle>=3.0 (from joblib>=1.4.0->scikit-learn>=1.4->gold-ai==0.2.0)
lint + type check + tests (py3.12)	UNKNOWN STEP	2026-09-24T20:32:40.5648056Z   Using cached cloudpickle-3.1.2-py3-none-any.whl.metadata (7.1 kB)
lint + type check + tests (py3.12)	UNKNOWN STEP	2026-09-24T20:32:40.6275755Z Collecting MarkupSafe>=2.0 (from Mako->alembic>=1.13.1->gold-ai==0.2.0)
lint + type check + tests (py3.12)	UNKNOWN STEP	2026-09-24T20:32:40.6290168Z   Using cached markupsafe-3.0.3-cp312-cp312-manylinux2014_x86_64.manylinux_2_17_x86_64.manylinux_2_28_x86_64.whl.metadata (2.7 kB)
lint + type check + tests (py3.12)	UNKNOWN STEP	2026-09-24T20:32:40.6351695Z Using cached ruff-0.16.7-py3-none-manylinux_2_17_x86_64.manylinux2014_x86_64.whl (10.4 MB)
lint + type check + tests (py3.12)	UNKNOWN STEP	2026-09-24T20:32:40.6399600Z Using cached aiohttp-3.14.3-cp312-cp312-manylinux2014_x86_64.manylinux_2_17_x86_64.manylinux_2_28_x86_64.whl (1.8 MB)
lint + type check + tests (py3.12)	UNKNOWN STEP	2026-09-24T20:32:40.6417911Z Using cached multidict-6.9.1-cp312-cp312-manylinux2014_x86_64.manylinux_2_17_x86_64.manylinux_2_28_x86_64.whl (336 kB)
lint + type check + tests (py3.12)	UNKNOWN STEP	2026-09-24T20:32:40.6430688Z Using cached yarl-1.25.1-cp312-cp312-manylinux2014_x86_64.manylinux_2_17_x86_64.manylinux_2_28_x86_64.whl (117 kB)
lint + type check + tests (py3.12)	UNKNOWN STEP	2026-09-24T20:32:40.6442280Z Using cached aiohappyeyeballs-2.7.1-py3-none-any.whl (15 kB)
lint + type check + tests (py3.12)	UNKNOWN STEP	2026-09-24T20:32:40.6453568Z Using cached aiosignal-1.4.0-py3-none-any.whl (7.5 kB)
lint + type check + tests (py3.12)	UNKNOWN STEP	2026-09-24T20:32:40.6465285Z Using cached akshare-1.18.97-py3-none-any.whl (1.3 MB)
lint + type check + tests (py3.12)	UNKNOWN STEP	2026-09-24T20:32:40.6480507Z Using cached akracer-0.0.14-py3-none-any.whl (10.1 MB)
lint + type check + tests (py3.12)	UNKNOWN STEP	2026-09-24T20:32:40.6525949Z Using cached alembic-1.20.0-py3-none-any.whl (268 kB)
lint + type check + tests (py3.12)	UNKNOWN STEP	2026-09-24T20:32:40.6538262Z Using cached attrs-26.1.0-py3-none-any.whl (67 kB)
lint + type check + tests (py3.12)	UNKNOWN STEP	2026-09-24T20:32:40.6552741Z Using cached beautifulsoup4-4.15.0-py3-none-any.whl (109 kB)
lint + type check + tests (py3.12)	UNKNOWN STEP	2026-09-24T20:32:40.6564588Z Using cached curl_cffi-0.16.3-cp310-abi3-manylinux2014_x86_64.manylinux_2_17_x86_64.whl (13.5 MB)
lint + type check + tests (py3.12)	UNKNOWN STEP	2026-09-24T20:32:40.6619800Z Using cached certifi-2026.7.22-py3-none-any.whl (136 kB)
lint + type check + tests (py3.12)	UNKNOWN STEP	2026-09-24T20:32:40.6631436Z Using cached cffi-2.1.1-cp312-cp312-manylinux2014_x86_64.manylinux_2_17_x86_64.whl (221 kB)
lint + type check + tests (py3.12)	UNKNOWN STEP	2026-09-24T20:32:40.6643014Z Using cached dbnomics-1.2.7-py3-none-any.whl (32 kB)
lint + type check + tests (py3.12)	UNKNOWN STEP	2026-09-24T20:32:40.6653865Z Using cached decorator-5.3.1-py3-none-any.whl (10 kB)
lint + type check + tests (py3.12)	UNKNOWN STEP	2026-09-24T20:32:40.6665130Z Using cached feedparser-6.0.14-py3-none-any.whl (80 kB)
lint + type check + tests (py3.12)	UNKNOWN STEP	2026-09-24T20:32:40.6676424Z Using cached feedparser_sgmllib-2.1.0-py3-none-any.whl (11 kB)
lint + type check + tests (py3.12)	UNKNOWN STEP	2026-09-24T20:32:40.6688083Z Using cached frozenlist-1.8.0-cp312-cp312-manylinux1_x86_64.manylinux_2_28_x86_64.manylinux_2_5_x86_64.whl (242 kB)
lint + type check + tests (py3.12)	UNKNOWN STEP	2026-09-24T20:32:40.6699892Z Using cached html5lib-1.1-py2.py3-none-any.whl (112 kB)
lint + type check + tests (py3.12)	UNKNOWN STEP	2026-09-24T20:32:40.6711462Z Using cached httpx-0.28.1-py3-none-any.whl (73 kB)
lint + type check + tests (py3.12)	UNKNOWN STEP	2026-09-24T20:32:40.6722864Z Using cached httpcore-1.0.9-py3-none-any.whl (78 kB)
lint + type check + tests (py3.12)	UNKNOWN STEP	2026-09-24T20:32:40.6734177Z Using cached h11-0.16.0-py3-none-any.whl (37 kB)
lint + type check + tests (py3.12)	UNKNOWN STEP	2026-09-24T20:32:40.6745394Z Using cached idna-3.20-py3-none-any.whl (69 kB)
lint + type check + tests (py3.12)	UNKNOWN STEP	2026-09-24T20:32:40.6757547Z Using cached lxml-6.1.3-cp312-cp312-manylinux_2_26_x86_64.manylinux_2_28_x86_64.whl (5.2 MB)
lint + type check + tests (py3.12)	UNKNOWN STEP	2026-09-24T20:32:40.6786721Z Using cached mypy-2.3.1-cp312-cp312-manylinux2014_x86_64.manylinux_2_17_x86_64.manylinux_2_28_x86_64.whl (15.3 MB)
lint + type check + tests (py3.12)	UNKNOWN STEP	2026-09-24T20:32:40.6856110Z Using cached ast_serialize-0.11.2-cp39-abi3-manylinux_2_17_x86_64.manylinux2014_x86_64.whl (1.3 MB)
lint + type check + tests (py3.12)	UNKNOWN STEP	2026-09-24T20:32:40.6872018Z Using cached librt-0.15.0-cp312-cp312-manylinux2014_x86_64.manylinux_2_17_x86_64.manylinux_2_28_x86_64.whl (531 kB)
lint + type check + tests (py3.12)	UNKNOWN STEP	2026-09-24T20:32:40.6885457Z Using cached mypy_extensions-1.1.0-py3-none-any.whl (5.0 kB)
lint + type check + tests (py3.12)	UNKNOWN STEP	2026-09-24T20:32:40.6896856Z Using cached numpy-2.5.3-cp312-cp312-manylinux_2_27_x86_64.manylinux_2_28_x86_64.whl (16.7 MB)
lint + type check + tests (py3.12)	UNKNOWN STEP	2026-09-24T20:32:40.6964343Z Using cached openpyxl-3.1.5-py2.py3-none-any.whl (250 kB)
lint + type check + tests (py3.12)	UNKNOWN STEP	2026-09-24T20:32:40.6976642Z Using cached pandas-3.0.6-cp312-cp312-manylinux_2_24_x86_64.manylinux_2_28_x86_64.whl (10.8 MB)
lint + type check + tests (py3.12)	UNKNOWN STEP	2026-09-24T20:32:40.7023535Z Using cached pathspec-1.1.1-py3-none-any.whl (57 kB)
lint + type check + tests (py3.12)	UNKNOWN STEP	2026-09-24T20:32:40.7035816Z Using cached propcache-0.5.4-cp312-cp312-manylinux2014_x86_64.manylinux_2_17_x86_64.manylinux_2_28_x86_64.whl (250 kB)
lint + type check + tests (py3.12)	UNKNOWN STEP	2026-09-24T20:32:40.7047696Z Using cached psycopg-3.3.6-py3-none-any.whl (215 kB)
lint + type check + tests (py3.12)	UNKNOWN STEP	2026-09-24T20:32:40.7059952Z Using cached psycopg_binary-3.3.6-cp312-cp312-manylinux2014_x86_64.manylinux_2_17_x86_64.whl (5.2 MB)
lint + type check + tests (py3.12)	UNKNOWN STEP	2026-09-24T20:32:40.7089337Z Using cached py_mini_racer-0.6.0-py2.py3-none-manylinux1_x86_64.whl (5.4 MB)
lint + type check + tests (py3.12)	UNKNOWN STEP	2026-09-24T20:32:40.7119091Z Using cached pydantic-2.13.5-py3-none-any.whl (472 kB)
lint + type check + tests (py3.12)	UNKNOWN STEP	2026-09-24T20:32:40.7132301Z Using cached pydantic_core-2.46.5-cp312-cp312-manylinux_2_17_x86_64.manylinux2014_x86_64.whl (2.1 MB)
lint + type check + tests (py3.12)	UNKNOWN STEP	2026-09-24T20:32:40.7150162Z Using cached annotated_types-0.8.0-py3-none-any.whl (13 kB)
lint + type check + tests (py3.12)	UNKNOWN STEP	2026-09-24T20:32:40.7161702Z Using cached pydantic_settings-2.15.0-py3-none-any.whl (69 kB)
lint + type check + tests (py3.12)	UNKNOWN STEP	2026-09-24T20:32:40.7173071Z Using cached pytest-9.1.1-py3-none-any.whl (386 kB)
lint + type check + tests (py3.12)	UNKNOWN STEP	2026-09-24T20:32:40.7185638Z Using cached pluggy-1.6.0-py3-none-any.whl (20 kB)
lint + type check + tests (py3.12)	UNKNOWN STEP	2026-09-24T20:32:40.7196959Z Using cached iniconfig-2.3.0-py3-none-any.whl (7.5 kB)
lint + type check + tests (py3.12)	UNKNOWN STEP	2026-09-24T20:32:40.7208208Z Using cached packaging-26.3-py3-none-any.whl (129 kB)
lint + type check + tests (py3.12)	UNKNOWN STEP	2026-09-24T20:32:40.7220016Z Using cached pygments-2.21.0-py3-none-any.whl (1.3 MB)
lint + type check + tests (py3.12)	UNKNOWN STEP	2026-09-24T20:32:40.7237309Z Using cached pytest_asyncio-1.4.0-py3-none-any.whl (16 kB)
lint + type check + tests (py3.12)	UNKNOWN STEP	2026-09-24T20:32:40.7249639Z Using cached python_dateutil-2.9.0.post0-py2.py3-none-any.whl (229 kB)
lint + type check + tests (py3.12)	UNKNOWN STEP	2026-09-24T20:32:40.7262134Z Using cached python_dotenv-1.2.3-py3-none-any.whl (22 kB)
lint + type check + tests (py3.12)	UNKNOWN STEP	2026-09-24T20:32:40.7274004Z Using cached pyyaml-6.0.3-cp312-cp312-manylinux2014_x86_64.manylinux_2_17_x86_64.manylinux_2_28_x86_64.whl (807 kB)
lint + type check + tests (py3.12)	UNKNOWN STEP	2026-09-24T20:32:40.7287940Z Using cached requests-2.34.2-py3-none-any.whl (73 kB)
lint + type check + tests (py3.12)	UNKNOWN STEP	2026-09-24T20:32:40.7299978Z Using cached charset_normalizer-3.5.1-cp312-cp312-manylinux2014_x86_64.manylinux_2_17_x86_64.manylinux_2_28_x86_64.whl (248 kB)
lint + type check + tests (py3.12)	UNKNOWN STEP	2026-09-24T20:32:40.7311730Z Using cached urllib3-2.8.0-py3-none-any.whl (135 kB)
lint + type check + tests (py3.12)	UNKNOWN STEP	2026-09-24T20:32:40.7324618Z Using cached scikit_learn-1.9.1-cp312-cp312-manylinux_2_27_x86_64.manylinux_2_28_x86_64.whl (9.2 MB)
lint + type check + tests (py3.12)	UNKNOWN STEP	2026-09-24T20:32:40.7365978Z Using cached joblib-1.6.0-py3-none-any.whl (306 kB)
lint + type check + tests (py3.12)	UNKNOWN STEP	2026-09-24T20:32:40.7378301Z Using cached cloudpickle-3.1.2-py3-none-any.whl (22 kB)
lint + type check + tests (py3.12)	UNKNOWN STEP	2026-09-24T20:32:40.7390080Z Using cached narwhals-2.26.0-py3-none-any.whl (474 kB)
lint + type check + tests (py3.12)	UNKNOWN STEP	2026-09-24T20:32:40.7404875Z Using cached scipy-1.18.1-cp312-cp312-manylinux_2_27_x86_64.manylinux_2_28_x86_64.whl (35.3 MB)
lint + type check + tests (py3.12)	UNKNOWN STEP	2026-09-24T20:32:40.7537490Z Using cached six-1.17.0-py2.py3-none-any.whl (11 kB)
lint + type check + tests (py3.12)	UNKNOWN STEP	2026-09-24T20:32:40.7620675Z Downloading soupsieve-2.10-py3-none-any.whl (38 kB)
lint + type check + tests (py3.12)	UNKNOWN STEP	2026-09-24T20:32:40.7655162Z Using cached tabulate-0.10.0-py3-none-any.whl (39 kB)
lint + type check + tests (py3.12)	UNKNOWN STEP	2026-09-24T20:32:40.7666770Z Using cached tenacity-9.1.4-py3-none-any.whl (28 kB)
lint + type check + tests (py3.12)	UNKNOWN STEP	2026-09-24T20:32:40.7678482Z Using cached threadpoolctl-3.7.0-py3-none-any.whl (26 kB)
lint + type check + tests (py3.12)	UNKNOWN STEP	2026-09-24T20:32:40.7689893Z Using cached tqdm-4.70.1-py3-none-any.whl (80 kB)
lint + type check + tests (py3.12)	UNKNOWN STEP	2026-09-24T20:32:40.7702042Z Using cached typing_extensions-4.16.0-py3-none-any.whl (45 kB)
lint + type check + tests (py3.12)	UNKNOWN STEP	2026-09-24T20:32:40.7713544Z Using cached typing_inspection-0.4.4-py3-none-any.whl (14 kB)
lint + type check + tests (py3.12)	UNKNOWN STEP	2026-09-24T20:32:40.7725124Z Using cached tzdata-2026.4-py2.py3-none-any.whl (347 kB)
lint + type check + tests (py3.12)	UNKNOWN STEP	2026-09-24T20:32:40.7737850Z Using cached xlrd-2.0.2-py2.py3-none-any.whl (96 kB)
lint + type check + tests (py3.12)	UNKNOWN STEP	2026-09-24T20:32:40.7749424Z Using cached anyio-4.15.1-py3-none-any.whl (132 kB)
lint + type check + tests (py3.12)	UNKNOWN STEP	2026-09-24T20:32:40.7761141Z Using cached et_xmlfile-2.0.0-py3-none-any.whl (18 kB)
lint + type check + tests (py3.12)	UNKNOWN STEP	2026-09-24T20:32:40.7854531Z Downloading mako-1.4.3-py3-none-any.whl (80 kB)
lint + type check + tests (py3.12)	UNKNOWN STEP	2026-09-24T20:32:40.7889195Z Using cached markupsafe-3.0.3-cp312-cp312-manylinux2014_x86_64.manylinux_2_17_x86_64.manylinux_2_28_x86_64.whl (22 kB)
lint + type check + tests (py3.12)	UNKNOWN STEP	2026-09-24T20:32:40.7900492Z Using cached pycparser-3.0-py3-none-any.whl (48 kB)
lint + type check + tests (py3.12)	UNKNOWN STEP	2026-09-24T20:32:40.7912673Z Using cached webencodings-0.6.1-py3-none-any.whl (8.7 kB)
lint + type check + tests (py3.12)	UNKNOWN STEP	2026-09-24T20:32:41.1568751Z Building wheels for collected packages: gold-ai, sqlalchemy
lint + type check + tests (py3.12)	UNKNOWN STEP	2026-09-24T20:32:41.1577886Z   Building editable for gold-ai (pyproject.toml): started
lint + type check + tests (py3.12)	UNKNOWN STEP	2026-09-24T20:32:41.4036415Z   Building editable for gold-ai (pyproject.toml): finished with status 'done'
lint + type check + tests (py3.12)	UNKNOWN STEP	2026-09-24T20:32:41.4042442Z   Created wheel for gold-ai: filename=gold_ai-0.2.0-0.editable-py3-none-any.whl size=68588 sha256=b6c35fd68788b692e33a01508838aaf17cd2110df1ea14b717638f641bd70052
lint + type check + tests (py3.12)	UNKNOWN STEP	2026-09-24T20:32:41.4044081Z   Stored in directory: /tmp/pip-ephem-wheel-cache-74gebzpl/wheels/e6/b2/79/260e634f5201a46369fad58b586d93074710c71323ec6ce468
lint + type check + tests (py3.12)	UNKNOWN STEP	2026-09-24T20:32:41.4139798Z   Building wheel for sqlalchemy (pyproject.toml): started
lint + type check + tests (py3.12)	UNKNOWN STEP	2026-09-24T20:33:11.5856802Z   Building wheel for sqlalchemy (pyproject.toml): finished with status 'done'
lint + type check + tests (py3.12)	UNKNOWN STEP	2026-09-24T20:33:11.5902654Z   Created wheel for sqlalchemy: filename=sqlalchemy-2.1.0-cp312-cp312-linux_x86_64.whl size=4593346 sha256=33c95d84c44a668a3561c76aa46cf2b50464ddcea9b79dd17cee5358b67fa42f
lint + type check + tests (py3.12)	UNKNOWN STEP	2026-09-24T20:33:11.5904699Z   Stored in directory: /home/runner/.cache/pip/wheels/ce/91/4d/7b2742a675134bd51370491b900fc56809e066726cd020f61b
lint + type check + tests (py3.12)	UNKNOWN STEP	2026-09-24T20:33:11.5943562Z Successfully built gold-ai sqlalchemy
lint + type check + tests (py3.12)	UNKNOWN STEP	2026-09-24T20:33:11.7839001Z Installing collected packages: py-mini-racer, jsonpath, jieba, xlrd, webencodings, urllib3, tzdata, typing_extensions, tqdm, threadpoolctl, tenacity, tabulate, soupsieve, six, ruff, PyYAML, python-dotenv, pygments, pycparser, psycopg-binary, propcache, pluggy, pathspec, packaging, numpy, narwhals, mypy_extensions, multidict, MarkupSafe, lxml, librt, iniconfig, idna, h11, frozenlist, feedparser-sgmllib, et-xmlfile, decorator, cloudpickle, charset_normalizer, certifi, attrs, ast-serialize, annotated-types, akracer, aiohappyeyeballs, yarl, typing-inspection, sqlalchemy, scipy, requests, python-dateutil, pytest, pydantic-core, psycopg, openpyxl, mypy, Mako, joblib, httpcore, html5lib, feedparser, cffi, beautifulsoup4, anyio, aiosignal, scikit-learn, pytest-asyncio, pydantic, pandas, httpx, curl_cffi, alembic, aiohttp, pydantic-settings, dbnomics, akshare, gold-ai
lint + type check + tests (py3.12)	UNKNOWN STEP	2026-09-24T20:33:36.2503187Z 
lint + type check + tests (py3.12)	UNKNOWN STEP	2026-09-24T20:33:36.2562447Z Successfully installed Mako-1.4.3 MarkupSafe-3.0.3 PyYAML-6.0.3 aiohappyeyeballs-2.7.1 aiohttp-3.14.3 aiosignal-1.4.0 akracer-0.0.14 akshare-1.18.97 alembic-1.20.0 annotated-types-0.8.0 anyio-4.15.1 ast-serialize-0.11.2 attrs-26.1.0 beautifulsoup4-4.15.0 certifi-2026.7.22 cffi-2.1.1 charset_normalizer-3.5.1 cloudpickle-3.1.2 curl_cffi-0.16.3 dbnomics-1.2.7 decorator-5.3.1 et-xmlfile-2.0.0 feedparser-6.0.14 feedparser-sgmllib-2.1.0 frozenlist-1.8.0 gold-ai-0.2.0 h11-0.16.0 html5lib-1.1 httpcore-1.0.9 httpx-0.28.1 idna-3.20 iniconfig-2.3.0 jieba-0.42.1 joblib-1.6.0 jsonpath-0.82.2 librt-0.15.0 lxml-6.1.3 multidict-6.9.1 mypy-2.3.1 mypy_extensions-1.1.0 narwhals-2.26.0 numpy-2.5.3 openpyxl-3.1.5 packaging-26.3 pandas-3.0.6 pathspec-1.1.1 pluggy-1.6.0 propcache-0.5.4 psycopg-3.3.6 psycopg-binary-3.3.6 py-mini-racer-0.6.0 pycparser-3.0 pydantic-2.13.5 pydantic-core-2.46.5 pydantic-settings-2.15.0 pygments-2.21.0 pytest-9.1.1 pytest-asyncio-1.4.0 python-dateutil-2.9.0.post0 python-dotenv-1.2.3 requests-2.34.2 ruff-0.16.7 scikit-learn-1.9.1 scipy-1.18.1 six-1.17.0 soupsieve-2.10 sqlalchemy-2.1.0 tabulate-0.10.0 tenacity-9.1.4 threadpoolctl-3.7.0 tqdm-4.70.1 typing-inspection-0.4.4 typing_extensions-4.16.0 tzdata-2026.4 urllib3-2.8.0 webencodings-0.6.1 xlrd-2.0.2 yarl-1.25.1
lint + type check + tests (py3.12)	UNKNOWN STEP	2026-09-24T20:33:36.7973085Z ##[group]Run python -m ruff check .
lint + type check + tests (py3.12)	UNKNOWN STEP	2026-09-24T20:33:36.7973433Z ^[[36;1mpython -m ruff check .^[[0m
lint + type check + tests (py3.12)	UNKNOWN STEP	2026-09-24T20:33:36.8047211Z shell: /usr/bin/bash -e {0}
lint + type check + tests (py3.12)	UNKNOWN STEP	2026-09-24T20:33:36.8047491Z env:
lint + type check + tests (py3.12)	UNKNOWN STEP	2026-09-24T20:33:36.8047782Z   pythonLocation: /opt/hostedtoolcache/Python/3.12.14/x64
lint + type check + tests (py3.12)	UNKNOWN STEP	2026-09-24T20:33:36.8048245Z   PKG_CONFIG_PATH: /opt/hostedtoolcache/Python/3.12.14/x64/lib/pkgconfig
lint + type check + tests (py3.12)	UNKNOWN STEP	2026-09-24T20:33:36.8048675Z   Python_ROOT_DIR: /opt/hostedtoolcache/Python/3.12.14/x64
lint + type check + tests (py3.12)	UNKNOWN STEP	2026-09-24T20:33:36.8049068Z   Python2_ROOT_DIR: /opt/hostedtoolcache/Python/3.12.14/x64
lint + type check + tests (py3.12)	UNKNOWN STEP	2026-09-24T20:33:36.8049459Z   Python3_ROOT_DIR: /opt/hostedtoolcache/Python/3.12.14/x64
lint + type check + tests (py3.12)	UNKNOWN STEP	2026-09-24T20:33:36.8049850Z   LD_LIBRARY_PATH: /opt/hostedtoolcache/Python/3.12.14/x64/lib
lint + type check + tests (py3.12)	UNKNOWN STEP	2026-09-24T20:33:36.8050183Z ##[endgroup]
lint + type check + tests (py3.12)	UNKNOWN STEP	2026-09-24T20:33:36.9416190Z All checks passed!
lint + type check + tests (py3.12)	UNKNOWN STEP	2026-09-24T20:33:36.9459913Z ##[group]Run python -m mypy
lint + type check + tests (py3.12)	UNKNOWN STEP	2026-09-24T20:33:36.9460237Z ^[[36;1mpython -m mypy^[[0m
lint + type check + tests (py3.12)	UNKNOWN STEP	2026-09-24T20:33:36.9534634Z shell: /usr/bin/bash -e {0}
lint + type check + tests (py3.12)	UNKNOWN STEP	2026-09-24T20:33:36.9534912Z env:
lint + type check + tests (py3.12)	UNKNOWN STEP	2026-09-24T20:33:36.9535200Z   pythonLocation: /opt/hostedtoolcache/Python/3.12.14/x64
lint + type check + tests (py3.12)	UNKNOWN STEP	2026-09-24T20:33:36.9535659Z   PKG_CONFIG_PATH: /opt/hostedtoolcache/Python/3.12.14/x64/lib/pkgconfig
lint + type check + tests (py3.12)	UNKNOWN STEP	2026-09-24T20:33:36.9536096Z   Python_ROOT_DIR: /opt/hostedtoolcache/Python/3.12.14/x64
lint + type check + tests (py3.12)	UNKNOWN STEP	2026-09-24T20:33:36.9536489Z   Python2_ROOT_DIR: /opt/hostedtoolcache/Python/3.12.14/x64
lint + type check + tests (py3.12)	UNKNOWN STEP	2026-09-24T20:33:36.9536875Z   Python3_ROOT_DIR: /opt/hostedtoolcache/Python/3.12.14/x64
lint + type check + tests (py3.12)	UNKNOWN STEP	2026-09-24T20:33:36.9537258Z   LD_LIBRARY_PATH: /opt/hostedtoolcache/Python/3.12.14/x64/lib
lint + type check + tests (py3.12)	UNKNOWN STEP	2026-09-24T20:33:36.9537590Z ##[endgroup]
lint + type check + tests (py3.12)	UNKNOWN STEP	2026-09-24T20:33:53.5494092Z Success: no issues found in 183 source files
lint + type check + tests (py3.12)	UNKNOWN STEP	2026-09-24T20:33:53.5917250Z ##[group]Run python -m pytest -q
lint + type check + tests (py3.12)	UNKNOWN STEP	2026-09-24T20:33:53.5917586Z ^[[36;1mpython -m pytest -q^[[0m
lint + type check + tests (py3.12)	UNKNOWN STEP	2026-09-24T20:33:53.5989764Z shell: /usr/bin/bash -e {0}
lint + type check + tests (py3.12)	UNKNOWN STEP	2026-09-24T20:33:53.5990029Z env:
lint + type check + tests (py3.12)	UNKNOWN STEP	2026-09-24T20:33:53.5990528Z   pythonLocation: /opt/hostedtoolcache/Python/3.12.14/x64
lint + type check + tests (py3.12)	UNKNOWN STEP	2026-09-24T20:33:53.5991226Z   PKG_CONFIG_PATH: /opt/hostedtoolcache/Python/3.12.14/x64/lib/pkgconfig
lint + type check + tests (py3.12)	UNKNOWN STEP	2026-09-24T20:33:53.5991680Z   Python_ROOT_DIR: /opt/hostedtoolcache/Python/3.12.14/x64
lint + type check + tests (py3.12)	UNKNOWN STEP	2026-09-24T20:33:53.5992076Z   Python2_ROOT_DIR: /opt/hostedtoolcache/Python/3.12.14/x64
lint + type check + tests (py3.12)	UNKNOWN STEP	2026-09-24T20:33:53.5992468Z   Python3_ROOT_DIR: /opt/hostedtoolcache/Python/3.12.14/x64
lint + type check + tests (py3.12)	UNKNOWN STEP	2026-09-24T20:33:53.5992845Z   LD_LIBRARY_PATH: /opt/hostedtoolcache/Python/3.12.14/x64/lib
lint + type check + tests (py3.12)	UNKNOWN STEP	2026-09-24T20:33:53.5993187Z ##[endgroup]
lint + type check + tests (py3.12)	UNKNOWN STEP	2026-09-24T20:34:14.7601310Z ........................................................................ [  1%]
lint + type check + tests (py3.12)	UNKNOWN STEP	2026-09-24T20:34:23.9741978Z ........................................................................ [  3%]
lint + type check + tests (py3.12)	UNKNOWN STEP	2026-09-24T20:35:11.1046154Z ........................................................................ [  5%]
lint + type check + tests (py3.12)	UNKNOWN STEP	2026-09-24T20:35:25.4941947Z ........................................................................ [  7%]
lint + type check + tests (py3.12)	UNKNOWN STEP	2026-09-24T20:35:35.1388243Z ........................................................................ [  9%]
lint + type check + tests (py3.12)	UNKNOWN STEP	2026-09-24T20:35:43.9511761Z ........................................................................ [ 11%]
lint + type check + tests (py3.12)	UNKNOWN STEP	2026-09-24T20:35:52.4552105Z ........................................................................ [ 13%]
lint + type check + tests (py3.12)	UNKNOWN STEP	2026-09-24T20:35:55.6939828Z ........................................................................ [ 14%]
lint + type check + tests (py3.12)	UNKNOWN STEP	2026-09-24T20:36:08.5593253Z ........................................................................ [ 16%]
lint + type check + tests (py3.12)	UNKNOWN STEP	2026-09-24T20:36:17.6469431Z ................F......F..............F............F.....F.............. [ 18%]
lint + type check + tests (py3.12)	UNKNOWN STEP	2026-09-24T20:36:28.1909790Z ................F....................................................... [ 20%]
lint + type check + tests (py3.12)	UNKNOWN STEP	2026-09-24T20:36:29.4499422Z ........................................................................ [ 22%]
lint + type check + tests (py3.12)	UNKNOWN STEP	2026-09-24T20:36:30.0345459Z ........................................................................ [ 24%]
lint + type check + tests (py3.12)	UNKNOWN STEP	2026-09-24T20:36:30.7228770Z ........................................................................ [ 26%]
lint + type check + tests (py3.12)	UNKNOWN STEP	2026-09-24T20:36:30.9216341Z ........................................................................ [ 28%]
lint + type check + tests (py3.12)	UNKNOWN STEP	2026-09-24T20:36:31.2516551Z ............................................s........................... [ 29%]
lint + type check + tests (py3.12)	UNKNOWN STEP	2026-09-24T20:36:31.4956385Z ........................................................................ [ 31%]
lint + type check + tests (py3.12)	UNKNOWN STEP	2026-09-24T20:36:32.3149835Z ........................................................................ [ 33%]
lint + type check + tests (py3.12)	UNKNOWN STEP	2026-09-24T20:36:32.5303866Z ........................................................................ [ 35%]
lint + type check + tests (py3.12)	UNKNOWN STEP	2026-09-24T20:36:32.7755538Z ........................................................................ [ 37%]
lint + type check + tests (py3.12)	UNKNOWN STEP	2026-09-24T20:36:32.8497660Z ........................................................................ [ 39%]
lint + type check + tests (py3.12)	UNKNOWN STEP	2026-09-24T20:36:32.9322043Z ........................................................................ [ 41%]
lint + type check + tests (py3.12)	UNKNOWN STEP	2026-09-24T20:36:32.9956245Z ........................................................................ [ 43%]
lint + type check + tests (py3.12)	UNKNOWN STEP	2026-09-24T20:36:35.7503738Z ........................................................................ [ 44%]
lint + type check + tests (py3.12)	UNKNOWN STEP	2026-09-24T20:36:37.4450676Z ........................................................................ [ 46%]
lint + type check + tests (py3.12)	UNKNOWN STEP	2026-09-24T20:36:37.7370102Z ........................................................................ [ 48%]
lint + type check + tests (py3.12)	UNKNOWN STEP	2026-09-24T20:36:38.0377779Z ........................................................................ [ 50%]
lint + type check + tests (py3.12)	UNKNOWN STEP	2026-09-24T20:36:38.4258484Z ........................................................................ [ 52%]
lint + type check + tests (py3.12)	UNKNOWN STEP	2026-09-24T20:36:38.9003811Z ........................................................................ [ 54%]
lint + type check + tests (py3.12)	UNKNOWN STEP	2026-09-24T20:36:39.2381584Z ........................................................................ [ 56%]
lint + type check + tests (py3.12)	UNKNOWN STEP	2026-09-24T20:36:40.7920800Z ........................................................................ [ 58%]
lint + type check + tests (py3.12)	UNKNOWN STEP	2026-09-24T20:36:42.6326541Z ........................................................................ [ 59%]
lint + type check + tests (py3.12)	UNKNOWN STEP	2026-09-24T20:36:42.9099905Z ........................................................................ [ 61%]
lint + type check + tests (py3.12)	UNKNOWN STEP	2026-09-24T20:36:43.5408584Z ........................................................................ [ 63%]
lint + type check + tests (py3.12)	UNKNOWN STEP	2026-09-24T20:36:44.5844648Z ........................................................................ [ 65%]
lint + type check + tests (py3.12)	UNKNOWN STEP	2026-09-24T20:36:44.7288856Z ........................................................................ [ 67%]
lint + type check + tests (py3.12)	UNKNOWN STEP	2026-09-24T20:36:44.9568361Z ........................................................................ [ 69%]
lint + type check + tests (py3.12)	UNKNOWN STEP	2026-09-24T20:36:45.1796048Z ........................................................................ [ 71%]
lint + type check + tests (py3.12)	UNKNOWN STEP	2026-09-24T20:36:46.4040629Z ........................................................................ [ 73%]
lint + type check + tests (py3.12)	UNKNOWN STEP	2026-09-24T20:36:46.5525612Z ........................................................................ [ 74%]
lint + type check + tests (py3.12)	UNKNOWN STEP	2026-09-24T20:36:46.7831540Z ........................................................................ [ 76%]
lint + type check + tests (py3.12)	UNKNOWN STEP	2026-09-24T20:36:46.8846474Z ........................................................................ [ 78%]
lint + type check + tests (py3.12)	UNKNOWN STEP	2026-09-24T20:36:47.0782101Z ........................................................................ [ 80%]
lint + type check + tests (py3.12)	UNKNOWN STEP	2026-09-24T20:36:47.1441634Z ........................................................................ [ 82%]
lint + type check + tests (py3.12)	UNKNOWN STEP	2026-09-24T20:36:47.2280883Z ........................................................................ [ 84%]
lint + type check + tests (py3.12)	UNKNOWN STEP	2026-09-24T20:37:00.7170819Z ........................................................................ [ 86%]
lint + type check + tests (py3.12)	UNKNOWN STEP	2026-09-24T20:37:01.8883956Z ..................s..................................................... [ 88%]
lint + type check + tests (py3.12)	UNKNOWN STEP	2026-09-24T20:37:02.1126663Z ........................................................................ [ 89%]
lint + type check + tests (py3.12)	UNKNOWN STEP	2026-09-24T20:37:02.2693697Z ........................................................................ [ 91%]
lint + type check + tests (py3.12)	UNKNOWN STEP	2026-09-24T20:37:02.6830438Z ........................................................................ [ 93%]
lint + type check + tests (py3.12)	UNKNOWN STEP	2026-09-24T20:37:02.9315034Z ........................................................................ [ 95%]
lint + type check + tests (py3.12)	UNKNOWN STEP	2026-09-24T20:37:02.9964358Z ........................................................................ [ 97%]
lint + type check + tests (py3.12)	UNKNOWN STEP	2026-09-24T20:37:04.0190809Z .....................................................s.................. [ 99%]
lint + type check + tests (py3.12)	UNKNOWN STEP	2026-09-24T20:37:04.8351892Z ..........................                                               [100%]
lint + type check + tests (py3.12)	UNKNOWN STEP	2026-09-24T20:37:04.8352588Z =================================== FAILURES ===================================
lint + type check + tests (py3.12)	UNKNOWN STEP	2026-09-24T20:37:04.8353320Z ____________ test_phase33_blocker_and_trading_invariants_unchanged _____________
lint + type check + tests (py3.12)	UNKNOWN STEP	2026-09-24T20:37:04.8353812Z 
lint + type check + tests (py3.12)	UNKNOWN STEP	2026-09-24T20:37:04.8354159Z     def test_phase33_blocker_and_trading_invariants_unchanged() -> None:
lint + type check + tests (py3.12)	UNKNOWN STEP	2026-09-24T20:37:04.8354888Z         state = json.loads(PROJECT_STATE.read_text(encoding="utf-8"))
lint + type check + tests (py3.12)	UNKNOWN STEP	2026-09-24T20:37:04.8355469Z     
lint + type check + tests (py3.12)	UNKNOWN STEP	2026-09-24T20:37:04.8355785Z         assert state["phase"] == "Phase 3"
lint + type check + tests (py3.12)	UNKNOWN STEP	2026-09-24T20:37:04.8356197Z     
lint + type check + tests (py3.12)	UNKNOWN STEP	2026-09-24T20:37:04.8356510Z         assert state["status"] == "BLOCKED"
lint + type check + tests (py3.12)	UNKNOWN STEP	2026-09-24T20:37:04.8356806Z     
lint + type check + tests (py3.12)	UNKNOWN STEP	2026-09-24T20:37:04.8357143Z         assert "PHASE3_3_DATA" in [blocker["code"] for blocker in state["blockers"]]
lint + type check + tests (py3.12)	UNKNOWN STEP	2026-09-24T20:37:04.8357529Z     
lint + type check + tests (py3.12)	UNKNOWN STEP	2026-09-24T20:37:04.8357774Z         assert "LIVE_TRADING=false" in state["invariants"]
lint + type check + tests (py3.12)	UNKNOWN STEP	2026-09-24T20:37:04.8358093Z     
lint + type check + tests (py3.12)	UNKNOWN STEP	2026-09-24T20:37:04.8358400Z         assert "ALLOW_EXTERNAL_ORDER_SUBMISSION=false" in state["invariants"]
lint + type check + tests (py3.12)	UNKNOWN STEP	2026-09-24T20:37:04.8358761Z     
lint + type check + tests (py3.12)	UNKNOWN STEP	2026-09-24T20:37:04.8358976Z >       assert state["queue_status"] == "ACTIVE"
lint + type check + tests (py3.12)	UNKNOWN STEP	2026-09-24T20:37:04.8359306Z E       AssertionError: assert 'BLOCKED' == 'ACTIVE'
lint + type check + tests (py3.12)	UNKNOWN STEP	2026-09-24T20:37:04.8359604Z E         
lint + type check + tests (py3.12)	UNKNOWN STEP	2026-09-24T20:37:04.8359801Z E         - ACTIVE
lint + type check + tests (py3.12)	UNKNOWN STEP	2026-09-24T20:37:04.8360009Z E         + BLOCKED
lint + type check + tests (py3.12)	UNKNOWN STEP	2026-09-24T20:37:04.8360137Z 
lint + type check + tests (py3.12)	UNKNOWN STEP	2026-09-24T20:37:04.8360795Z tests/integration/test_result_terminal_canary_regression.py:398: AssertionError
lint + type check + tests (py3.12)	UNKNOWN STEP	2026-09-24T20:37:04.8361504Z ____________ test_phase33_blocker_and_trading_invariants_unchanged _____________
lint + type check + tests (py3.12)	UNKNOWN STEP	2026-09-24T20:37:04.8361804Z 
lint + type check + tests (py3.12)	UNKNOWN STEP	2026-09-24T20:37:04.8362256Z     def test_phase33_blocker_and_trading_invariants_unchanged() -> None:
lint + type check + tests (py3.12)	UNKNOWN STEP	2026-09-24T20:37:04.8362825Z         for payload in result_payloads().values():
lint + type check + tests (py3.12)	UNKNOWN STEP	2026-09-24T20:37:04.8363197Z             terminal.analyze_result_terminal_consistency(payload)
lint + type check + tests (py3.12)	UNKNOWN STEP	2026-09-24T20:37:04.8363523Z     
lint + type check + tests (py3.12)	UNKNOWN STEP	2026-09-24T20:37:04.8363804Z         state = json.loads(PROJECT_STATE.read_text(encoding="utf-8"))
lint + type check + tests (py3.12)	UNKNOWN STEP	2026-09-24T20:37:04.8364134Z     
lint + type check + tests (py3.12)	UNKNOWN STEP	2026-09-24T20:37:04.8364341Z         assert state["phase"] == "Phase 3"
lint + type check + tests (py3.12)	UNKNOWN STEP	2026-09-24T20:37:04.8364635Z         assert state["status"] == "BLOCKED"
lint + type check + tests (py3.12)	UNKNOWN STEP	2026-09-24T20:37:04.8365040Z         assert "PHASE3_3_DATA" in [blocker["code"] for blocker in state["blockers"]]
lint + type check + tests (py3.12)	UNKNOWN STEP	2026-09-24T20:37:04.8365476Z         assert "LIVE_TRADING=false" in state["invariants"]
lint + type check + tests (py3.12)	UNKNOWN STEP	2026-09-24T20:37:04.8365900Z         assert "ALLOW_EXTERNAL_ORDER_SUBMISSION=false" in state["invariants"]
lint + type check + tests (py3.12)	UNKNOWN STEP	2026-09-24T20:37:04.8366299Z >       assert state["queue_status"] == "ACTIVE"
lint + type check + tests (py3.12)	UNKNOWN STEP	2026-09-24T20:37:04.8366630Z E       AssertionError: assert 'BLOCKED' == 'ACTIVE'
lint + type check + tests (py3.12)	UNKNOWN STEP	2026-09-24T20:37:04.8366927Z E         
lint + type check + tests (py3.12)	UNKNOWN STEP	2026-09-24T20:37:04.8367120Z E         - ACTIVE
lint + type check + tests (py3.12)	UNKNOWN STEP	2026-09-24T20:37:04.8367329Z E         + BLOCKED
lint + type check + tests (py3.12)	UNKNOWN STEP	2026-09-24T20:37:04.8367456Z 
lint + type check + tests (py3.12)	UNKNOWN STEP	2026-09-24T20:37:04.8367697Z tests/integration/test_result_terminal_consistency_regression.py:327: AssertionError
lint + type check + tests (py3.12)	UNKNOWN STEP	2026-09-24T20:37:04.8368217Z ____________ test_phase33_blocker_and_trading_invariants_unchanged _____________
lint + type check + tests (py3.12)	UNKNOWN STEP	2026-09-24T20:37:04.8368506Z 
lint + type check + tests (py3.12)	UNKNOWN STEP	2026-09-24T20:37:04.8368697Z     def test_phase33_blocker_and_trading_invariants_unchanged() -> None:
lint + type check + tests (py3.12)	UNKNOWN STEP	2026-09-24T20:37:04.8369068Z         build_manifest()
lint + type check + tests (py3.12)	UNKNOWN STEP	2026-09-24T20:37:04.8369295Z     
lint + type check + tests (py3.12)	UNKNOWN STEP	2026-09-24T20:37:04.8369562Z         state = json.loads(PROJECT_STATE.read_text(encoding="utf-8"))
lint + type check + tests (py3.12)	UNKNOWN STEP	2026-09-24T20:37:04.8369897Z     
lint + type check + tests (py3.12)	UNKNOWN STEP	2026-09-24T20:37:04.8370107Z         assert state["phase"] == "Phase 3"
lint + type check + tests (py3.12)	UNKNOWN STEP	2026-09-24T20:37:04.8370398Z         assert state["status"] == "BLOCKED"
lint + type check + tests (py3.12)	UNKNOWN STEP	2026-09-24T20:37:04.8370786Z         assert "PHASE3_3_DATA" in [blocker["code"] for blocker in state["blockers"]]
lint + type check + tests (py3.12)	UNKNOWN STEP	2026-09-24T20:37:04.8371445Z         assert "LIVE_TRADING=false" in state["invariants"]
lint + type check + tests (py3.12)	UNKNOWN STEP	2026-09-24T20:37:04.8371870Z         assert "ALLOW_EXTERNAL_ORDER_SUBMISSION=false" in state["invariants"]
lint + type check + tests (py3.12)	UNKNOWN STEP	2026-09-24T20:37:04.8372273Z >       assert state["queue_status"] == "ACTIVE"
lint + type check + tests (py3.12)	UNKNOWN STEP	2026-09-24T20:37:04.8372596Z E       AssertionError: assert 'BLOCKED' == 'ACTIVE'
lint + type check + tests (py3.12)	UNKNOWN STEP	2026-09-24T20:37:04.8372883Z E         
lint + type check + tests (py3.12)	UNKNOWN STEP	2026-09-24T20:37:04.8373075Z E         - ACTIVE
lint + type check + tests (py3.12)	UNKNOWN STEP	2026-09-24T20:37:04.8373286Z E         + BLOCKED
lint + type check + tests (py3.12)	UNKNOWN STEP	2026-09-24T20:37:04.8373405Z 
lint + type check + tests (py3.12)	UNKNOWN STEP	2026-09-24T20:37:04.8373614Z tests/integration/test_review_binding_regression.py:326: AssertionError
lint + type check + tests (py3.12)	UNKNOWN STEP	2026-09-24T20:37:04.8374106Z __________ test_real_repo_matching_candidate_is_ready_and_zero_write ___________
lint + type check + tests (py3.12)	UNKNOWN STEP	2026-09-24T20:37:04.8374404Z 
lint + type check + tests (py3.12)	UNKNOWN STEP	2026-09-24T20:37:04.8374605Z     def test_real_repo_matching_candidate_is_ready_and_zero_write() -> None:
lint + type check + tests (py3.12)	UNKNOWN STEP	2026-09-24T20:37:04.8374999Z         before = repo_snapshot()
lint + type check + tests (py3.12)	UNKNOWN STEP	2026-09-24T20:37:04.8375236Z     
lint + type check + tests (py3.12)	UNKNOWN STEP	2026-09-24T20:37:04.8375446Z         candidate = make_candidate(
lint + type check + tests (py3.12)	UNKNOWN STEP	2026-09-24T20:37:04.8375735Z             project_state=consistent_state(),
lint + type check + tests (py3.12)	UNKNOWN STEP	2026-09-24T20:37:04.8376039Z             review_ledger=load_review_ledger(),
lint + type check + tests (py3.12)	UNKNOWN STEP	2026-09-24T20:37:04.8376312Z         )
lint + type check + tests (py3.12)	UNKNOWN STEP	2026-09-24T20:37:04.8376497Z     
lint + type check + tests (py3.12)	UNKNOWN STEP	2026-09-24T20:37:04.8376699Z         payload = run_light(candidate)
lint + type check + tests (py3.12)	UNKNOWN STEP	2026-09-24T20:37:04.8376960Z     
lint + type check + tests (py3.12)	UNKNOWN STEP	2026-09-24T20:37:04.8377167Z >       assert payload["reason_codes"] == []
lint + type check + tests (py3.12)	UNKNOWN STEP	2026-09-24T20:37:04.8377527Z E       AssertionError: assert ['CANDIDATE_S...OINTER_DRIFT'] == []
lint + type check + tests (py3.12)	UNKNOWN STEP	2026-09-24T20:37:04.8377878Z E         
lint + type check + tests (py3.12)	UNKNOWN STEP	2026-09-24T20:37:04.8378169Z E         Left contains one more item: 'CANDIDATE_STATE_POINTER_DRIFT'
lint + type check + tests (py3.12)	UNKNOWN STEP	2026-09-24T20:37:04.8378517Z E         
lint + type check + tests (py3.12)	UNKNOWN STEP	2026-09-24T20:37:04.8378712Z E         Full diff:
lint + type check + tests (py3.12)	UNKNOWN STEP	2026-09-24T20:37:04.8378923Z E         - []
lint + type check + tests (py3.12)	UNKNOWN STEP	2026-09-24T20:37:04.8379122Z E         + [
lint + type check + tests (py3.12)	UNKNOWN STEP	2026-09-24T20:37:04.8379502Z E         +     'CANDIDATE_STATE_POINTER_DRIFT',
lint + type check + tests (py3.12)	UNKNOWN STEP	2026-09-24T20:37:04.8379782Z E         + ]
lint + type check + tests (py3.12)	UNKNOWN STEP	2026-09-24T20:37:04.8379898Z 
lint + type check + tests (py3.12)	UNKNOWN STEP	2026-09-24T20:37:04.8380147Z tests/integration/test_review_closure_precondition_regression.py:289: AssertionError
lint + type check + tests (py3.12)	UNKNOWN STEP	2026-09-24T20:37:04.8380812Z ______________ test_real_repo_cli_temp_file_candidate_zero_write _______________
lint + type check + tests (py3.12)	UNKNOWN STEP	2026-09-24T20:37:04.8381223Z 
lint + type check + tests (py3.12)	UNKNOWN STEP	2026-09-24T20:37:04.8381477Z tmp_path = PosixPath('/tmp/pytest-of-runner/pytest-0/test_real_repo_cli_temp_file_c0')
lint + type check + tests (py3.12)	UNKNOWN STEP	2026-09-24T20:37:04.8381992Z capsys = <_pytest.capture.CaptureFixture object at 0x7f0a4f7e4a70>
lint + type check + tests (py3.12)	UNKNOWN STEP	2026-09-24T20:37:04.8382266Z 
lint + type check + tests (py3.12)	UNKNOWN STEP	2026-09-24T20:37:04.8382411Z     def test_real_repo_cli_temp_file_candidate_zero_write(
lint + type check + tests (py3.12)	UNKNOWN STEP	2026-09-24T20:37:04.8382749Z         tmp_path: Path, capsys: Any
lint + type check + tests (py3.12)	UNKNOWN STEP	2026-09-24T20:37:04.8383000Z     ) -> None:
lint + type check + tests (py3.12)	UNKNOWN STEP	2026-09-24T20:37:04.8383218Z         before = repo_snapshot()
lint + type check + tests (py3.12)	UNKNOWN STEP	2026-09-24T20:37:04.8383457Z     
lint + type check + tests (py3.12)	UNKNOWN STEP	2026-09-24T20:37:04.8383725Z         candidate_path = tmp_path / "closure-candidate.json"
lint + type check + tests (py3.12)	UNKNOWN STEP	2026-09-24T20:37:04.8384070Z     
lint + type check + tests (py3.12)	UNKNOWN STEP	2026-09-24T20:37:04.8384272Z         candidate_path.write_text(
lint + type check + tests (py3.12)	UNKNOWN STEP	2026-09-24T20:37:04.8384542Z             json.dumps(
lint + type check + tests (py3.12)	UNKNOWN STEP	2026-09-24T20:37:04.8384772Z                 make_candidate(
lint + type check + tests (py3.12)	UNKNOWN STEP	2026-09-24T20:37:04.8385065Z                     project_state=consistent_state(),
lint + type check + tests (py3.12)	UNKNOWN STEP	2026-09-24T20:37:04.8385378Z                     review_ledger=load_review_ledger(),
lint + type check + tests (py3.12)	UNKNOWN STEP	2026-09-24T20:37:04.8385656Z                 )
lint + type check + tests (py3.12)	UNKNOWN STEP	2026-09-24T20:37:04.8385861Z             ),
lint + type check + tests (py3.12)	UNKNOWN STEP	2026-09-24T20:37:04.8386070Z             encoding="utf-8",
lint + type check + tests (py3.12)	UNKNOWN STEP	2026-09-24T20:37:04.8386305Z         )
lint + type check + tests (py3.12)	UNKNOWN STEP	2026-09-24T20:37:04.8386491Z     
lint + type check + tests (py3.12)	UNKNOWN STEP	2026-09-24T20:37:04.8386698Z         exit_code = precondition.main(
lint + type check + tests (py3.12)	UNKNOWN STEP	2026-09-24T20:37:04.8386961Z             [
lint + type check + tests (py3.12)	UNKNOWN STEP	2026-09-24T20:37:04.8387166Z                 "--root",
lint + type check + tests (py3.12)	UNKNOWN STEP	2026-09-24T20:37:04.8387398Z                 str(REPO_ROOT),
lint + type check + tests (py3.12)	UNKNOWN STEP	2026-09-24T20:37:04.8387643Z                 "--candidate",
lint + type check + tests (py3.12)	UNKNOWN STEP	2026-09-24T20:37:04.8387887Z                 str(candidate_path),
lint + type check + tests (py3.12)	UNKNOWN STEP	2026-09-24T20:37:04.8388156Z                 "--generated-at",
lint + type check + tests (py3.12)	UNKNOWN STEP	2026-09-24T20:37:04.8388408Z                 AUDIT_TIME,
lint + type check + tests (py3.12)	UNKNOWN STEP	2026-09-24T20:37:04.8388643Z                 "--as-of",
lint + type check + tests (py3.12)	UNKNOWN STEP	2026-09-24T20:37:04.8388868Z                 AUDIT_TIME,
lint + type check + tests (py3.12)	UNKNOWN STEP	2026-09-24T20:37:04.8389087Z             ]
lint + type check + tests (py3.12)	UNKNOWN STEP	2026-09-24T20:37:04.8389279Z         )
lint + type check + tests (py3.12)	UNKNOWN STEP	2026-09-24T20:37:04.8389457Z     
lint + type check + tests (py3.12)	UNKNOWN STEP	2026-09-24T20:37:04.8389662Z         captured = capsys.readouterr()
lint + type check + tests (py3.12)	UNKNOWN STEP	2026-09-24T20:37:04.8389918Z     
lint + type check + tests (py3.12)	UNKNOWN STEP	2026-09-24T20:37:04.8390119Z         payload = json.loads(captured.out)
lint + type check + tests (py3.12)	UNKNOWN STEP	2026-09-24T20:37:04.8390385Z     
lint + type check + tests (py3.12)	UNKNOWN STEP	2026-09-24T20:37:04.8390598Z >       assert exit_code == precondition.EXIT_OK
lint + type check + tests (py3.12)	UNKNOWN STEP	2026-09-24T20:37:04.8390889Z E       assert 2 == 0
lint + type check + tests (py3.12)	UNKNOWN STEP	2026-09-24T20:37:04.8391269Z E        +  where 0 = precondition.EXIT_OK
lint + type check + tests (py3.12)	UNKNOWN STEP	2026-09-24T20:37:04.8391444Z 
lint + type check + tests (py3.12)	UNKNOWN STEP	2026-09-24T20:37:04.8391698Z tests/integration/test_review_closure_precondition_regression.py:465: AssertionError
lint + type check + tests (py3.12)	UNKNOWN STEP	2026-09-24T20:37:04.8392225Z ____________ test_phase33_blocker_and_trading_invariants_unchanged _____________
lint + type check + tests (py3.12)	UNKNOWN STEP	2026-09-24T20:37:04.8392521Z 
lint + type check + tests (py3.12)	UNKNOWN STEP	2026-09-24T20:37:04.8392718Z     def test_phase33_blocker_and_trading_invariants_unchanged() -> None:
lint + type check + tests (py3.12)	UNKNOWN STEP	2026-09-24T20:37:04.8393106Z         build_report()
lint + type check + tests (py3.12)	UNKNOWN STEP	2026-09-24T20:37:04.8393317Z     
lint + type check + tests (py3.12)	UNKNOWN STEP	2026-09-24T20:37:04.8393582Z         state = json.loads(PROJECT_STATE.read_text(encoding="utf-8"))
lint + type check + tests (py3.12)	UNKNOWN STEP	2026-09-24T20:37:04.8393922Z     
lint + type check + tests (py3.12)	UNKNOWN STEP	2026-09-24T20:37:04.8394122Z         assert state["phase"] == "Phase 3"
lint + type check + tests (py3.12)	UNKNOWN STEP	2026-09-24T20:37:04.8394408Z         assert state["status"] == "BLOCKED"
lint + type check + tests (py3.12)	UNKNOWN STEP	2026-09-24T20:37:04.8394801Z         assert "PHASE3_3_DATA" in [blocker["code"] for blocker in state["blockers"]]
lint + type check + tests (py3.12)	UNKNOWN STEP	2026-09-24T20:37:04.8395258Z         assert "LIVE_TRADING=false" in state["invariants"]
lint + type check + tests (py3.12)	UNKNOWN STEP	2026-09-24T20:37:04.8395688Z         assert "ALLOW_EXTERNAL_ORDER_SUBMISSION=false" in state["invariants"]
lint + type check + tests (py3.12)	UNKNOWN STEP	2026-09-24T20:37:04.8396092Z >       assert state["queue_status"] == "ACTIVE"
lint + type check + tests (py3.12)	UNKNOWN STEP	2026-09-24T20:37:04.8396414Z E       AssertionError: assert 'BLOCKED' == 'ACTIVE'
lint + type check + tests (py3.12)	UNKNOWN STEP	2026-09-24T20:37:04.8396699Z E         
lint + type check + tests (py3.12)	UNKNOWN STEP	2026-09-24T20:37:04.8396894Z E         - ACTIVE
lint + type check + tests (py3.12)	UNKNOWN STEP	2026-09-24T20:37:04.8397106Z E         + BLOCKED
lint + type check + tests (py3.12)	UNKNOWN STEP	2026-09-24T20:37:04.8397373Z 
lint + type check + tests (py3.12)	UNKNOWN STEP	2026-09-24T20:37:04.8397609Z tests/integration/test_review_ledger_integrity_regression.py:312: AssertionError
lint + type check + tests (py3.12)	UNKNOWN STEP	2026-09-24T20:37:04.8398068Z =========================== short test summary info ============================
lint + type check + tests (py3.12)	UNKNOWN STEP	2026-09-24T20:37:04.8399051Z SKIPPED [1] tests/unit/test_ai_orchestrator_recovery_state_machine.py:1154: tasklist 鍙湪 Windows 涓婂瓨鍦?lint + type check + tests (py3.12)	UNKNOWN STEP	2026-09-24T20:37:04.8399816Z SKIPPED [1] tests/unit/test_prompt_opinion.py:313: 璇勬祴璇枡 logs/annotation_sample.csv 涓嶅瓨鍦紙logs/ 涓嶅叆搴擄級
lint + type check + tests (py3.12)	UNKNOWN STEP	2026-09-24T20:37:04.8400657Z SKIPPED [1] tests/unit/test_text_similarity.py:79: 鏈幆澧冨凡瀹夎 jieba锛岃烦杩囨湭瀹夎鍒嗘敮
lint + type check + tests (py3.12)	UNKNOWN STEP	2026-09-24T20:37:04.8401700Z FAILED tests/integration/test_result_terminal_canary_regression.py::test_phase33_blocker_and_trading_invariants_unchanged - AssertionError: assert 'BLOCKED' == 'ACTIVE'
lint + type check + tests (py3.12)	UNKNOWN STEP	2026-09-24T20:37:04.8402393Z   
lint + type check + tests (py3.12)	UNKNOWN STEP	2026-09-24T20:37:04.8402591Z   - ACTIVE
lint + type check + tests (py3.12)	UNKNOWN STEP	2026-09-24T20:37:04.8402783Z   + BLOCKED
lint + type check + tests (py3.12)	UNKNOWN STEP	2026-09-24T20:37:04.8403439Z FAILED tests/integration/test_result_terminal_consistency_regression.py::test_phase33_blocker_and_trading_invariants_unchanged - AssertionError: assert 'BLOCKED' == 'ACTIVE'
lint + type check + tests (py3.12)	UNKNOWN STEP	2026-09-24T20:37:04.8404130Z   
lint + type check + tests (py3.12)	UNKNOWN STEP	2026-09-24T20:37:04.8404306Z   - ACTIVE
lint + type check + tests (py3.12)	UNKNOWN STEP	2026-09-24T20:37:04.8404487Z   + BLOCKED
lint + type check + tests (py3.12)	UNKNOWN STEP	2026-09-24T20:37:04.8405083Z FAILED tests/integration/test_review_binding_regression.py::test_phase33_blocker_and_trading_invariants_unchanged - AssertionError: assert 'BLOCKED' == 'ACTIVE'
lint + type check + tests (py3.12)	UNKNOWN STEP	2026-09-24T20:37:04.8405732Z   
lint + type check + tests (py3.12)	UNKNOWN STEP	2026-09-24T20:37:04.8405912Z   - ACTIVE
lint + type check + tests (py3.12)	UNKNOWN STEP	2026-09-24T20:37:04.8406102Z   + BLOCKED
lint + type check + tests (py3.12)	UNKNOWN STEP	2026-09-24T20:37:04.8406795Z FAILED tests/integration/test_review_closure_precondition_regression.py::test_real_repo_matching_candidate_is_ready_and_zero_write - AssertionError: assert ['CANDIDATE_S...OINTER_DRIFT'] == []
lint + type check + tests (py3.12)	UNKNOWN STEP	2026-09-24T20:37:04.8407542Z   
lint + type check + tests (py3.12)	UNKNOWN STEP	2026-09-24T20:37:04.8407808Z   Left contains one more item: 'CANDIDATE_STATE_POINTER_DRIFT'
lint + type check + tests (py3.12)	UNKNOWN STEP	2026-09-24T20:37:04.8408141Z   
lint + type check + tests (py3.12)	UNKNOWN STEP	2026-09-24T20:37:04.8408323Z   Full diff:
lint + type check + tests (py3.12)	UNKNOWN STEP	2026-09-24T20:37:04.8408516Z   - []
lint + type check + tests (py3.12)	UNKNOWN STEP	2026-09-24T20:37:04.8408707Z   + [
lint + type check + tests (py3.12)	UNKNOWN STEP	2026-09-24T20:37:04.8408922Z   +     'CANDIDATE_STATE_POINTER_DRIFT',
lint + type check + tests (py3.12)	UNKNOWN STEP	2026-09-24T20:37:04.8409186Z   + ]
lint + type check + tests (py3.12)	UNKNOWN STEP	2026-09-24T20:37:04.8409697Z FAILED tests/integration/test_review_closure_precondition_regression.py::test_real_repo_cli_temp_file_candidate_zero_write - assert 2 == 0
lint + type check + tests (py3.12)	UNKNOWN STEP	2026-09-24T20:37:04.8410309Z  +  where 0 = precondition.EXIT_OK
lint + type check + tests (py3.12)	UNKNOWN STEP	2026-09-24T20:37:04.8411099Z FAILED tests/integration/test_review_ledger_integrity_regression.py::test_phase33_blocker_and_trading_invariants_unchanged - AssertionError: assert 'BLOCKED' == 'ACTIVE'
lint + type check + tests (py3.12)	UNKNOWN STEP	2026-09-24T20:37:04.8411776Z   
lint + type check + tests (py3.12)	UNKNOWN STEP	2026-09-24T20:37:04.8411953Z   - ACTIVE
lint + type check + tests (py3.12)	UNKNOWN STEP	2026-09-24T20:37:04.8412147Z   + BLOCKED
lint + type check + tests (py3.12)	UNKNOWN STEP	2026-09-24T20:37:04.8412388Z 6 failed, 3833 passed, 3 skipped in 189.14s (0:03:09)
lint + type check + tests (py3.12)	UNKNOWN STEP	2026-09-24T20:37:06.6076565Z ##[error]Process completed with exit code 1.
lint + type check + tests (py3.12)	UNKNOWN STEP	2026-09-24T20:37:06.6229364Z Post job cleanup.
lint + type check + tests (py3.12)	UNKNOWN STEP	2026-09-24T20:37:06.7127124Z [command]/usr/bin/git version
lint + type check + tests (py3.12)	UNKNOWN STEP	2026-09-24T20:37:06.7173962Z git version 2.55.0
lint + type check + tests (py3.12)	UNKNOWN STEP	2026-09-24T20:37:06.7212885Z Temporarily overriding HOME='/home/runner/work/_temp/057a4ff3-a68a-4317-93d3-c6e0ac7b93dd' before making global git config changes
lint + type check + tests (py3.12)	UNKNOWN STEP	2026-09-24T20:37:06.7214528Z Adding repository directory to the temporary git global config as a safe directory
lint + type check + tests (py3.12)	UNKNOWN STEP	2026-09-24T20:37:06.7219385Z [command]/usr/bin/git config --global --add safe.directory /home/runner/work/XAUUSD/XAUUSD
lint + type check + tests (py3.12)	UNKNOWN STEP	2026-09-24T20:37:06.7264613Z [command]/usr/bin/git config --local --name-only --get-regexp core\.sshCommand
lint + type check + tests (py3.12)	UNKNOWN STEP	2026-09-24T20:37:06.7303863Z [command]/usr/bin/git submodule foreach --recursive sh -c "git config --local --name-only --get-regexp 'core\.sshCommand' && git config --local --unset-all 'core.sshCommand' || :"
lint + type check + tests (py3.12)	UNKNOWN STEP	2026-09-24T20:37:06.7586080Z [command]/usr/bin/git config --local --name-only --get-regexp http\.https\:\/\/github\.com\/\.extraheader
lint + type check + tests (py3.12)	UNKNOWN STEP	2026-09-24T20:37:06.7614498Z http.https://github.com/.extraheader
lint + type check + tests (py3.12)	UNKNOWN STEP	2026-09-24T20:37:06.7626203Z [command]/usr/bin/git config --local --unset-all http.https://github.com/.extraheader
lint + type check + tests (py3.12)	UNKNOWN STEP	2026-09-24T20:37:06.7672087Z [command]/usr/bin/git submodule foreach --recursive sh -c "git config --local --name-only --get-regexp 'http\.https\:\/\/github\.com\/\.extraheader' && git config --local --unset-all 'http.https://github.com/.extraheader' || :"
lint + type check + tests (py3.12)	UNKNOWN STEP	2026-09-24T20:37:06.7948727Z [command]/usr/bin/git config --local --name-only --get-regexp ^includeIf\.gitdir:
lint + type check + tests (py3.12)	UNKNOWN STEP	2026-09-24T20:37:06.7989735Z [command]/usr/bin/git submodule foreach --recursive git config --local --show-origin --name-only --get-regexp remote.origin.url
lint + type check + tests (py3.12)	UNKNOWN STEP	2026-09-24T20:37:06.8457314Z Cleaning up orphan processes
lint + type check + tests (py3.12)	UNKNOWN STEP	2026-09-24T20:37:06.8802362Z ##[warning]Node.js 20 is deprecated. The following actions target Node.js 20 but are being forced to run on Node.js 24: actions/checkout@v4, actions/setup-python@v5. For more information see: https://github.blog/changelog/2025-09-19-deprecation-of-node-20-on-github-actions-runners/
